10-10 08:25:39.805   788  1083 D BtGatt.ScanManager: Start gattClientScanNative with old scanMode 1 new scanMode 0 ( in MS: 1400 / 140, in scan unit: 2240 / 224 ) [ScanClient scanModeApp 1 scanModeUsed 0 [appScanStats com.google.uid.shared:10112]]
10-10 08:25:39.807   788  1083 I bt_stack: [INFO:le_scanning_manager.cc(250)] SetScanParameters in shim layer
10-10 08:25:39.807   788  1083 I bt_stack: [INFO:le_scanning_manager.cc(154)] Scan in shim layer started
10-10 08:25:39.813   788  1090 I bluetooth: packages/modules/Bluetooth/system/gd/hci/le_scanning_manager.cc:659 stop_scan: Scanning already stopped, return!
10-10 08:25:39.813   788  1053 D BtGatt.GattService: onScanParamSetupCompleted : 0
10-10 08:25:39.817   788  1090 I bluetooth: packages/modules/Bluetooth/system/gd/hci/le_address_manager.cc:172 register_client: Scheduled address rotation for first client registered
10-10 08:25:39.817   788  1090 I bluetooth: packages/modules/Bluetooth/system/gd/hci/le_address_manager.cc:175 register_client: Client registered
10-10 08:25:41.703  4107  4150 I appium  : channel read: GET /session/b0d71319-92d5-46c0-be1d-fb9b21b2348e/screenshot
10-10 08:25:41.704  4107  4150 I appium  : CaptureScreenshot command
10-10 08:25:41.754  4800  4800 W ProcessState: Extra binder thread started, but 0 threads requested. Do not use *startThreadPool when zero threads are requested.
10-10 08:25:41.766   150   150 I hwservicemanager: getTransport: Cannot find entry android.hardware.graphics.mapper@4.0::IMapper/default in either framework or device VINTF manifest.
10-10 08:25:41.766  4800  4803 I Gralloc4: mapper 4.x is not supported
10-10 08:25:41.773  4800  4803 D HostConnection: HostComposition ext ANDROID_EMU_CHECKSUM_HELPER_v1 ANDROID_EMU_native_sync_v2 ANDROID_EMU_native_sync_v3 ANDROID_EMU_native_sync_v4 ANDROID_EMU_dma_v1 ANDROID_EMU_direct_mem ANDROID_EMU_host_composition_v1 ANDROID_EMU_host_composition_v2 ANDROID_EMU_vulkan ANDROID_EMU_deferred_vulkan_commands ANDROID_EMU_vulkan_null_optional_strings ANDROID_EMU_vulkan_create_resources_with_requirements ANDROID_EMU_YUV_Cache ANDROID_EMU_vulkan_ignored_handles ANDROID_EMU_has_shared_slots_host_memory_allocator ANDROID_EMU_vulkan_free_memory_sync ANDROID_EMU_vulkan_shader_float16_int8 ANDROID_EMU_vulkan_async_queue_submit ANDROID_EMU_vulkan_queue_submit_with_commands ANDROID_EMU_sync_buffer_data ANDROID_EMU_vulkan_async_qsri ANDROID_EMU_read_color_buffer_dma ANDROID_EMU_hwc_multi_configs GL_OES_EGL_image_external_essl3 GL_OES_vertex_array_object ANDROID_EMU_host_side_tracing ANDROID_EMU_gles_max_version_3_0
10-10 08:25:41.888  4107  4150 I appium  : AppiumResponse: {"sessionId":"b0d71319-92d5-46c0-be1d-fb9b21b2348e","value":"iVBORw0KGgoAAAANSUhEUgAABDgAAAkkCAYAAAD508+vAAAAAXNSR0IArs4c6QAAAARzQklUCAgICHwIZIgAACAASURBVHic7N1ZbyNbmu73Z0VwkiiSmodUKlPKoar23rW9u/rSF27Ahg1f9VXX5/BnOV+lrwwb5xy0DRgNFFDVVV1Ve8hBqdQ8i6Q4R8TyBRkhUiMlkRQl/X9A7q2BDAaVSq4VD9/1LvP73//eChgi1vI…
10-10 08:25:42.403   502  1105 D OomAdjuster: Not killing cached processes
10-10 08:25:42.895   502   627 D ConnectivityService: releasing NetworkRequest [ REQUEST id=118, [ Transports: CELLULAR Capabilities: INTERNET&NOT_RESTRICTED&TRUSTED&NOT_VPN&NOT_VCN_MANAGED Uid: 10120 RequestorUid: 10120 RequestorPkg: com.google.android.googlequicksearchbox UnderlyingNetworks: Null] ] (release request)
10-10 08:25:42.896   887   887 D BoundBrokerSvc: onUnbind: Intent { act=com.google.android.contextmanager.service.ContextManagerService.START pkg=com.google.android.gms }
10-10 08:25:42.896   502   627 I ConnectivityService: Update capabilities for net 100 : -FOREGROUND
10-10 08:25:42.899   297   297 I netd    : networkSetPermissionForNetwork(100, 1) <2.40ms>
10-10 08:25:43.023  4107  4150 I appium  : channel read: GET /session/b0d71319-92d5-46c0-be1d-fb9b21b2348e/source
10-10 08:25:43.024  4107  4150 I appium  : Source command
10-10 08:25:43.024  4107  4150 I appium  : Waiting up to 10000ms for the device to idle
10-10 08:25:43.033  4107  4150 I appium  : AppiumResponse: {"sessionId":"b0d71319-92d5-46c0-be1d-fb9b21b2348e","value":"<?xml version='1.0' encoding='UTF-8' standalone='yes' ?>\r\n<hierarchy index=\"0\" class=\"hierarchy\" rotation=\"0\" width=\"1080\" height=\"2138\">\r\n  <android.widget.FrameLayout index=\"0\" package=\"net.dvpay.app\" class=\"android.wi…
10-10 08:25:46.179   502  1105 D WifiNl80211Manager: Scan result ready event
10-10 08:25:46.179   502  1105 D WifiNative: Scan result ready event
10-10 08:25:46.751  4107  4150 I appium  : channel read: GET /session/b0d71319-92d5-46c0-be1d-fb9b21b2348e/screenshot
10-10 08:25:46.751  4107  4150 I appium  : CaptureScreenshot command
10-10 08:25:46.805  4813  4813 W ProcessState: Extra binder thread started, but 0 threads requested. Do not use *startThreadPool when zero threads are requested.
10-10 08:25:46.818   150   150 I hwservicemanager: getTransport: Cannot find entry android.hardware.graphics.mapper@4.0::IMapper/default in either framework or device VINTF manifest.
10-10 08:25:46.818  4813  4816 I Gralloc4: mapper 4.x is not supported
10-10 08:25:46.827  4813  4816 D HostConnection: HostComposition ext ANDROID_EMU_CHECKSUM_HELPER_v1 ANDROID_EMU_native_sync_v2 ANDROID_EMU_native_sync_v3 ANDROID_EMU_native_sync_v4 ANDROID_EMU_dma_v1 ANDROID_EMU_direct_mem ANDROID_EMU_host_composition_v1 ANDROID_EMU_host_composition_v2 ANDROID_EMU_vulkan ANDROID_EMU_deferred_vulkan_commands ANDROID_EMU_vulkan_null_optional_strings ANDROID_EMU_vulkan_create_resources_with_requirements ANDROID_EMU_YUV_Cache ANDROID_EMU_vulkan_ignored_handles ANDROID_EMU_has_shared_slots_host_memory_allocator ANDROID_EMU_vulkan_free_memory_sync ANDROID_EMU_vulkan_shader_float16_int8 ANDROID_EMU_vulkan_async_queue_submit ANDROID_EMU_vulkan_queue_submit_with_commands ANDROID_EMU_sync_buffer_data ANDROID_EMU_vulkan_async_qsri ANDROID_EMU_read_color_buffer_dma ANDROID_EMU_hwc_multi_configs GL_OES_EGL_image_external_essl3 GL_OES_vertex_array_object ANDROID_EMU_host_side_tracing ANDROID_EMU_gles_max_version_3_0
10-10 08:25:46.949  4107  4150 I appium  : AppiumResponse: {"sessionId":"b0d71319-92d5-46c0-be1d-fb9b21b2348e","value":"iVBORw0KGgoAAAANSUhEUgAABDgAAAkkCAYAAAD508+vAAAAAXNSR0IArs4c6QAAAARzQklUCAgICHwIZIgAACAASURBVHic7N1ZbyNbmu73Z0VwkiiSmodUKlPKoar23rW9u/rSF27Ahg1f9VXX5/BnOV+lrwwb5xy0DRgNFFDVVV1Ve8hBqdQ8i6Q4R8TyBRkhUiMlkRQl/X9A7q2BDAaVSq4VD9/1LvP73//eChgi1vI…
10-10 08:25:48.148  4107  4150 I appium  : channel read: GET /session/b0d71319-92d5-46c0-be1d-fb9b21b2348e/source
10-10 08:25:48.149  4107  4150 I appium  : Source command
10-10 08:25:48.149  4107  4150 I appium  : Waiting up to 10000ms for the device to idle
10-10 08:25:48.156  4107  4150 I appium  : AppiumResponse: {"sessionId":"b0d71319-92d5-46c0-be1d-fb9b21b2348e","value":"<?xml version='1.0' encoding='UTF-8' standalone='yes' ?>\r\n<hierarchy index=\"0\" class=\"hierarchy\" rotation=\"0\" width=\"1080\" height=\"2138\">\r\n  <android.widget.FrameLayout index=\"0\" package=\"net.dvpay.app\" class=\"android.wi…
10-10 08:25:48.422   502  1105 D OomAdjuster: Not killing cached processes
10-10 08:25:48.422   887   887 D BoundBrokerSvc: onUnbind: Intent { act=com.google.android.gms.semanticlocation.service.START_ODLH pkg=com.google.android.gms }
10-10 08:25:48.565  1564  1564 D BoundBrokerSvc: onUnbind: Intent { act=com.google.android.gms.wallet.service.BIND pkg=com.google.android.gms }
10-10 08:25:48.566   887   887 D BoundBrokerSvc: onUnbind: Intent { act=com.google.android.gms.phenotype.service.START pkg=com.google.android.gms }
10-10 08:25:48.762  1564  1564 D BoundBrokerSvc: onUnbind: Intent { act=com.google.android.gms.pay.service.BIND dat=chimera-action:/... cmp=com.google.android.gms/.chimera.GmsApiService }
10-10 08:25:51.356  4107  4150 I appium  : channel read: GET /session/b0d71319-92d5-46c0-be1d-fb9b21b2348e/screenshot
10-10 08:25:51.356  4107  4150 I appium  : CaptureScreenshot command
10-10 08:25:51.404  4825  4825 W ProcessState: Extra binder thread started, but 0 threads requested. Do not use *startThreadPool when zero threads are requested.
10-10 08:25:51.417   150   150 I hwservicemanager: getTransport: Cannot find entry android.hardware.graphics.mapper@4.0::IMapper/default in either framework or device VINTF manifest.
10-10 08:25:51.417  4825  4828 I Gralloc4: mapper 4.x is not supported
10-10 08:25:51.427  4825  4828 D HostConnection: HostComposition ext ANDROID_EMU_CHECKSUM_HELPER_v1 ANDROID_EMU_native_sync_v2 ANDROID_EMU_native_sync_v3 ANDROID_EMU_native_sync_v4 ANDROID_EMU_dma_v1 ANDROID_EMU_direct_mem ANDROID_EMU_host_composition_v1 ANDROID_EMU_host_composition_v2 ANDROID_EMU_vulkan ANDROID_EMU_deferred_vulkan_commands ANDROID_EMU_vulkan_null_optional_strings ANDROID_EMU_vulkan_create_resources_with_requirements ANDROID_EMU_YUV_Cache ANDROID_EMU_vulkan_ignored_handles ANDROID_EMU_has_shared_slots_host_memory_allocator ANDROID_EMU_vulkan_free_memory_sync ANDROID_EMU_vulkan_shader_float16_int8 ANDROID_EMU_vulkan_async_queue_submit ANDROID_EMU_vulkan_queue_submit_with_commands ANDROID_EMU_sync_buffer_data ANDROID_EMU_vulkan_async_qsri ANDROID_EMU_read_color_buffer_dma ANDROID_EMU_hwc_multi_configs GL_OES_EGL_image_external_essl3 GL_OES_vertex_array_object ANDROID_EMU_host_side_tracing ANDROID_EMU_gles_max_version_3_0
10-10 08:25:51.546  4107  4150 I appium  : AppiumResponse: {"sessionId":"b0d71319-92d5-46c0-be1d-fb9b21b2348e","value":"iVBORw0KGgoAAAANSUhEUgAABDgAAAkkCAYAAAD508+vAAAAAXNSR0IArs4c6QAAAARzQklUCAgICHwIZIgAACAASURBVHic7N1ZbyNbmu73Z0VwkiiSmodUKlPKoar23rW9u/rSF27Ahg1f9VXX5/BnOV+lrwwb5xy0DRgNFFDVVV1Ve8hBqdQ8i6Q4R8TyBRkhUiMlkRQl/X9A7q2BDAaVSq4VD9/1LvP73//eChgi1vI…
10-10 08:25:52.051  4107  4150 I appium  : channel read: GET /session/b0d71319-92d5-46c0-be1d-fb9b21b2348e/source
10-10 08:25:52.051  4107  4150 I appium  : Source command
10-10 08:25:52.051  4107  4150 I appium  : Waiting up to 10000ms for the device to idle
10-10 08:25:52.060  4107  4150 I appium  : AppiumResponse: {"sessionId":"b0d71319-92d5-46c0-be1d-fb9b21b2348e","value":"<?xml version='1.0' encoding='UTF-8' standalone='yes' ?>\r\n<hierarchy index=\"0\" class=\"hierarchy\" rotation=\"0\" width=\"1080\" height=\"2138\">\r\n  <android.widget.FrameLayout index=\"0\" package=\"net.dvpay.app\" class=\"android.wi…
10-10 08:25:52.630   297   297 I netd    : tetherGetStats() -> {[]} <0.45ms>
10-10 08:25:52.631   297   297 I netd    : bandwidthSetGlobalAlert(2097152) <0.08ms>
10-10 08:25:52.634   297   297 I netd    : bandwidthRemoveInterfaceQuota(eth0) <0.76ms>
10-10 08:25:52.635   297   297 I netd    : bandwidthSetInterfaceQuota(eth0, 9223372036854775807) <1.02ms>
10-10 08:25:53.509   502  2267 D OomAdjuster: Not killing cached processes
10-10 08:25:53.509   887   887 D BoundBrokerSvc: onUnbind: Intent { act=com.google.android.gms.clearcut.bootcount.service.START pkg=com.google.android.gms }
10-10 08:25:55.260  4107  4150 I appium  : channel read: GET /session/b0d71319-92d5-46c0-be1d-fb9b21b2348e/screenshot
10-10 08:25:55.260  4107  4150 I appium  : CaptureScreenshot command
10-10 08:25:55.314  4837  4837 W ProcessState: Extra binder thread started, but 0 threads requested. Do not use *startThreadPool when zero threads are requested.
10-10 08:25:55.326   150   150 I hwservicemanager: getTransport: Cannot find entry android.hardware.graphics.mapper@4.0::IMapper/default in either framework or device VINTF manifest.
10-10 08:25:55.326  4837  4840 I Gralloc4: mapper 4.x is not supported
10-10 08:25:55.334  4837  4840 D HostConnection: HostComposition ext ANDROID_EMU_CHECKSUM_HELPER_v1 ANDROID_EMU_native_sync_v2 ANDROID_EMU_native_sync_v3 ANDROID_EMU_native_sync_v4 ANDROID_EMU_dma_v1 ANDROID_EMU_direct_mem ANDROID_EMU_host_composition_v1 ANDROID_EMU_host_composition_v2 ANDROID_EMU_vulkan ANDROID_EMU_deferred_vulkan_commands ANDROID_EMU_vulkan_null_optional_strings ANDROID_EMU_vulkan_create_resources_with_requirements ANDROID_EMU_YUV_Cache ANDROID_EMU_vulkan_ignored_handles ANDROID_EMU_has_shared_slots_host_memory_allocator ANDROID_EMU_vulkan_free_memory_sync ANDROID_EMU_vulkan_shader_float16_int8 ANDROID_EMU_vulkan_async_queue_submit ANDROID_EMU_vulkan_queue_submit_with_commands ANDROID_EMU_sync_buffer_data ANDROID_EMU_vulkan_async_qsri ANDROID_EMU_read_color_buffer_dma ANDROID_EMU_hwc_multi_configs GL_OES_EGL_image_external_essl3 GL_OES_vertex_array_object ANDROID_EMU_host_side_tracing ANDROID_EMU_gles_max_version_3_0
10-10 08:25:55.469  4107  4150 I appium  : AppiumResponse: {"sessionId":"b0d71319-92d5-46c0-be1d-fb9b21b2348e","value":"iVBORw0KGgoAAAANSUhEUgAABDgAAAkkCAYAAAD508+vAAAAAXNSR0IArs4c6QAAAARzQklUCAgICHwIZIgAACAASURBVHic7N1ZbyNbmu73Z0VwkiiSmodUKlPKoar23rW9u/rSF27Ahg1f9VXX5/BnOV+lrwwb5xy0DRgNFFDVVV1Ve8hBqdQ8i6Q4R8TyBRkhUiMlkRQl/X9A7q2BDAaVSq4VD9/1LvP73//eChgi1vI…
10-10 08:25:55.957  4107  4150 I appium  : channel read: GET /session/b0d71319-92d5-46c0-be1d-fb9b21b2348e/source
10-10 08:25:55.957  4107  4150 I appium  : Source command
10-10 08:25:55.957  4107  4150 I appium  : Waiting up to 10000ms for the device to idle
10-10 08:25:55.966  4107  4150 I appium  : AppiumResponse: {"sessionId":"b0d71319-92d5-46c0-be1d-fb9b21b2348e","value":"<?xml version='1.0' encoding='UTF-8' standalone='yes' ?>\r\n<hierarchy index=\"0\" class=\"hierarchy\" rotation=\"0\" width=\"1080\" height=\"2138\">\r\n  <android.widget.FrameLayout index=\"0\" package=\"net.dvpay.app\" class=\"android.wi…
10-10 08:25:59.164  4107  4150 I appium  : channel read: GET /session/b0d71319-92d5-46c0-be1d-fb9b21b2348e/screenshot
10-10 08:25:59.165  4107  4150 I appium  : CaptureScreenshot command
10-10 08:25:59.205  4850  4850 W ProcessState: Extra binder thread started, but 0 threads requested. Do not use *startThreadPool when zero threads are requested.
10-10 08:25:59.217   150   150 I hwservicemanager: getTransport: Cannot find entry android.hardware.graphics.mapper@4.0::IMapper/default in either framework or device VINTF manifest.
10-10 08:25:59.217  4850  4853 I Gralloc4: mapper 4.x is not supported
10-10 08:25:59.227  4850  4853 D HostConnection: HostComposition ext ANDROID_EMU_CHECKSUM_HELPER_v1 ANDROID_EMU_native_sync_v2 ANDROID_EMU_native_sync_v3 ANDROID_EMU_native_sync_v4 ANDROID_EMU_dma_v1 ANDROID_EMU_direct_mem ANDROID_EMU_host_composition_v1 ANDROID_EMU_host_composition_v2 ANDROID_EMU_vulkan ANDROID_EMU_deferred_vulkan_commands ANDROID_EMU_vulkan_null_optional_strings ANDROID_EMU_vulkan_create_resources_with_requirements ANDROID_EMU_YUV_Cache ANDROID_EMU_vulkan_ignored_handles ANDROID_EMU_has_shared_slots_host_memory_allocator ANDROID_EMU_vulkan_free_memory_sync ANDROID_EMU_vulkan_shader_float16_int8 ANDROID_EMU_vulkan_async_queue_submit ANDROID_EMU_vulkan_queue_submit_with_commands ANDROID_EMU_sync_buffer_data ANDROID_EMU_vulkan_async_qsri ANDROID_EMU_read_color_buffer_dma ANDROID_EMU_hwc_multi_configs GL_OES_EGL_image_external_essl3 GL_OES_vertex_array_object ANDROID_EMU_host_side_tracing ANDROID_EMU_gles_max_version_3_0
10-10 08:25:59.382  4107  4150 I appium  : AppiumResponse: {"sessionId":"b0d71319-92d5-46c0-be1d-fb9b21b2348e","value":"iVBORw0KGgoAAAANSUhEUgAABDgAAAkkCAYAAAD508+vAAAAAXNSR0IArs4c6QAAAARzQklUCAgICHwIZIgAACAASURBVHic7N1ZbyNbmu73Z0VwkiiSmodUKlPKoar23rW9u/rSF27Ahg1f9VXX5/BnOV+lrwwb5xy0DRgNFFDVVV1Ve8hBqdQ8i6Q4R8TyBRkhUiMlkRQl/X9A7q2BDAaVSq4VD9/1LvP73//eChgi1vI…
10-10 08:26:00.063  1483  1726 I AiAiEcho: Predicting[0]:
10-10 08:26:00.063  1483  1726 I AiAiEcho: Ranked targets strategy: SORT, count: 0, ranking metadata:
10-10 08:26:00.063  1483  1726 I AiAiEcho: #postPredictionTargets: Sending updates to UISurface lockscreen with targets# 0
10-10 08:26:00.064  1483  1726 I AiAiEcho: #postPredictionTargets: Sending updates to UISurface home with targets# 0
10-10 08:26:00.065  1483  1726 I AiAiEcho: #postPredictionTargets: Sending updates to UISurface media_data_manager with targets# 0
10-10 08:26:00.078   714   714 D SsMediaDataProvider: Forwarding Smartspace updates []
10-10 08:26:00.083   714   941 D EGL_emulation: app_time_stats: avg=46038.65ms min=46038.65ms max=46038.65ms count=1
10-10 08:26:00.307  1297  2702 I DialerOmtpVvmCarrierConfigHelper: com.android.voicemail.impl.OmtpVvmCarrierConfigHelper.handleEvent:527 OmtpEvent:CONFIG_STATUS_SMS_TIME_OUT PhoneAccountHandle: [ComponentName: com.android.phone/com.android.services.telephony.TelephonyConnectionService subId: 1] [CONTEXT enable_persistent_logger=true ]
10-10 08:26:00.307  1297  1297 I DialerRetryPolicy: com.android.voicemail.impl.scheduling.RetryPolicy.onCompleted:106 Retry limit for com.android.voicemail.impl.ActivationTask@d91d0f4 reached [CONTEXT enable_persistent_logger=true ]
10-10 08:26:00.308  1297  1297 I DialerRetryPolicy: com.android.voicemail.impl.scheduling.RetryPolicy.onCompleted:108 committing deferred status [CONTEXT enable_persistent_logger=true ]
10-10 08:26:00.309  1297  1297 I DialerTaskExecutor: com.android.voicemail.impl.scheduling.TaskExecutor.prepareStop:371 no more tasks, stopping service if no task are added in 5000 millis [CONTEXT enable_persistent_logger=true ]
10-10 08:26:00.309  1297  4855 I DialerVoicemailStatus: com.android.voicemail.impl.VoicemailStatus$Editor.apply:112 enter
10-10 08:26:00.311  1297  4855 I DialerVoicemailStatusDataServiceImpl: com.android.dialer.voicemailstatus.dataservice.impl.VoicemailStatusDataServiceImpl.insertOrUpdateVoicemailStatus:196 enter
10-10 08:26:00.316  1297  4856 I DialerRestVoicemailEnabledFn: com.android.dialer.voicemail.service.impl.vvmclients.rest.RestVoicemailEnabledFn.isEnabled:51 disabled by flag [CONTEXT ratelimit_period="1 MINUTES [skipped: 23]" ]
10-10 08:26:00.316  1297  4856 I DialerCvvmEnabledFn: com.android.dialer.voicemail.service.impl.vvmclients.omtp.protocol.cvvm.CvvmEnabledFn.isEnabled:37 disabled by flag [CONTEXT ratelimit_period="1 MINUTES [skipped: 11]" ]
10-10 08:26:00.320  1297  4856 I DialerOmtpVvmCarrierConfigHelper: com.android.voicemail.impl.OmtpVvmCarrierConfigHelper.isCarrierAppInstalled:637 carrier app not installed in this device [CONTEXT ratelimit_period="1 MINUTES [skipped: 4]" ]
10-10 08:26:00.327  1297  4856 W Settings: Setting airplane_mode_on has moved from android.provider.Settings.System to android.provider.Settings.Global, returning read-only value.
10-10 08:26:00.328  1297  4856 I DialerVoicemailStatusDataServiceImpl: com.android.dialer.voicemailstatus.dataservice.impl.VoicemailStatusDataServiceImpl.lambda$insertOrUpdateVoicemailStatus$5:213 merged status: # kee@5cbbd7c4
10-10 08:26:00.459  4107  4150 I appium  : channel read: GET /session/b0d71319-92d5-46c0-be1d-fb9b21b2348e/source
10-10 08:26:00.460  4107  4150 I appium  : Source command
10-10 08:26:00.460  4107  4150 I appium  : Waiting up to 10000ms for the device to idle
10-10 08:26:00.680  4107  4150 I appium  : AppiumResponse: {"sessionId":"b0d71319-92d5-46c0-be1d-fb9b21b2348e","value":"<?xml version='1.0' encoding='UTF-8' standalone='yes' ?>\r\n<hierarchy index=\"0\" class=\"hierarchy\" rotation=\"0\" width=\"1080\" height=\"2138\">\r\n  <android.widget.FrameLayout index=\"0\" package=\"net.dvpay.app\" class=\"android.wi…
10-10 08:26:04.352  4107  4150 I appium  : channel read: GET /session/b0d71319-92d5-46c0-be1d-fb9b21b2348e/screenshot
10-10 08:26:04.352  4107  4150 I appium  : CaptureScreenshot command
10-10 08:26:04.388  4864  4864 W ProcessState: Extra binder thread started, but 0 threads requested. Do not use *startThreadPool when zero threads are requested.
10-10 08:26:04.394   150   150 I hwservicemanager: getTransport: Cannot find entry android.hardware.graphics.mapper@4.0::IMapper/default in either framework or device VINTF manifest.
10-10 08:26:04.394  4864  4867 I Gralloc4: mapper 4.x is not supported
10-10 08:26:04.399  4864  4867 D HostConnection: HostComposition ext ANDROID_EMU_CHECKSUM_HELPER_v1 ANDROID_EMU_native_sync_v2 ANDROID_EMU_native_sync_v3 ANDROID_EMU_native_sync_v4 ANDROID_EMU_dma_v1 ANDROID_EMU_direct_mem ANDROID_EMU_host_composition_v1 ANDROID_EMU_host_composition_v2 ANDROID_EMU_vulkan ANDROID_EMU_deferred_vulkan_commands ANDROID_EMU_vulkan_null_optional_strings ANDROID_EMU_vulkan_create_resources_with_requirements ANDROID_EMU_YUV_Cache ANDROID_EMU_vulkan_ignored_handles ANDROID_EMU_has_shared_slots_host_memory_allocator ANDROID_EMU_vulkan_free_memory_sync ANDROID_EMU_vulkan_shader_float16_int8 ANDROID_EMU_vulkan_async_queue_submit ANDROID_EMU_vulkan_queue_submit_with_commands ANDROID_EMU_sync_buffer_data ANDROID_EMU_vulkan_async_qsri ANDROID_EMU_read_color_buffer_dma ANDROID_EMU_hwc_multi_configs GL_OES_EGL_image_external_essl3 GL_OES_vertex_array_object ANDROID_EMU_host_side_tracing ANDROID_EMU_gles_max_version_3_0
10-10 08:26:04.471  4107  4150 I appium  : AppiumResponse: {"sessionId":"b0d71319-92d5-46c0-be1d-fb9b21b2348e","value":"iVBORw0KGgoAAAANSUhEUgAABDgAAAkkCAYAAAD508+vAAAAAXNSR0IArs4c6QAAAARzQklUCAgICHwIZIgAACAASURBVHic7N1ZbyNZnvf334ngJlEktS+pVKaUS9dUVZd7ei594QFs2PDVXD3zOvxanrcyV4YNP8bYgDHAAN3TPd1dW2YqM7Xv4r5FxPEFGSFSKyWRFCV9P0BWpSSSEZSUPCd+/J//Mf/8z/9sBYwQa/m…
10-10 08:26:05.310  1297  1297 I DialerTaskExecutor: com.android.voicemail.impl.scheduling.TaskExecutor.lambda$new$0:152 Stopping service [CONTEXT enable_persistent_logger=true ]
10-10 08:26:05.310  1297  1297 I DialerTaskExecutor: com.android.voicemail.impl.scheduling.TaskExecutor.finishJobAsync:461 finishing Job [CONTEXT enable_persistent_logger=true ]
10-10 08:26:05.310  1297  1297 I DialerTaskSchedulerJobService: com.android.voicemail.impl.scheduling.TaskSchedulerJobService.finishAsync:195 finishing job [CONTEXT enable_persistent_logger=true ]
10-10 08:26:05.312   502  2257 D OomAdjuster: Not killing cached processes
10-10 08:26:05.314  1297  1297 I DialerTaskExecutor: com.android.voicemail.impl.scheduling.TaskExecutor$JobFinishedPoller.run:189 JobFinishedPoller.run Job finished [CONTEXT enable_persistent_logger=true ]
10-10 08:26:05.314  1297  1297 I DialerTaskExecutor: com.android.voicemail.impl.scheduling.TaskExecutor.terminate:287 terminated [CONTEXT enable_persistent_logger=true ]
10-10 08:26:05.660  4107  4150 I appium  : channel read: GET /session/b0d71319-92d5-46c0-be1d-fb9b21b2348e/source
10-10 08:26:05.660  4107  4150 I appium  : Source command
10-10 08:26:05.660  4107  4150 I appium  : Waiting up to 10000ms for the device to idle
10-10 08:26:05.668  4107  4150 I appium  : AppiumResponse: {"sessionId":"b0d71319-92d5-46c0-be1d-fb9b21b2348e","value":"<?xml version='1.0' encoding='UTF-8' standalone='yes' ?>\r\n<hierarchy index=\"0\" class=\"hierarchy\" rotation=\"0\" width=\"1080\" height=\"2138\">\r\n  <android.widget.FrameLayout index=\"0\" package=\"net.dvpay.app\" class=\"android.wi…
10-10 08:26:05.899  1674  1701 I earchbox:search: oneway function results for code 2 on binder at 0xb400007182fdc630 will be dropped but finished with status UNKNOWN_TRANSACTION
10-10 08:26:08.861  4107  4150 I appium  : channel read: GET /session/b0d71319-92d5-46c0-be1d-fb9b21b2348e/screenshot
10-10 08:26:08.861  4107  4150 I appium  : CaptureScreenshot command
10-10 08:26:08.900  4879  4879 W ProcessState: Extra binder thread started, but 0 threads requested. Do not use *startThreadPool when zero threads are requested.
10-10 08:26:08.908   150   150 I hwservicemanager: getTransport: Cannot find entry android.hardware.graphics.mapper@4.0::IMapper/default in either framework or device VINTF manifest.
10-10 08:26:08.908  4879  4882 I Gralloc4: mapper 4.x is not supported
10-10 08:26:08.914  4879  4882 D HostConnection: HostComposition ext ANDROID_EMU_CHECKSUM_HELPER_v1 ANDROID_EMU_native_sync_v2 ANDROID_EMU_native_sync_v3 ANDROID_EMU_native_sync_v4 ANDROID_EMU_dma_v1 ANDROID_EMU_direct_mem ANDROID_EMU_host_composition_v1 ANDROID_EMU_host_composition_v2 ANDROID_EMU_vulkan ANDROID_EMU_deferred_vulkan_commands ANDROID_EMU_vulkan_null_optional_strings ANDROID_EMU_vulkan_create_resources_with_requirements ANDROID_EMU_YUV_Cache ANDROID_EMU_vulkan_ignored_handles ANDROID_EMU_has_shared_slots_host_memory_allocator ANDROID_EMU_vulkan_free_memory_sync ANDROID_EMU_vulkan_shader_float16_int8 ANDROID_EMU_vulkan_async_queue_submit ANDROID_EMU_vulkan_queue_submit_with_commands ANDROID_EMU_sync_buffer_data ANDROID_EMU_vulkan_async_qsri ANDROID_EMU_read_color_buffer_dma ANDROID_EMU_hwc_multi_configs GL_OES_EGL_image_external_essl3 GL_OES_vertex_array_object ANDROID_EMU_host_side_tracing ANDROID_EMU_gles_max_version_3_0
10-10 08:26:09.059  4107  4150 I appium  : AppiumResponse: {"sessionId":"b0d71319-92d5-46c0-be1d-fb9b21b2348e","value":"iVBORw0KGgoAAAANSUhEUgAABDgAAAkkCAYAAAD508+vAAAAAXNSR0IArs4c6QAAAARzQklUCAgICHwIZIgAACAASURBVHic7N1ZbyNZnvf334ngJlEktS+pVKaUS9dUVZd7ei594QFs2PDVXD3zOvxanrcyV4YNP8bYgDHAAN3TPd1dW2YqM7Xv4r5FxPEFGSFSKyWRFCV9P0BWpSSSEZSUPCd+/J//Mf/8z/9sBYwQa/m…
10-10 08:26:09.548  4107  4150 I appium  : channel read: GET /session/b0d71319-92d5-46c0-be1d-fb9b21b2348e/source
10-10 08:26:09.548  4107  4150 I appium  : Source command
10-10 08:26:09.548  4107  4150 I appium  : Waiting up to 10000ms for the device to idle
10-10 08:26:09.554  4107  4150 I appium  : AppiumResponse: {"sessionId":"b0d71319-92d5-46c0-be1d-fb9b21b2348e","value":"<?xml version='1.0' encoding='UTF-8' standalone='yes' ?>\r\n<hierarchy index=\"0\" class=\"hierarchy\" rotation=\"0\" width=\"1080\" height=\"2138\">\r\n  <android.widget.FrameLayout index=\"0\" package=\"net.dvpay.app\" class=\"android.wi…
10-10 08:26:10.277   297   297 I netd    : tetherGetStats() -> {[]} <0.48ms>
10-10 08:26:10.278   297   297 I netd    : bandwidthSetGlobalAlert(2097152) <0.07ms>
10-10 08:26:12.736  4107  4150 I appium  : channel read: GET /session/b0d71319-92d5-46c0-be1d-fb9b21b2348e/screenshot
10-10 08:26:12.737  4107  4150 I appium  : CaptureScreenshot command
10-10 08:26:12.782  4894  4894 W ProcessState: Extra binder thread started, but 0 threads requested. Do not use *startThreadPool when zero threads are requested.
10-10 08:26:12.790   150   150 I hwservicemanager: getTransport: Cannot find entry android.hardware.graphics.mapper@4.0::IMapper/default in either framework or device VINTF manifest.
10-10 08:26:12.790  4894  4898 I Gralloc4: mapper 4.x is not supported
10-10 08:26:12.796  4894  4898 D HostConnection: HostComposition ext ANDROID_EMU_CHECKSUM_HELPER_v1 ANDROID_EMU_native_sync_v2 ANDROID_EMU_native_sync_v3 ANDROID_EMU_native_sync_v4 ANDROID_EMU_dma_v1 ANDROID_EMU_direct_mem ANDROID_EMU_host_composition_v1 ANDROID_EMU_host_composition_v2 ANDROID_EMU_vulkan ANDROID_EMU_deferred_vulkan_commands ANDROID_EMU_vulkan_null_optional_strings ANDROID_EMU_vulkan_create_resources_with_requirements ANDROID_EMU_YUV_Cache ANDROID_EMU_vulkan_ignored_handles ANDROID_EMU_has_shared_slots_host_memory_allocator ANDROID_EMU_vulkan_free_memory_sync ANDROID_EMU_vulkan_shader_float16_int8 ANDROID_EMU_vulkan_async_queue_submit ANDROID_EMU_vulkan_queue_submit_with_commands ANDROID_EMU_sync_buffer_data ANDROID_EMU_vulkan_async_qsri ANDROID_EMU_read_color_buffer_dma ANDROID_EMU_hwc_multi_configs GL_OES_EGL_image_external_essl3 GL_OES_vertex_array_object ANDROID_EMU_host_side_tracing ANDROID_EMU_gles_max_version_3_0
10-10 08:26:12.868  4107  4150 I appium  : AppiumResponse: {"sessionId":"b0d71319-92d5-46c0-be1d-fb9b21b2348e","value":"iVBORw0KGgoAAAANSUhEUgAABDgAAAkkCAYAAAD508+vAAAAAXNSR0IArs4c6QAAAARzQklUCAgICHwIZIgAACAASURBVHic7N1ZbyNZnvf334ngJlEktS+pVKaUS9dUVZd7ei594QFs2PDVXD3zOvxanrcyV4YNP8bYgDHAAN3TPd1dW2YqM7Xv4r5FxPEFGSFSKyWRFCV9P0BWpSSSEZSUPCd+/J//Mf/8z/9sBYwQa/m…
10-10 08:26:13.941  4107  4150 I appium  : channel read: GET /session/b0d71319-92d5-46c0-be1d-fb9b21b2348e/source
10-10 08:26:13.941  4107  4150 I appium  : Source command
10-10 08:26:13.941  4107  4150 I appium  : Waiting up to 10000ms for the device to idle
10-10 08:26:13.949  4107  4150 I appium  : AppiumResponse: {"sessionId":"b0d71319-92d5-46c0-be1d-fb9b21b2348e","value":"<?xml version='1.0' encoding='UTF-8' standalone='yes' ?>\r\n<hierarchy index=\"0\" class=\"hierarchy\" rotation=\"0\" width=\"1080\" height=\"2138\">\r\n  <android.widget.FrameLayout index=\"0\" package=\"net.dvpay.app\" class=\"android.wi…
10-10 08:26:17.625  4107  4150 I appium  : channel read: GET /session/b0d71319-92d5-46c0-be1d-fb9b21b2348e/screenshot
10-10 08:26:17.625  4107  4150 I appium  : CaptureScreenshot command
10-10 08:26:17.632  4090  4103 W System  : A resource was acquired at attached stack trace but never released. See java.io.Closeable for information on avoiding resource leaks.
10-10 08:26:17.632  4090  4103 W System  : java.lang.Throwable: Explicit termination method 'HardwareBuffer.close' not called
10-10 08:26:17.632  4090  4103 W System  : 	at dalvik.system.CloseGuard.openWithCallSite(CloseGuard.java:288)
10-10 08:26:17.632  4090  4103 W System  : 	at dalvik.system.CloseGuard.open(CloseGuard.java:257)
10-10 08:26:17.632  4090  4103 W System  : 	at android.hardware.HardwareBuffer.<init>(HardwareBuffer.java:272)
10-10 08:26:17.674  4907  4907 W ProcessState: Extra binder thread started, but 0 threads requested. Do not use *startThreadPool when zero threads are requested.
10-10 08:26:17.684   150   150 I hwservicemanager: getTransport: Cannot find entry android.hardware.graphics.mapper@4.0::IMapper/default in either framework or device VINTF manifest.
10-10 08:26:17.684  4907  4910 I Gralloc4: mapper 4.x is not supported
10-10 08:26:17.691  4907  4910 D HostConnection: HostComposition ext ANDROID_EMU_CHECKSUM_HELPER_v1 ANDROID_EMU_native_sync_v2 ANDROID_EMU_native_sync_v3 ANDROID_EMU_native_sync_v4 ANDROID_EMU_dma_v1 ANDROID_EMU_direct_mem ANDROID_EMU_host_composition_v1 ANDROID_EMU_host_composition_v2 ANDROID_EMU_vulkan ANDROID_EMU_deferred_vulkan_commands ANDROID_EMU_vulkan_null_optional_strings ANDROID_EMU_vulkan_create_resources_with_requirements ANDROID_EMU_YUV_Cache ANDROID_EMU_vulkan_ignored_handles ANDROID_EMU_has_shared_slots_host_memory_allocator ANDROID_EMU_vulkan_free_memory_sync ANDROID_EMU_vulkan_shader_float16_int8 ANDROID_EMU_vulkan_async_queue_submit ANDROID_EMU_vulkan_queue_submit_with_commands ANDROID_EMU_sync_buffer_data ANDROID_EMU_vulkan_async_qsri ANDROID_EMU_read_color_buffer_dma ANDROID_EMU_hwc_multi_configs GL_OES_EGL_image_external_essl3 GL_OES_vertex_array_object ANDROID_EMU_host_side_tracing ANDROID_EMU_gles_max_version_3_0
10-10 08:26:17.818  4107  4150 I appium  : AppiumResponse: {"sessionId":"b0d71319-92d5-46c0-be1d-fb9b21b2348e","value":"iVBORw0KGgoAAAANSUhEUgAABDgAAAkkCAYAAAD508+vAAAAAXNSR0IArs4c6QAAAARzQklUCAgICHwIZIgAACAASURBVHic7N1ZbyNZnvf334ngJlEktS+pVKaUS9dUVZd7ei594QFs2PDVXD3zOvxanrcyV4YNP8bYgDHAAN3TPd1dW2YqM7Xv4r5FxPEFGSFSKyWRFCV9P0BWpSSSEZSUPCd+/J//Mf/8z/9sBYwQa/m…
10-10 08:26:19.007  4107  4150 I appium  : channel read: GET /session/b0d71319-92d5-46c0-be1d-fb9b21b2348e/source
10-10 08:26:19.007  4107  4150 I appium  : Source command
10-10 08:26:19.008  4107  4150 I appium  : Waiting up to 10000ms for the device to idle
10-10 08:26:19.016  4107  4150 I appium  : AppiumResponse: {"sessionId":"b0d71319-92d5-46c0-be1d-fb9b21b2348e","value":"<?xml version='1.0' encoding='UTF-8' standalone='yes' ?>\r\n<hierarchy index=\"0\" class=\"hierarchy\" rotation=\"0\" width=\"1080\" height=\"2138\">\r\n  <android.widget.FrameLayout index=\"0\" package=\"net.dvpay.app\" class=\"android.wi…
10-10 08:26:22.237  4107  4150 I appium  : channel read: GET /session/b0d71319-92d5-46c0-be1d-fb9b21b2348e/screenshot
10-10 08:26:22.237  4107  4150 I appium  : CaptureScreenshot command
10-10 08:26:22.281  4919  4919 W ProcessState: Extra binder thread started, but 0 threads requested. Do not use *startThreadPool when zero threads are requested.
10-10 08:26:22.287   150   150 I hwservicemanager: getTransport: Cannot find entry android.hardware.graphics.mapper@4.0::IMapper/default in either framework or device VINTF manifest.
10-10 08:26:22.287  4919  4922 I Gralloc4: mapper 4.x is not supported
10-10 08:26:22.292  4919  4922 D HostConnection: HostComposition ext ANDROID_EMU_CHECKSUM_HELPER_v1 ANDROID_EMU_native_sync_v2 ANDROID_EMU_native_sync_v3 ANDROID_EMU_native_sync_v4 ANDROID_EMU_dma_v1 ANDROID_EMU_direct_mem ANDROID_EMU_host_composition_v1 ANDROID_EMU_host_composition_v2 ANDROID_EMU_vulkan ANDROID_EMU_deferred_vulkan_commands ANDROID_EMU_vulkan_null_optional_strings ANDROID_EMU_vulkan_create_resources_with_requirements ANDROID_EMU_YUV_Cache ANDROID_EMU_vulkan_ignored_handles ANDROID_EMU_has_shared_slots_host_memory_allocator ANDROID_EMU_vulkan_free_memory_sync ANDROID_EMU_vulkan_shader_float16_int8 ANDROID_EMU_vulkan_async_queue_submit ANDROID_EMU_vulkan_queue_submit_with_commands ANDROID_EMU_sync_buffer_data ANDROID_EMU_vulkan_async_qsri ANDROID_EMU_read_color_buffer_dma ANDROID_EMU_hwc_multi_configs GL_OES_EGL_image_external_essl3 GL_OES_vertex_array_object ANDROID_EMU_host_side_tracing ANDROID_EMU_gles_max_version_3_0
10-10 08:26:22.408  4107  4150 I appium  : AppiumResponse: {"sessionId":"b0d71319-92d5-46c0-be1d-fb9b21b2348e","value":"iVBORw0KGgoAAAANSUhEUgAABDgAAAkkCAYAAAD508+vAAAAAXNSR0IArs4c6QAAAARzQklUCAgICHwIZIgAACAASURBVHic7N1ZbyNZnvf334ngJlEktS+pVKaUS9dUVZd7ei594QFs2PDVXD3zOvxanrcyV4YNP8bYgDHAAN3TPd1dW2YqM7Xv4r5FxPEFGSFSKyWRFCV9P0BWpSSSEZSUPCd+/J//Mf/8z/9sBYwQa/m…
10-10 08:26:22.897  4107  4150 I appium  : channel read: GET /session/b0d71319-92d5-46c0-be1d-fb9b21b2348e/source
10-10 08:26:22.898  4107  4150 I appium  : Source command
10-10 08:26:22.898  4107  4150 I appium  : Waiting up to 10000ms for the device to idle
10-10 08:26:22.905  4107  4150 I appium  : AppiumResponse: {"sessionId":"b0d71319-92d5-46c0-be1d-fb9b21b2348e","value":"<?xml version='1.0' encoding='UTF-8' standalone='yes' ?>\r\n<hierarchy index=\"0\" class=\"hierarchy\" rotation=\"0\" width=\"1080\" height=\"2138\">\r\n  <android.widget.FrameLayout index=\"0\" package=\"net.dvpay.app\" class=\"android.wi…
10-10 08:26:25.934   325   325 E android.hardware.power.stats@1.0-service-mock: Failed to getEnergyData
10-10 08:26:26.097  4107  4150 I appium  : channel read: GET /session/b0d71319-92d5-46c0-be1d-fb9b21b2348e/screenshot
10-10 08:26:26.097  4107  4150 I appium  : CaptureScreenshot command
10-10 08:26:26.158  4931  4931 W ProcessState: Extra binder thread started, but 0 threads requested. Do not use *startThreadPool when zero threads are requested.
10-10 08:26:26.163   502   530 D CompatibilityChangeReporter: Compat change id reported: 177438394; UID 10143; state: DISABLED
10-10 08:26:26.163   502   530 D CompatibilityChangeReporter: Compat change id reported: 135772972; UID 10143; state: DISABLED
10-10 08:26:26.163   502   530 D CompatibilityChangeReporter: Compat change id reported: 135754954; UID 10143; state: ENABLED
10-10 08:26:26.167   502   531 D CompatibilityChangeReporter: Compat change id reported: 143937733; UID 10143; state: ENABLED
10-10 08:26:26.176   887  4936 I NamespaceManager: Package com.android.refreshratecontrol name not found! Using module version.
10-10 08:26:26.177   150   150 I hwservicemanager: getTransport: Cannot find entry android.hardware.graphics.mapper@4.0::IMapper/default in either framework or device VINTF manifest.
10-10 08:26:26.178  4931  4934 I Gralloc4: mapper 4.x is not supported
10-10 08:26:26.179   298   298 D Zygote  : Forked child process 4938
10-10 08:26:26.179   502   531 I ActivityManager: Start proc 4938:com.google.android.apps.maps:server_recovery_process_scheduled/u0a143 for broadcast {com.google.android.apps.maps/com.google.android.apps.gmm.plugins.serverrecovery.ScheduledRecoverySignalHandlerImpl}
10-10 08:26:26.180   887  4936 I NamespaceManager: Package com.google.oslo name not found! Using module version.
10-10 08:26:26.184   887  4936 I NamespaceManager: Package com.android.media name not found! Using module version.
10-10 08:26:26.184   887  4936 I NamespaceManager: Package com.android.media.swcodec name not found! Using module version.
10-10 08:26:26.185   887  4936 I NamespaceManager: Package com.android.neuralnetworks name not found! Using module version.
10-10 08:26:26.186   887  4936 I NamespaceManager: Package com.android.media name not found! Using module version.
10-10 08:26:26.189   887  4936 I NamespaceManager: Package 1 name not found! Using module version.
10-10 08:26:26.190  4931  4934 D HostConnection: HostComposition ext ANDROID_EMU_CHECKSUM_HELPER_v1 ANDROID_EMU_native_sync_v2 ANDROID_EMU_native_sync_v3 ANDROID_EMU_native_sync_v4 ANDROID_EMU_dma_v1 ANDROID_EMU_direct_mem ANDROID_EMU_host_composition_v1 ANDROID_EMU_host_composition_v2 ANDROID_EMU_vulkan ANDROID_EMU_deferred_vulkan_commands ANDROID_EMU_vulkan_null_optional_strings ANDROID_EMU_vulkan_create_resources_with_requirements ANDROID_EMU_YUV_Cache ANDROID_EMU_vulkan_ignored_handles ANDROID_EMU_has_shared_slots_host_memory_allocator ANDROID_EMU_vulkan_free_memory_sync ANDROID_EMU_vulkan_shader_float16_int8 ANDROID_EMU_vulkan_async_queue_submit ANDROID_EMU_vulkan_queue_submit_with_commands ANDROID_EMU_sync_buffer_data ANDROID_EMU_vulkan_async_qsri ANDROID_EMU_read_color_buffer_dma ANDROID_EMU_hwc_multi_configs GL_OES_EGL_image_external_essl3 GL_OES_vertex_array_object ANDROID_EMU_host_side_tracing ANDROID_EMU_gles_max_version_3_0
10-10 08:26:26.190   887  4936 I NamespaceManager: Package rkpd name not found! Using module version.
10-10 08:26:26.190   887  4936 I NamespaceManager: Package com.google.android.devicelockcontroller name not found! Using module version.
10-10 08:26:26.191  4938  4938 I ocess_scheduled: Using CollectorTypeCC GC.
10-10 08:26:26.206   355   439 I adbd    : jdwp connection from 4938
10-10 08:26:26.212   502   517 D CompatibilityChangeReporter: Compat change id reported: 168419799; UID 10143; state: DISABLED
10-10 08:26:26.212   502   517 D CompatibilityChangeReporter: Compat change id reported: 273564678; UID 10143; state: DISABLED
10-10 08:26:26.212   502   517 D CompatibilityChangeReporter: Compat change id reported: 181136395; UID 10127; state: DISABLED
10-10 08:26:26.212   502   517 D CompatibilityChangeReporter: Compat change id reported: 174042936; UID 10127; state: DISABLED
10-10 08:26:26.212   502   517 D OomAdjuster: Not killing cached processes
10-10 08:26:26.215  4938  4938 D CompatibilityChangeReporter: Compat change id reported: 171979766; UID 10143; state: ENABLED
10-10 08:26:26.218   887  4936 I NamespaceManager: Package com.google.android.healthfitness name not found! Using module version.
10-10 08:26:26.218   887  4936 I NamespaceManager: Package android.companion name not found! Using module version.
10-10 08:26:26.218   887  4936 I NamespaceManager: Package com.google.android.healthfitness name not found! Using module version.
10-10 08:26:26.219   887  4936 I NamespaceManager: Package com.google.android.aicore name not found! Using module version.
10-10 08:26:26.219   887  4936 I NamespaceManager: Package com.google.android.audioproxy name not found! Using module version.
10-10 08:26:26.220   887  4936 I NamespaceManager: Package com.google.android.healthfitness name not found! Using module version.
10-10 08:26:26.220   887  4936 I NamespaceManager: Package com.google.android.apps.pixel.psi name not found! Using module version.
10-10 08:26:26.232   887   896 W .gms.persistent: Cleared Reference was only reachable from finalizer (only reported once)
10-10 08:26:26.247  4938  4938 D nativeloader: Configuring classloader-namespace for other apk /system/framework/org.apache.http.legacy.jar. target_sdk_version=35, uses_libraries=ALL, library_path=/product/app/Maps/lib/arm64:/product/app/Maps/Maps.apk!/lib/arm64-v8a, permitted_path=/data:/mnt/expand:/data/user/0/com.google.android.apps.maps
10-10 08:26:26.251   887   887 D BoundBrokerSvc: onBind: Intent { act=com.google.android.gms.phenotype.service.START dat=chimera-action:/... cmp=com.google.android.gms/.chimera.PersistentApiService }
10-10 08:26:26.251   887   887 D BoundBrokerSvc: Loading bound service for intent: Intent { act=com.google.android.gms.phenotype.service.START dat=chimera-action:/... cmp=com.google.android.gms/.chimera.PersistentApiService }
10-10 08:26:26.251  4938  4938 D nativeloader: Configuring classloader-namespace for other apk /system_ext/framework/androidx.window.extensions.jar. target_sdk_version=35, uses_libraries=ALL, library_path=/product/app/Maps/lib/arm64:/product/app/Maps/Maps.apk!/lib/arm64-v8a, permitted_path=/data:/mnt/expand:/data/user/0/com.google.android.apps.maps
10-10 08:26:26.256  4938  4938 D nativeloader: Configuring classloader-namespace for other apk /system_ext/framework/androidx.window.sidecar.jar. target_sdk_version=35, uses_libraries=ALL, library_path=/product/app/Maps/lib/arm64:/product/app/Maps/Maps.apk!/lib/arm64-v8a, permitted_path=/data:/mnt/expand:/data/user/0/com.google.android.apps.maps
10-10 08:26:26.273  4938  4938 D nativeloader: Configuring vendor-classloader-namespace for unbundled product apk /product/app/Maps/Maps.apk. target_sdk_version=35, uses_libraries=, library_path=/product/app/Maps/lib/arm64:/product/app/Maps/Maps.apk!/lib/arm64-v8a:/product/lib64:/system/product/lib64, permitted_path=/data:/mnt/expand:/data/user/0/com.google.android.apps.maps:/product/lib64:/system/product/lib64
10-10 08:26:26.344  4938  4938 V GraphicsEnvironment: ANGLE Developer option for 'com.google.android.apps.maps' set to: 'default'
10-10 08:26:26.344  4938  4938 V GraphicsEnvironment: ANGLE GameManagerService for com.google.android.apps.maps: false
10-10 08:26:26.344  4938  4938 V GraphicsEnvironment: Neither updatable production driver nor prerelease driver is supported.
10-10 08:26:26.347  4938  4938 D NetworkSecurityConfig: No Network Security Config specified, using platform default
10-10 08:26:26.347  4938  4938 D NetworkSecurityConfig: No Network Security Config specified, using platform default
10-10 08:26:26.443  4107  4150 I appium  : AppiumResponse: {"sessionId":"b0d71319-92d5-46c0-be1d-fb9b21b2348e","value":"iVBORw0KGgoAAAANSUhEUgAABDgAAAkkCAYAAAD508+vAAAAAXNSR0IArs4c6QAAAARzQklUCAgICHwIZIgAACAASURBVHic7N1ZbyNZnvf334ngJlEktS+pVKaUS9dUVZd7ei594QFs2PDVXD3zOvxanrcyV4YNP8bYgDHAAN3TPd1dW2YqM7Xv4r5FxPEFGSFSKyWRFCV9P0BWpSSSEZSUPCd+/J//Mf/8z/9sBYwQa/m…
10-10 08:26:26.510  4938  4938 D CompatibilityChangeReporter: Compat change id reported: 160794467; UID 10143; state: ENABLED
10-10 08:26:26.542   502  2257 D CompatibilityChangeReporter: Compat change id reported: 161145287; UID 10143; state: DISABLED
10-10 08:26:26.555  4938  4955 D CompatibilityChangeReporter: Compat change id reported: 183155436; UID 10143; state: ENABLED
10-10 08:26:26.572  4938  4955 I ocess_scheduled: System.exit called, status: 0
10-10 08:26:26.572  4938  4955 I AndroidRuntime: VM exiting with result code 0, cleanup skipped.
10-10 08:26:26.579   502  2283 I ActivityManager: Process com.google.android.apps.maps:server_recovery_process_scheduled (pid 4938) has died: cch+5 CEM
10-10 08:26:26.579   298   298 I Zygote  : Process 4938 exited cleanly (0)
10-10 08:26:26.580   502   532 I libprocessgroup: Successfully killed process cgroup uid 10143 pid 4938 in 0ms
10-10 08:26:26.584  4845  4845 I binder  : undelivered transaction 187042, process died.
10-10 08:26:26.936  4107  4150 I appium  : channel read: GET /session/b0d71319-92d5-46c0-be1d-fb9b21b2348e/source
10-10 08:26:26.936  4107  4150 I appium  : Source command
10-10 08:26:26.936  4107  4150 I appium  : Waiting up to 10000ms for the device to idle
10-10 08:26:26.951  4107  4150 I appium  : AppiumResponse: {"sessionId":"b0d71319-92d5-46c0-be1d-fb9b21b2348e","value":"<?xml version='1.0' encoding='UTF-8' standalone='yes' ?>\r\n<hierarchy index=\"0\" class=\"hierarchy\" rotation=\"0\" width=\"1080\" height=\"2138\">\r\n  <android.widget.FrameLayout index=\"0\" package=\"net.dvpay.app\" class=\"android.wi…
10-10 08:26:27.473   297   297 I netd    : tetherGetStats() -> {[]} <0.86ms>
10-10 08:26:27.474   297   297 I netd    : bandwidthSetGlobalAlert(2097152) <0.14ms>
10-10 08:26:30.204  4107  4150 I appium  : channel read: GET /session/b0d71319-92d5-46c0-be1d-fb9b21b2348e/screenshot
10-10 08:26:30.204  4107  4150 I appium  : CaptureScreenshot command
10-10 08:26:30.245   887  4936 I NamespaceManager: Package com.android.refreshratecontrol name not found! Using module version.
10-10 08:26:30.245   887  4936 I NamespaceManager: Package com.google.oslo name not found! Using module version.
10-10 08:26:30.247   887  4936 I NamespaceManager: Package com.android.media name not found! Using module version.
10-10 08:26:30.247   887  4936 I NamespaceManager: Package com.android.media.swcodec name not found! Using module version.
10-10 08:26:30.247   887  4936 I NamespaceManager: Package com.android.neuralnetworks name not found! Using module version.
10-10 08:26:30.247   887  4936 I NamespaceManager: Package com.android.media name not found! Using module version.
10-10 08:26:30.247   887  4936 I NamespaceManager: Package 1 name not found! Using module version.
10-10 08:26:30.248   887  4936 I NamespaceManager: Package rkpd name not found! Using module version.
10-10 08:26:30.248   887  4936 I NamespaceManager: Package com.google.android.devicelockcontroller name not found! Using module version.
10-10 08:26:30.249   887  4936 I NamespaceManager: Package com.google.android.healthfitness name not found! Using module version.
10-10 08:26:30.249   887  4936 I NamespaceManager: Package android.companion name not found! Using module version.
10-10 08:26:30.249   887  4936 I NamespaceManager: Package com.google.android.healthfitness name not found! Using module version.
10-10 08:26:30.250   887  4936 I NamespaceManager: Package com.google.android.aicore name not found! Using module version.
10-10 08:26:30.250   887  4936 I NamespaceManager: Package com.google.android.audioproxy name not found! Using module version.
10-10 08:26:30.250   887  4936 I NamespaceManager: Package com.google.android.healthfitness name not found! Using module version.
10-10 08:26:30.250   887  4936 I NamespaceManager: Package com.google.android.apps.pixel.psi name not found! Using module version.
10-10 08:26:30.340  4967  4967 W ProcessState: Extra binder thread started, but 0 threads requested. Do not use *startThreadPool when zero threads are requested.
10-10 08:26:30.354   150   150 I hwservicemanager: getTransport: Cannot find entry android.hardware.graphics.mapper@4.0::IMapper/default in either framework or device VINTF manifest.
10-10 08:26:30.354  4967  4971 I Gralloc4: mapper 4.x is not supported
10-10 08:26:30.367  4967  4971 D HostConnection: HostComposition ext ANDROID_EMU_CHECKSUM_HELPER_v1 ANDROID_EMU_native_sync_v2 ANDROID_EMU_native_sync_v3 ANDROID_EMU_native_sync_v4 ANDROID_EMU_dma_v1 ANDROID_EMU_direct_mem ANDROID_EMU_host_composition_v1 ANDROID_EMU_host_composition_v2 ANDROID_EMU_vulkan ANDROID_EMU_deferred_vulkan_commands ANDROID_EMU_vulkan_null_optional_strings ANDROID_EMU_vulkan_create_resources_with_requirements ANDROID_EMU_YUV_Cache ANDROID_EMU_vulkan_ignored_handles ANDROID_EMU_has_shared_slots_host_memory_allocator ANDROID_EMU_vulkan_free_memory_sync ANDROID_EMU_vulkan_shader_float16_int8 ANDROID_EMU_vulkan_async_queue_submit ANDROID_EMU_vulkan_queue_submit_with_commands ANDROID_EMU_sync_buffer_data ANDROID_EMU_vulkan_async_qsri ANDROID_EMU_read_color_buffer_dma ANDROID_EMU_hwc_multi_configs GL_OES_EGL_image_external_essl3 GL_OES_vertex_array_object ANDROID_EMU_host_side_tracing ANDROID_EMU_gles_max_version_3_0
10-10 08:26:30.422   502  2255 I RescueParty: Starting to observe: [com.google.android.providers.media.module, android], updated namespace: storage_native_boot
10-10 08:26:30.424   502   529 I PackageWatchdog: Syncing state, reason: observing new packages
10-10 08:26:30.425   502   529 D PackageWatchdog: rescue-party-observer added the following packages to monitor [com.google.android.providers.media.module, android]
10-10 08:26:30.428  1466  3073 D CompatibilityChangeReporter: Compat change id reported: 150939131; UID 10158; state: ENABLED
10-10 08:26:30.432   502   529 I PackageWatchdog: Syncing state, reason: updated observers
10-10 08:26:30.432   502   529 I PackageWatchdog: Saving observer state to file
10-10 08:26:30.446  1466  1653 I MediaApplication: Changed PhotoPickerSettingsActivity component state to STATE_DISABLED ( 2 )
10-10 08:26:30.447  1466  1653 I TranscodeHelper: Empty transcode compat stale
10-10 08:26:30.460   502   502 I PackageWatchdog: Syncing health check requests for packages: {}
10-10 08:26:30.460   502   502 I ExplicitHealthCheckController: Service not ready to get health check supported packages. Binding...
10-10 08:26:30.462  1466  1653 I TranscodeHelper: Parsed 0 packages from resource
10-10 08:26:30.466  1466  1653 I TranscodeHelper: Parsed 8 packages from device config
10-10 08:26:30.470   502   502 D CompatibilityChangeReporter: Compat change id reported: 168419799; UID 10164; state: DISABLED
10-10 08:26:30.470  1466  1653 I MediaProvider: Changed PhotoPickerGetContentActivity component state to STATE_DISABLED ( 2 )
10-10 08:26:30.470  1466  1653 I MediaProvider: Changed PhotoPickerUserSelectActivity component state to STATE_DISABLED ( 2 )
10-10 08:26:30.471   502   502 D CompatibilityChangeReporter: Compat change id reported: 273564678; UID 10164; state: DISABLED
10-10 08:26:30.475   502   502 I ExplicitHealthCheckController: Explicit health check service is bound
10-10 08:26:30.481   502   502 I PackageWatchdog: Syncing health check requests for packages: {}
10-10 08:26:30.481   502   502 I ExplicitHealthCheckController: Service not ready to get health check supported packages. Binding...
10-10 08:26:30.482   502   502 I ExplicitHealthCheckController: Not binding to service, service already connecting
10-10 08:26:30.496   502   502 I ExplicitHealthCheckController: Explicit health check service is connected ComponentInfo{com.google.android.ext.services/android.ext.services.watchdog.ExplicitHealthCheckServiceImpl}
10-10 08:26:30.501   502   502 I ExplicitHealthCheckController: Service initialized, syncing requests
10-10 08:26:30.502   502   502 I PackageWatchdog: Syncing health check requests for packages: {}
