10-10 08:27:20.491   297   297 I netd    : tetherGetStats() -> {[]} <0.69ms>
10-10 08:27:20.492   297   297 I netd    : bandwidthSetGlobalAlert(2097152) <0.07ms>
10-10 08:27:20.613  4107  4150 I appium  : channel read: GET /session/b0d71319-92d5-46c0-be1d-fb9b21b2348e/source
10-10 08:27:20.613  4107  4150 I appium  : Source command
10-10 08:27:20.614  4107  4150 I appium  : Waiting up to 10000ms for the device to idle
10-10 08:27:20.621  4107  4150 I appium  : AppiumResponse: {"sessionId":"b0d71319-92d5-46c0-be1d-fb9b21b2348e","value":"<?xml version='1.0' encoding='UTF-8' standalone='yes' ?>\r\n<hierarchy index=\"0\" class=\"hierarchy\" rotation=\"0\" width=\"1080\" height=\"2138\">\r\n  <android.widget.FrameLayout index=\"0\" package=\"net.dvpay.app\" class=\"android.wi…
10-10 08:27:23.807  4107  4150 I appium  : channel read: GET /session/b0d71319-92d5-46c0-be1d-fb9b21b2348e/screenshot
10-10 08:27:23.807  4107  4150 I appium  : CaptureScreenshot command
10-10 08:27:23.855  5150  5150 W ProcessState: Extra binder thread started, but 0 threads requested. Do not use *startThreadPool when zero threads are requested.
10-10 08:27:23.865   150   150 I hwservicemanager: getTransport: Cannot find entry android.hardware.graphics.mapper@4.0::IMapper/default in either framework or device VINTF manifest.
10-10 08:27:23.865  5150  5153 I Gralloc4: mapper 4.x is not supported
10-10 08:27:23.871  5150  5153 D HostConnection: HostComposition ext ANDROID_EMU_CHECKSUM_HELPER_v1 ANDROID_EMU_native_sync_v2 ANDROID_EMU_native_sync_v3 ANDROID_EMU_native_sync_v4 ANDROID_EMU_dma_v1 ANDROID_EMU_direct_mem ANDROID_EMU_host_composition_v1 ANDROID_EMU_host_composition_v2 ANDROID_EMU_vulkan ANDROID_EMU_deferred_vulkan_commands ANDROID_EMU_vulkan_null_optional_strings ANDROID_EMU_vulkan_create_resources_with_requirements ANDROID_EMU_YUV_Cache ANDROID_EMU_vulkan_ignored_handles ANDROID_EMU_has_shared_slots_host_memory_allocator ANDROID_EMU_vulkan_free_memory_sync ANDROID_EMU_vulkan_shader_float16_int8 ANDROID_EMU_vulkan_async_queue_submit ANDROID_EMU_vulkan_queue_submit_with_commands ANDROID_EMU_sync_buffer_data ANDROID_EMU_vulkan_async_qsri ANDROID_EMU_read_color_buffer_dma ANDROID_EMU_hwc_multi_configs GL_OES_EGL_image_external_essl3 GL_OES_vertex_array_object ANDROID_EMU_host_side_tracing ANDROID_EMU_gles_max_version_3_0
10-10 08:27:23.975  4107  4150 I appium  : AppiumResponse: {"sessionId":"b0d71319-92d5-46c0-be1d-fb9b21b2348e","value":"iVBORw0KGgoAAAANSUhEUgAABDgAAAkkCAYAAAD508+vAAAAAXNSR0IArs4c6QAAAARzQklUCAgICHwIZIgAACAASURBVHic7N1ZbyNZnvf334ngJlEktS+pVKZyq56q6nJPj+984QFs2PDVXE2/Dr+W563MlWHDjzE2YAwwQPf0zHTXlpnKRfsuUtwjznkuyAiR2heSoqTvB1CVFjIiSCkZJ378n/8xf/jDH5yAIeIcf5I…
10-10 08:27:24.466  4107  4150 I appium  : channel read: GET /session/b0d71319-92d5-46c0-be1d-fb9b21b2348e/source
10-10 08:27:24.466  4107  4150 I appium  : Source command
10-10 08:27:24.466  4107  4150 I appium  : Waiting up to 10000ms for the device to idle
10-10 08:27:24.474  4107  4150 I appium  : AppiumResponse: {"sessionId":"b0d71319-92d5-46c0-be1d-fb9b21b2348e","value":"<?xml version='1.0' encoding='UTF-8' standalone='yes' ?>\r\n<hierarchy index=\"0\" class=\"hierarchy\" rotation=\"0\" width=\"1080\" height=\"2138\">\r\n  <android.widget.FrameLayout index=\"0\" package=\"net.dvpay.app\" class=\"android.wi…
10-10 08:27:27.460   502  2262 I ActivityManager: Force stopping net.dvpay.app appid=10127 user=0: from pid 5163
10-10 08:27:27.461   502  2262 I ActivityManager: Killing 4196:net.dvpay.app/u0a127 (adj 0): stop net.dvpay.app due to from pid 5163
10-10 08:27:27.463   502  2262 W ActivityTaskManager: Force removing ActivityRecord{45b5f27 u0 net.dvpay.app/.MainActivity} t4804 f}}: app died, no saved state
10-10 08:27:27.466   502  2262 W InputManager-JNI: Input channel object '728f215 net.dvpay.app/net.dvpay.app.MainActivity (client)' was disposed without first being removed with the input manager!
10-10 08:27:27.468   502   532 I libprocessgroup: Successfully killed process cgroup uid 10127 pid 4196 in 5ms
10-10 08:27:27.470   343   428 W TransactionTracing: Could not find layer handle 0xb40000767324b830
10-10 08:27:27.471   343   428 W TransactionTracing: Could not find layer handle 0xb40000767324b830
10-10 08:27:27.472  1022  1022 D MainContentCaptureSession: Flushing 1 event(s) for act:com.google.android.apps.nexuslauncher/.NexusLauncherActivity [state=2 (ACTIVE), disabled=false], reason=FULL
10-10 08:27:27.480   502  2262 D OomAdjuster: Not killing cached processes
10-10 08:27:27.482   298   298 I Zygote  : Process 4196 exited due to signal 9 (Killed)
10-10 08:27:27.482   502   627 D ConnectivityService: releasing NetworkRequest [ REQUEST id=117, [ Capabilities: INTERNET&NOT_RESTRICTED&TRUSTED&NOT_VCN_MANAGED Uid: 10127 RequestorUid: 10127 RequestorPkg: net.dvpay.app UnderlyingNetworks: Null] ] (release request)
10-10 08:27:27.482   401   965 D BufferPoolAccessor2.0: bufferpool2 0xb400007578a45a38 : 0(0 size) total buffers - 0(0 size) used buffers - 127/131 (recycle/alloc) - 5/131 (fetch/transfer)
10-10 08:27:27.483   401   965 D BufferPoolAccessor2.0: Destruction - bufferpool2 0xb400007578a45a38 cached: 0/0M, 0/0% in use; allocs: 131, 97% recycled; transfers: 131, 96% unfetched
10-10 08:27:27.486    43    43 I binder  : undelivered transaction 200195, process died.
10-10 08:27:27.484   502  1495 W AppSearchIcing: icing-search-engine.cc:217: Error: 5, Message: Document (com.google.android.googlequicksearchbox$OneSearchZeroStateGoogleSuggestions/default, zp) not found.
10-10 08:27:27.486   343   343 E BpTransactionCompletedListener: Failed to transact (-32)
10-10 08:27:27.486   343   343 E BpTransactionCompletedListener: Failed to transact (-32)
10-10 08:27:27.488  1022  1644 D OneSearchSuggestProvider: Created the binder channel successfully for end point service =com.google.android.apps.search.googleapp.search.suggest.plugins.onesearch.server.OneSearchSuggestService , mChannel=Q0{delegate=L0{logId=13, target=directaddress:///AndroidComponentAddress%5BIntent%20%7B%20act=grpc.io.action.BIND%20cmp=com.google.android.googlequicksearchbox/com.google.android.apps.search.googleapp.search.suggest.plugins.onesearch.server.OneSearchSuggestService%20%7D%5D}} , mOneSearchConnection=y1.J@817ed1b
10-10 08:27:27.489   502  2282 W WindowManager: Cannot find window which accessibility connection is added to
10-10 08:27:27.489  1483  1726 I AiAiEcho: Predicting[0]:
10-10 08:27:27.489  1483  1726 I AiAiEcho: Ranked targets strategy: SORT, count: 0, ranking metadata:
10-10 08:27:27.490  1483  1726 I AiAiEcho: #postPredictionTargets: Sending updates to UISurface lockscreen with targets# 0
10-10 08:27:27.490  1483  1726 I AiAiEcho: #postPredictionTargets: Sending updates to UISurface home with targets# 0
10-10 08:27:27.491  1483  1726 I AiAiEcho: #postPredictionTargets: Sending updates to UISurface media_data_manager with targets# 0
10-10 08:27:27.492   714   714 D SsMediaDataProvider: Forwarding Smartspace updates []
10-10 08:27:27.503   343   428 W TransactionTracing: Could not find layer handle 0xb4000076732492b0
10-10 08:27:27.503   343   428 W TransactionTracing: Could not find layer handle 0xb40000767324a8d0
10-10 08:27:27.504  1022  1573 E OpenGLRenderer: Unable to match the desired swap behavior.
10-10 08:27:27.513   502  2278 V ActivityManager: Got obituary of 4196:net.dvpay.app
10-10 08:27:27.518   502   502 D CompatibilityChangeReporter: Compat change id reported: 168419799; UID 10116; state: DISABLED
10-10 08:27:27.518   502   502 D CompatibilityChangeReporter: Compat change id reported: 273564678; UID 10116; state: DISABLED
10-10 08:27:27.521  3188  3188 V ActivityThread: getPackageInfo() caused update to cached ApplicationInfo for package com.google.android.projection.gearhead
10-10 08:27:27.526  1674  1908 E OpenGLRenderer: Unable to match the desired swap behavior.
10-10 08:27:27.527   502   522 V WindowManager: Unknown focus tokens, dropping reportFocusChanged
10-10 08:27:27.528   502   522 W ActivityManager: setHasOverlayUi called on unknown pid: 4196
10-10 08:27:27.531   844   844 D CarrierSvcBindHelper: onHandleForceStop: [net.dvpay.app]
10-10 08:27:27.534  1674  1674 I ContentCaptureHelper: Setting logging level to DEBUG
10-10 08:27:27.534  1674  1674 D ContentCaptureManager: setFlushViewTreeAppearingEventDisabled(): setting to false
10-10 08:27:27.538   844   844 D CarrierSvcBindHelper: No carrier app for: 0
10-10 08:27:27.551  1674  1868 I A       : #onAppFlowEventLogged
10-10 08:27:27.553  1022  1022 W BcSmartspaceCard: No title view to update
10-10 08:27:27.553  1022  1022 I BcSmartspaceCard: setFormattedContentDescription: textView=SUBTITLE, text=null, iconDescription=null, contentDescription=null
10-10 08:27:27.557  1674  1868 I A       : #onAppFlowEventLogged
10-10 08:27:27.558  1674  1868 I A       : #onAppFlowEventLogged
10-10 08:27:27.583  1022  1022 W TextView: onProvideContentCaptureStructure(): calling assumeLayout()
10-10 08:27:27.606  1022  1022 W TextView: onProvideContentCaptureStructure(): calling assumeLayout()
10-10 08:27:27.606  1022  1022 W TextView: onProvideContentCaptureStructure(): calling assumeLayout()
10-10 08:27:27.607  1022  1022 D MainContentCaptureSession: Flushing 2 event(s) for act:com.google.android.apps.nexuslauncher/.NexusLauncherActivity [state=2 (ACTIVE), disabled=false], reason=VIEW_TREE_APPEARING
10-10 08:27:27.607  1022  1022 D MainContentCaptureSession: Flushing 62 event(s) for act:com.google.android.apps.nexuslauncher/.NexusLauncherActivity [state=2 (ACTIVE), disabled=false], reason=VIEW_TREE_APPEARED
10-10 08:27:27.610   343   428 W TransactionTracing: Could not find layer handle 0xb40000767324e470
10-10 08:27:27.612  1022  1022 D MainContentCaptureSession: Flushing 1 event(s) for act:com.google.android.apps.nexuslauncher/.NexusLauncherActivity [state=2 (ACTIVE), disabled=false], reason=VIEW_TREE_APPEARING
10-10 08:27:27.612  1022  1022 D MainContentCaptureSession: Flushing 20 event(s) for act:com.google.android.apps.nexuslauncher/.NexusLauncherActivity [state=2 (ACTIVE), disabled=false], reason=VIEW_TREE_APPEARED
10-10 08:27:27.619   714   941 D EGL_emulation: app_time_stats: avg=27545.01ms min=27545.01ms max=27545.01ms count=1
10-10 08:27:27.620  1674  1867 I A       : #onAppFlowEventLogged
10-10 08:27:27.670  1674  1674 I A       : Constructor was called
10-10 08:27:27.671  1674  1674 I A       : No savedInstanceState.
10-10 08:27:27.672  1674  1674 I A       : makeRequest: subscribing to new source
10-10 08:27:27.673  1674  1674 I A       : OnCreate Was Called
10-10 08:27:27.675  1674  1674 I PromoManagerDataService: getMinusOnePromotion
10-10 08:27:27.698  1674  4997 I A       : (REDACTED) Cobalt: schedule sending data to the Cobalt Server for customerId = %d, projectId = %d
10-10 08:27:27.727  1674  1674 I A       : Account disc initialised
10-10 08:27:27.727  1674  1674 I PromoManagerDataService: getAccountMenuPromotion
10-10 08:27:27.734  1674  1900 I A       : (REDACTED) #enqueuePeriodicJob: running = %b
10-10 08:27:27.735  1674  1900 I A       : (REDACTED) #scheduledConfig, timestampCreated %s, scheduledOffset %s
10-10 08:27:27.750  1674  1674 I A       : #accountsLoaded
10-10 08:27:27.756  1674  1900 I A       : (REDACTED) loading data on surface %s.
10-10 08:27:27.756  1674  1869 I A       : #onAppFlowEventLogged
10-10 08:27:27.766  1674  1674 I A       : (REDACTED) Created gRPC endpoint for service %s
10-10 08:27:27.770  1674  1674 I A       : (REDACTED) onApplyWindowInsets: systemWindowInsets=%s
10-10 08:27:27.770  1674  1674 I A       : (REDACTED) onApplyWindowInsets: systemWindowInsets=%s
10-10 08:27:27.810  1022  1022 D MainContentCaptureSession: Flushing 0 event(s) for act:com.google.android.apps.nexuslauncher/.NexusLauncherActivity [state=2 (ACTIVE), disabled=false], reason=VIEW_ROOT
10-10 08:27:27.812  1483  1483 W ContentCaptureService: handleSendEvents() received empty list of events
10-10 08:27:27.815  1421  1421 I GoogleInputMethodService: GoogleInputMethodService.onFinishInput():3227
10-10 08:27:27.818  1421  1421 I GoogleInputMethodService: GoogleInputMethodService.updateDeviceLockedStatus():2087 repeatCheckTimes = 0, unlocked = true
10-10 08:27:27.818  1421  1421 I GoogleInputMethodService: GoogleInputMethodService.onStartInput():1877 onStartInput(EditorInfo{inputType=0x0(NULL) imeOptions=0x0 privateImeOptions=null actionName=UNSPECIFIED actionLabel=null actionId=0 initialSelStart=-1 initialSelEnd=-1 initialCapsMode=0x0 hintText=null label=null packageName=com.google.android.apps.nexuslauncher fieldId=-1 fieldName=null extras=null}, false)
10-10 08:27:27.818  1421  1421 I GoogleInputMethodService: GoogleInputMethodService.shouldHideHeaderOnInitialState():4008 ShouldHideHeaderOnInitialState = false
10-10 08:27:27.818  1421  1421 I GoogleInputMethodService: GoogleInputMethodService.updateDeviceLockedStatus():2087 repeatCheckTimes = 2, unlocked = true
10-10 08:27:27.823   343   428 W TransactionTracing: Could not find layer handle 0xb40000767324c4f0
10-10 08:27:27.830  1674  1900 I A       : (REDACTED) Created StreamSubTree successfully, items %s
10-10 08:27:27.831  1674  1900 I A       : (REDACTED) RenderableStreamDataSource#loadData - sessionStatus(%s)
10-10 08:27:27.843  1674  1900 I A       : RenderableStreamDataSource#loadData - cacheHit
10-10 08:27:27.844  1674  1900 I A       : (REDACTED) RenderableStreamDataSource#loadData - succeed, cache status: %s
10-10 08:27:27.846  1674  1866 I A       : #onAppFlowEventLogged
10-10 08:27:27.848  1674  1674 I A       : (REDACTED) StreamFragmentPeer#onNewData called, renderable slices %s
10-10 08:27:27.852  1674  5179 W Glide   : Load failed for [] with dimensions [-2147483648x-2147483648]
10-10 08:27:27.852  1674  5179 W Glide   : class com.bumptech.glide.load.a.ap: Failed to load resource
10-10 08:27:27.854   343   428 W TransactionTracing: Could not find layer handle 0xb4000076732474b0
10-10 08:27:27.877  1674  1867 I A       : #onAppFlowEventLogged
10-10 08:27:27.937   502  2278 I ActivityManager: Force stopping net.dvpay.app appid=10127 user=0: from pid 5182
10-10 08:27:27.940   844   844 D CarrierSvcBindHelper: onHandleForceStop: [net.dvpay.app]
10-10 08:27:27.941   844   844 D CarrierSvcBindHelper: No carrier app for: 0
10-10 08:27:27.943  1674  1674 W View    : requestLayout() improperly called by android.widget.FrameLayout{dda533a V.E...... ......ID 0,0-1080,308 #7f0b11e3 app:id/googleapp_discover_header_container} during layout: running second layout pass
10-10 08:27:27.947  1674  1866 I A       : #onAppFlowEventLogged
10-10 08:27:28.224   502  2278 D CompatibilityChangeReporter: Compat change id reported: 161252188; UID 10127; state: DISABLED
10-10 08:27:28.224   502  2278 I ActivityTaskManager: START u0 {flg=0x10000000 cmp=net.dvpay.app/.MainActivity} from uid 2000
10-10 08:27:28.225   502  2278 D CompatibilityChangeReporter: Compat change id reported: 265464455; UID 10127; state: DISABLED
10-10 08:27:28.226   502  2278 D CompatibilityChangeReporter: Compat change id reported: 265452344; UID 10127; state: DISABLED
10-10 08:27:28.226   502  2278 D CompatibilityChangeReporter: Compat change id reported: 266124927; UID 10127; state: DISABLED
10-10 08:27:28.226   502  2278 D CompatibilityChangeReporter: Compat change id reported: 265451093; UID 10127; state: DISABLED
10-10 08:27:28.226   502  2278 D CompatibilityChangeReporter: Compat change id reported: 265456536; UID 10127; state: DISABLED
10-10 08:27:28.226   502  2278 D CompatibilityChangeReporter: Compat change id reported: 255940284; UID 10127; state: DISABLED
10-10 08:27:28.226   502  2278 D CompatibilityChangeReporter: Compat change id reported: 236283604; UID 10127; state: DISABLED
10-10 08:27:28.226   502  2278 D CompatibilityChangeReporter: Compat change id reported: 263959004; UID 10127; state: DISABLED
10-10 08:27:28.226   502  2278 D CompatibilityChangeReporter: Compat change id reported: 264304459; UID 10127; state: DISABLED
10-10 08:27:28.226   502  2278 D CompatibilityChangeReporter: Compat change id reported: 264301586; UID 10127; state: DISABLED
10-10 08:27:28.226   502  2278 D CompatibilityChangeReporter: Compat change id reported: 254631730; UID 10127; state: DISABLED
10-10 08:27:28.226   502  2278 D CompatibilityChangeReporter: Compat change id reported: 273509367; UID 10127; state: DISABLED
10-10 08:27:28.226   502  2278 D CompatibilityChangeReporter: Compat change id reported: 263259275; UID 10127; state: DISABLED
10-10 08:27:28.226   502  2278 D CompatibilityChangeReporter: Compat change id reported: 194480991; UID 10127; state: ENABLED
10-10 08:27:28.227   502  2278 D CompatibilityChangeReporter: Compat change id reported: 174042980; UID 10127; state: DISABLED
10-10 08:27:28.229   502  2278 D CompatibilityChangeReporter: Compat change id reported: 184838306; UID 10127; state: DISABLED
10-10 08:27:28.229   502  2278 D CompatibilityChangeReporter: Compat change id reported: 185004937; UID 10127; state: DISABLED
10-10 08:27:28.230   502  2278 D CompatibilityChangeReporter: Compat change id reported: 205907456; UID 10127; state: ENABLED
10-10 08:27:28.235   714   941 W Parcel  : Expecting binder but got null!
10-10 08:27:28.236   502   707 D CompatibilityChangeReporter: Compat change id reported: 168419799; UID 10127; state: DISABLED
10-10 08:27:28.236   502   707 D CompatibilityChangeReporter: Compat change id reported: 273564678; UID 10127; state: DISABLED
10-10 08:27:28.239   502   522 D CompatibilityChangeReporter: Compat change id reported: 135634846; UID 10127; state: DISABLED
10-10 08:27:28.239   502   522 D CompatibilityChangeReporter: Compat change id reported: 177438394; UID 10127; state: DISABLED
10-10 08:27:28.239   502   522 D CompatibilityChangeReporter: Compat change id reported: 135772972; UID 10127; state: DISABLED
10-10 08:27:28.239   502   522 D CompatibilityChangeReporter: Compat change id reported: 135754954; UID 10127; state: ENABLED
10-10 08:27:28.240   502   707 D CoreBackPreview: Window{78f8bc u0 Splash Screen net.dvpay.app}: Setting back callback OnBackInvokedCallbackInfo{mCallback=android.window.IOnBackInvokedCallback$Stub$Proxy@70214cb, mPriority=0}
10-10 08:27:28.241   714   932 D SplashScreenView: Build android.window.SplashScreenView{9b6d486 V.E...... ......ID 0,0-0,0}
10-10 08:27:28.241   714   932 D SplashScreenView: Icon: view: android.widget.ImageView{d3d8147 V.ED..... ......I. 0,0-0,0 #10204dd android:id/splashscreen_icon_view} drawable: com.android.wm.shell.startingsurface.SplashscreenIconDrawableFactory$ImmobileIconDrawable@47ddd74 size: 528
10-10 08:27:28.241   714   932 D SplashScreenView: Branding: view: android.view.View{ec8d29d G.ED..... ......I. 0,0-0,0 #10204dc android:id/splashscreen_branding_view} drawable: null size w: 0 h: 0
10-10 08:27:28.243   502   531 D CompatibilityChangeReporter: Compat change id reported: 143937733; UID 10127; state: ENABLED
10-10 08:27:28.245  1022  1022 D MainContentCaptureSession: Flushing 1 event(s) for act:com.google.android.apps.nexuslauncher/.NexusLauncherActivity [state=2 (ACTIVE), disabled=false], reason=FULL
10-10 08:27:28.246   298   298 I Zygote  : Entering forkRepeatedly native zygote loop
10-10 08:27:28.250   298   298 D Zygote  : Forked child process 5185
10-10 08:27:28.251   502   531 I ActivityManager: Start proc 5185:net.dvpay.app/u0a127 for next-top-activity {net.dvpay.app/net.dvpay.app.MainActivity}
10-10 08:27:28.263  5185  5185 I net.dvpay.app: Using CollectorTypeCC GC.
10-10 08:27:28.264   714   941 E OpenGLRenderer: Unable to match the desired swap behavior.
10-10 08:27:28.281   355   439 I adbd    : jdwp connection from 5185
10-10 08:27:28.304  5185  5185 D CompatibilityChangeReporter: Compat change id reported: 171979766; UID 10127; state: ENABLED
10-10 08:27:28.316  5185  5185 D nativeloader: Configuring classloader-namespace for other apk /system_ext/framework/androidx.window.extensions.jar. target_sdk_version=35, uses_libraries=ALL, library_path=/data/app/~~805BKRy3Dx1mIqpCEGLfVg==/net.dvpay.app-YaAgPf-fQSuOJHTTDrYCew==/lib/arm64:/data/app/~~805BKRy3Dx1mIqpCEGLfVg==/net.dvpay.app-YaAgPf-fQSuOJHTTDrYCew==/base.apk!/lib/arm64-v8a:/data/app/~~805BKRy3Dx1mIqpCEGLfVg==/net.dvpay.app-YaAgPf-fQSuOJHTTDrYCew==/split_config.arm64_v8a.apk!/lib/arm64-v8a:/data/app/~~805BKRy3Dx1mIqpCEGLfVg==/net.dvpay.app-YaAgPf-fQSuOJHTTDrYCew==/split_config.de.apk!/lib/arm64-v8a:/data/app/~~805BKRy3Dx1mIqpCEGLfVg==/net.dvpay.app-YaAgPf-fQSuOJHTTDrYCew==/split_config.en.apk!/lib/arm64-v8a:/data/app/~~805BKRy3Dx1mIqpCEGLfVg==/net.dvpay.app-YaAgPf-fQSuOJHTTDrYCew==/split_config.xxhdpi.apk!/lib/arm64-v8a, permitted_path=/data:/mnt/expand:/data/user/0/net.dvpay.app
10-10 08:27:28.318  5185  5185 D nativeloader: Configuring classloader-namespace for other apk /system_ext/framework/androidx.window.sidecar.jar. target_sdk_version=35, uses_libraries=ALL, library_path=/data/app/~~805BKRy3Dx1mIqpCEGLfVg==/net.dvpay.app-YaAgPf-fQSuOJHTTDrYCew==/lib/arm64:/data/app/~~805BKRy3Dx1mIqpCEGLfVg==/net.dvpay.app-YaAgPf-fQSuOJHTTDrYCew==/base.apk!/lib/arm64-v8a:/data/app/~~805BKRy3Dx1mIqpCEGLfVg==/net.dvpay.app-YaAgPf-fQSuOJHTTDrYCew==/split_config.arm64_v8a.apk!/lib/arm64-v8a:/data/app/~~805BKRy3Dx1mIqpCEGLfVg==/net.dvpay.app-YaAgPf-fQSuOJHTTDrYCew==/split_config.de.apk!/lib/arm64-v8a:/data/app/~~805BKRy3Dx1mIqpCEGLfVg==/net.dvpay.app-YaAgPf-fQSuOJHTTDrYCew==/split_config.en.apk!/lib/arm64-v8a:/data/app/~~805BKRy3Dx1mIqpCEGLfVg==/net.dvpay.app-YaAgPf-fQSuOJHTTDrYCew==/split_config.xxhdpi.apk!/lib/arm64-v8a, permitted_path=/data:/mnt/expand:/data/user/0/net.dvpay.app
10-10 08:27:28.325  5185  5185 W ziparchive: Unable to open '/data/app/~~805BKRy3Dx1mIqpCEGLfVg==/net.dvpay.app-YaAgPf-fQSuOJHTTDrYCew==/split_config.arm64_v8a.dm': No such file or directory
10-10 08:27:28.326  5185  5185 W ziparchive: Unable to open '/data/app/~~805BKRy3Dx1mIqpCEGLfVg==/net.dvpay.app-YaAgPf-fQSuOJHTTDrYCew==/split_config.arm64_v8a.dm': No such file or directory
10-10 08:27:28.326  5185  5185 W net.dvpay.app: Entry not found
10-10 08:27:28.327  5185  5185 W ziparchive: Unable to open '/data/app/~~805BKRy3Dx1mIqpCEGLfVg==/net.dvpay.app-YaAgPf-fQSuOJHTTDrYCew==/split_config.de.dm': No such file or directory
10-10 08:27:28.327  5185  5185 W ziparchive: Unable to open '/data/app/~~805BKRy3Dx1mIqpCEGLfVg==/net.dvpay.app-YaAgPf-fQSuOJHTTDrYCew==/split_config.de.dm': No such file or directory
10-10 08:27:28.327  5185  5185 W net.dvpay.app: Entry not found
10-10 08:27:28.327  5185  5185 W ziparchive: Unable to open '/data/app/~~805BKRy3Dx1mIqpCEGLfVg==/net.dvpay.app-YaAgPf-fQSuOJHTTDrYCew==/split_config.en.dm': No such file or directory
10-10 08:27:28.327  5185  5185 W ziparchive: Unable to open '/data/app/~~805BKRy3Dx1mIqpCEGLfVg==/net.dvpay.app-YaAgPf-fQSuOJHTTDrYCew==/split_config.en.dm': No such file or directory
10-10 08:27:28.327  5185  5185 W net.dvpay.app: Entry not found
10-10 08:27:28.327  5185  5185 W ziparchive: Unable to open '/data/app/~~805BKRy3Dx1mIqpCEGLfVg==/net.dvpay.app-YaAgPf-fQSuOJHTTDrYCew==/split_config.xxhdpi.dm': No such file or directory
10-10 08:27:28.327  5185  5185 W ziparchive: Unable to open '/data/app/~~805BKRy3Dx1mIqpCEGLfVg==/net.dvpay.app-YaAgPf-fQSuOJHTTDrYCew==/split_config.xxhdpi.dm': No such file or directory
10-10 08:27:28.327  5185  5185 W net.dvpay.app: Entry not found
10-10 08:27:28.327  5185  5185 D nativeloader: Configuring classloader-namespace for other apk /data/app/~~805BKRy3Dx1mIqpCEGLfVg==/net.dvpay.app-YaAgPf-fQSuOJHTTDrYCew==/base.apk:/data/app/~~805BKRy3Dx1mIqpCEGLfVg==/net.dvpay.app-YaAgPf-fQSuOJHTTDrYCew==/split_config.arm64_v8a.apk:/data/app/~~805BKRy3Dx1mIqpCEGLfVg==/net.dvpay.app-YaAgPf-fQSuOJHTTDrYCew==/split_config.de.apk:/data/app/~~805BKRy3Dx1mIqpCEGLfVg==/net.dvpay.app-YaAgPf-fQSuOJHTTDrYCew==/split_config.en.apk:/data/app/~~805BKRy3Dx1mIqpCEGLfVg==/net.dvpay.app-YaAgPf-fQSuOJHTTDrYCew==/split_config.xxhdpi.apk. target_sdk_version=35, uses_libraries=, library_path=/data/app/~~805BKRy3Dx1mIqpCEGLfVg==/net.dvpay.app-YaAgPf-fQSuOJHTTDrYCew==/lib/arm64:/data/app/~~805BKRy3Dx1mIqpCEGLfVg==/net.dvpay.app-YaAgPf-fQSuOJHTTDrYCew==/base.apk!/lib/arm64-v8a:/data/app/~~805BKRy3Dx1mIqpCEGLfVg==/net.dvpay.app-YaAgPf-fQSuOJHTTDrYCew==/split_config.arm64_v8a.apk!/lib/arm64-v8a:/data/app/~~805BKRy3Dx1mIqpCEGLfVg==/net.dvpay.app-YaAgPf-fQSuOJHTTDrYCew==/split_config.de.apk!/lib/arm64-v8a:/data/app/~~805BKRy3Dx1mIq
10-10 08:27:28.329  5185  5185 W net.dvpay.app: JIT profile information will not be recorded: profile file does not exist.
10-10 08:27:28.329  5185  5185 W net.dvpay.app: JIT profile information will not be recorded: profile file does not exist.
10-10 08:27:28.329  5185  5185 W net.dvpay.app: JIT profile information will not be recorded: profile file does not exist.
10-10 08:27:28.329  5185  5185 W net.dvpay.app: JIT profile information will not be recorded: profile file does not exist.
10-10 08:27:28.351   502   707 W ActivityTaskManager: takeTaskSnapshot: taskId=4800 not found or not visible
10-10 08:27:28.381  5185  5185 V GraphicsEnvironment: ANGLE Developer option for 'net.dvpay.app' set to: 'default'
10-10 08:27:28.381  5185  5185 V GraphicsEnvironment: ANGLE GameManagerService for net.dvpay.app: false
10-10 08:27:28.381  5185  5185 V GraphicsEnvironment: Neither updatable production driver nor prerelease driver is supported.
10-10 08:27:28.386  5185  5185 D NetworkSecurityConfig: No Network Security Config specified, using platform default
10-10 08:27:28.387  5185  5185 D NetworkSecurityConfig: No Network Security Config specified, using platform default
10-10 08:27:28.420   343   428 W TransactionTracing: Could not find layer handle 0xb40000767324f730
10-10 08:27:28.444  5185  5185 D CompatibilityChangeReporter: Compat change id reported: 183155436; UID 10127; state: ENABLED
10-10 08:27:28.463  5185  5185 I FirebaseApp: Device unlocked: initializing all Firebase APIs for app [DEFAULT]
10-10 08:27:28.477  5185  5185 I FirebaseInitProvider: FirebaseApp initialization successful
10-10 08:27:28.477  5185  5185 D FLTFireContextHolder: received application context.
10-10 08:27:28.493   714   941 D EGL_emulation: app_time_stats: avg=36127.04ms min=1.65ms max=288687.44ms count=8
10-10 08:27:28.510  5185  5216 D libEGL  : loaded /vendor/lib64/egl/libEGL_emulation.so
10-10 08:27:28.511  5185  5216 D libEGL  : loaded /vendor/lib64/egl/libGLESv1_CM_emulation.so
10-10 08:27:28.512  5185  5216 D libEGL  : loaded /vendor/lib64/egl/libGLESv2_emulation.so
10-10 08:27:28.552  5185  5185 I flutter : [INFO:flutter/shell/common/shorebird/shorebird.cc(281)] Shorebird updater: no active patch.
10-10 08:27:28.553  5185  5185 I flutter : updater::updater: [shorebird] Reporting launch start.
10-10 08:27:28.553  5185  5185 I flutter : [INFO:flutter/shell/common/shorebird/shorebird.cc(307)] Shorebird auto_update disabled, not checking for updates.
10-10 08:27:28.570   343   428 W TransactionTracing: Could not find layer handle 0xb40000767324b2f0
10-10 08:27:28.570   343   428 W TransactionTracing: Could not find layer handle 0xb40000767324ce50
10-10 08:27:28.570   343   428 W TransactionTracing: Could not find layer handle 0xb40000767324ce50
10-10 08:27:28.570   343   428 W TransactionTracing: Could not find layer handle 0xb40000767324b2f0
10-10 08:27:28.568  5185  5185 W net.dvpay.app: type=1400 audit(0.0:54): avc: denied { read } for name="max_map_count" dev="proc" ino=75080 scontext=u:r:untrusted_app:s0:c127,c256,c512,c768 tcontext=u:object_r:proc_max_map_count:s0 tclass=file permissive=0 app=net.dvpay.app
10-10 08:27:28.578  5185  5185 I flutter : updater::updater: [shorebird] Reporting successful launch.
10-10 08:27:28.579  1022  1022 D MainContentCaptureSession: Flushing 2 event(s) for act:com.google.android.apps.nexuslauncher/.NexusLauncherActivity [state=2 (ACTIVE), disabled=false], reason=VIEW_TREE_APPEARING
10-10 08:27:28.579  1022  1022 D MainContentCaptureSession: Flushing 2 event(s) for act:com.google.android.apps.nexuslauncher/.NexusLauncherActivity [state=2 (ACTIVE), disabled=false], reason=VIEW_TREE_APPEARED
10-10 08:27:28.588  5185  5185 D HostConnection: HostComposition ext ANDROID_EMU_CHECKSUM_HELPER_v1 ANDROID_EMU_native_sync_v2 ANDROID_EMU_native_sync_v3 ANDROID_EMU_native_sync_v4 ANDROID_EMU_dma_v1 ANDROID_EMU_direct_mem ANDROID_EMU_host_composition_v1 ANDROID_EMU_host_composition_v2 ANDROID_EMU_vulkan ANDROID_EMU_deferred_vulkan_commands ANDROID_EMU_vulkan_null_optional_strings ANDROID_EMU_vulkan_create_resources_with_requirements ANDROID_EMU_YUV_Cache ANDROID_EMU_vulkan_ignored_handles ANDROID_EMU_has_shared_slots_host_memory_allocator ANDROID_EMU_vulkan_free_memory_sync ANDROID_EMU_vulkan_shader_float16_int8 ANDROID_EMU_vulkan_async_queue_submit ANDROID_EMU_vulkan_queue_submit_with_commands ANDROID_EMU_sync_buffer_data ANDROID_EMU_vulkan_async_qsri ANDROID_EMU_read_color_buffer_dma ANDROID_EMU_hwc_multi_configs GL_OES_EGL_image_external_essl3 GL_OES_vertex_array_object ANDROID_EMU_host_side_tracing ANDROID_EMU_gles_max_version_3_0
10-10 08:27:28.593  5185  5185 D EGL_emulation: eglCreateContext: 0xb4000071f2f9ce50: maj 3 min 0 rcv 3
10-10 08:27:28.594  5185  5185 D EGL_emulation: eglCreateContext: 0xb4000071f2f9b7d0: maj 3 min 0 rcv 3
10-10 08:27:28.594  5185  5185 D EGL_emulation: eglMakeCurrent: 0xb4000071f2f9b7d0: ver 3 0 (tinfo 0x7408952080) (first time)
10-10 08:27:28.598  5185  5185 I flutter : [IMPORTANT:flutter/shell/platform/android/android_context_gl_impeller.cc(94)] Using the Impeller rendering backend (OpenGLES).
10-10 08:27:28.600  5185  5220 D HostConnection: HostComposition ext ANDROID_EMU_CHECKSUM_HELPER_v1 ANDROID_EMU_native_sync_v2 ANDROID_EMU_native_sync_v3 ANDROID_EMU_native_sync_v4 ANDROID_EMU_dma_v1 ANDROID_EMU_direct_mem ANDROID_EMU_host_composition_v1 ANDROID_EMU_host_composition_v2 ANDROID_EMU_vulkan ANDROID_EMU_deferred_vulkan_commands ANDROID_EMU_vulkan_null_optional_strings ANDROID_EMU_vulkan_create_resources_with_requirements ANDROID_EMU_YUV_Cache ANDROID_EMU_vulkan_ignored_handles ANDROID_EMU_has_shared_slots_host_memory_allocator ANDROID_EMU_vulkan_free_memory_sync ANDROID_EMU_vulkan_shader_float16_int8 ANDROID_EMU_vulkan_async_queue_submit ANDROID_EMU_vulkan_queue_submit_with_commands ANDROID_EMU_sync_buffer_data ANDROID_EMU_vulkan_async_qsri ANDROID_EMU_read_color_buffer_dma ANDROID_EMU_hwc_multi_configs GL_OES_EGL_image_external_essl3 GL_OES_vertex_array_object ANDROID_EMU_host_side_tracing ANDROID_EMU_gles_max_version_3_0
10-10 08:27:28.600  5185  5220 D EGL_emulation: eglMakeCurrent: 0xb4000071f2f9b7d0: ver 3 0 (tinfo 0x7408952100) (first time)
10-10 08:27:28.633  5185  5185 D com.llfbandit.app_links: Intent { flg=0x10000000 cmp=net.dvpay.app/.MainActivity }
10-10 08:27:28.635  5185  5185 D FLTFireContextHolder: received application context.
10-10 08:27:28.663  5185  5185 D CompatibilityChangeReporter: Compat change id reported: 193247900; UID 10127; state: ENABLED
10-10 08:27:28.684  5185  5185 D CompatibilityChangeReporter: Compat change id reported: 237531167; UID 10127; state: DISABLED
10-10 08:27:28.690  5185  5214 W Parcel  : Expecting binder but got null!
10-10 08:27:28.695   502  2262 D CoreBackPreview: Window{fa0fb52 u0 net.dvpay.app/net.dvpay.app.MainActivity}: Setting back callback OnBackInvokedCallbackInfo{mCallback=android.window.IOnBackInvokedCallback$Stub$Proxy@1f67f20, mPriority=0}
10-10 08:27:28.734  5185  5214 D HostConnection: HostComposition ext ANDROID_EMU_CHECKSUM_HELPER_v1 ANDROID_EMU_native_sync_v2 ANDROID_EMU_native_sync_v3 ANDROID_EMU_native_sync_v4 ANDROID_EMU_dma_v1 ANDROID_EMU_direct_mem ANDROID_EMU_host_composition_v1 ANDROID_EMU_host_composition_v2 ANDROID_EMU_vulkan ANDROID_EMU_deferred_vulkan_commands ANDROID_EMU_vulkan_null_optional_strings ANDROID_EMU_vulkan_create_resources_with_requirements ANDROID_EMU_YUV_Cache ANDROID_EMU_vulkan_ignored_handles ANDROID_EMU_has_shared_slots_host_memory_allocator ANDROID_EMU_vulkan_free_memory_sync ANDROID_EMU_vulkan_shader_float16_int8 ANDROID_EMU_vulkan_async_queue_submit ANDROID_EMU_vulkan_queue_submit_with_commands ANDROID_EMU_sync_buffer_data ANDROID_EMU_vulkan_async_qsri ANDROID_EMU_read_color_buffer_dma ANDROID_EMU_hwc_multi_configs GL_OES_EGL_image_external_essl3 GL_OES_vertex_array_object ANDROID_EMU_host_side_tracing ANDROID_EMU_gles_max_version_3_0
10-10 08:27:28.734  5185  5214 W OpenGLRenderer: Failed to choose config with EGL_SWAP_BEHAVIOR_PRESERVED, retrying without...
10-10 08:27:28.735  5185  5214 W OpenGLRenderer: Failed to initialize 101010-2 format, error = EGL_SUCCESS
10-10 08:27:28.737  5185  5214 D EGL_emulation: eglCreateContext: 0xb4000071f2fa2a90: maj 3 min 0 rcv 3
10-10 08:27:28.739  5185  5214 D EGL_emulation: eglMakeCurrent: 0xb4000071f2fa2a90: ver 3 0 (tinfo 0x7408952180) (first time)
10-10 08:27:28.740   150   150 I hwservicemanager: getTransport: Cannot find entry android.hardware.graphics.mapper@4.0::IMapper/default in either framework or device VINTF manifest.
10-10 08:27:28.741  5185  5219 I Gralloc4: mapper 4.x is not supported
10-10 08:27:28.742   714   941 D EGL_emulation: app_time_stats: avg=62.15ms min=7.68ms max=816.73ms count=18
10-10 08:27:28.745   150   150 I hwservicemanager: getTransport: Cannot find entry android.hardware.graphics.allocator@4.0::IAllocator/default in either framework or device VINTF manifest.
10-10 08:27:28.746   149   149 I servicemanager: Could not find android.hardware.graphics.allocator.IAllocator/default in the VINTF manifest.
10-10 08:27:28.746  5185  5219 W Gralloc4: allocator 4.x is not supported
10-10 08:27:28.752  5185  5219 D HostConnection: HostComposition ext ANDROID_EMU_CHECKSUM_HELPER_v1 ANDROID_EMU_native_sync_v2 ANDROID_EMU_native_sync_v3 ANDROID_EMU_native_sync_v4 ANDROID_EMU_dma_v1 ANDROID_EMU_direct_mem ANDROID_EMU_host_composition_v1 ANDROID_EMU_host_composition_v2 ANDROID_EMU_vulkan ANDROID_EMU_deferred_vulkan_commands ANDROID_EMU_vulkan_null_optional_strings ANDROID_EMU_vulkan_create_resources_with_requirements ANDROID_EMU_YUV_Cache ANDROID_EMU_vulkan_ignored_handles ANDROID_EMU_has_shared_slots_host_memory_allocator ANDROID_EMU_vulkan_free_memory_sync ANDROID_EMU_vulkan_shader_float16_int8 ANDROID_EMU_vulkan_async_queue_submit ANDROID_EMU_vulkan_queue_submit_with_commands ANDROID_EMU_sync_buffer_data ANDROID_EMU_vulkan_async_qsri ANDROID_EMU_read_color_buffer_dma ANDROID_EMU_hwc_multi_configs GL_OES_EGL_image_external_essl3 GL_OES_vertex_array_object ANDROID_EMU_host_side_tracing ANDROID_EMU_gles_max_version_3_0
10-10 08:27:28.757  5185  5214 E OpenGLRenderer: Unable to match the desired swap behavior.
10-10 08:27:28.762  5185  5219 D HostConnection: HostComposition ext ANDROID_EMU_CHECKSUM_HELPER_v1 ANDROID_EMU_native_sync_v2 ANDROID_EMU_native_sync_v3 ANDROID_EMU_native_sync_v4 ANDROID_EMU_dma_v1 ANDROID_EMU_direct_mem ANDROID_EMU_host_composition_v1 ANDROID_EMU_host_composition_v2 ANDROID_EMU_vulkan ANDROID_EMU_deferred_vulkan_commands ANDROID_EMU_vulkan_null_optional_strings ANDROID_EMU_vulkan_create_resources_with_requirements ANDROID_EMU_YUV_Cache ANDROID_EMU_vulkan_ignored_handles ANDROID_EMU_has_shared_slots_host_memory_allocator ANDROID_EMU_vulkan_free_memory_sync ANDROID_EMU_vulkan_shader_float16_int8 ANDROID_EMU_vulkan_async_queue_submit ANDROID_EMU_vulkan_queue_submit_with_commands ANDROID_EMU_sync_buffer_data ANDROID_EMU_vulkan_async_qsri ANDROID_EMU_read_color_buffer_dma ANDROID_EMU_hwc_multi_configs GL_OES_EGL_image_external_essl3 GL_OES_vertex_array_object ANDROID_EMU_host_side_tracing ANDROID_EMU_gles_max_version_3_0
10-10 08:27:28.763  5185  5219 D EGL_emulation: eglMakeCurrent: 0xb4000071f2f9ce50: ver 3 0 (tinfo 0x7408952200) (first time)
10-10 08:27:28.765   502   502 W AccessibilityManagerService:  wait for adding window timeout: 16
10-10 08:27:29.235   502   502 W AccessibilityManagerService:  wait for adding window timeout: 17
10-10 08:27:29.330  5185  5185 I Choreographer: Skipped 35 frames!  The application may be doing too much work on its main thread.
10-10 08:27:29.337   887   900 I FontLog : Received query Noto Color Emoji Compat, URI content://com.google.android.gms.fonts [CONTEXT service_id=132 ]
10-10 08:27:29.338   887   900 I FontLog : Query [emojicompat-emoji-font] resolved to {Noto Color Emoji Compat, wdth 100.0, wght 400, ital 0.0, bestEffort false} [CONTEXT service_id=132 ]
10-10 08:27:29.345   887   900 I FontLog : Fetch {Noto Color Emoji Compat, wdth 100.0, wght 400, ital 0.0, bestEffort false} end status Status{statusCode=SUCCESS, resolution=null} [CONTEXT service_id=132 ]
10-10 08:27:29.350   887   900 I FontLog : Pulling font file for id = 13, cache size = 8 [CONTEXT service_id=132 ]
10-10 08:27:29.357   887   900 I FontLog : Pulling font file for id = 13, cache size = 8 [CONTEXT service_id=132 ]
10-10 08:27:29.506   714   941 D EGL_emulation: app_time_stats: avg=7.85ms min=0.60ms max=31.81ms count=59
10-10 08:27:29.550  5185  5185 I MMKV    : Disable checkProcessMode()
10-10 08:27:29.552  5185  5185 I MMKV    : current API level = 33, libc++_shared=0
10-10 08:27:29.552  5185  5185 I MMKV    : <MMKV.cpp:165::initialize> version v1.2.15, page size 4096, arch arm64-v8a
10-10 08:27:29.552  5185  5185 I MMKV    : <MMKV.cpp:176::initialize> armv8 AES instructions is supported
10-10 08:27:29.552  5185  5185 I MMKV    : <MMKV.cpp:184::initialize> armv8 CRC32 instructions is supported
10-10 08:27:29.552  5185  5185 I MMKV    : <MMKV.cpp:208::initializeMMKV> root dir: /data/user/0/net.dvpay.app/files/mmkv
10-10 08:27:29.552  5185  5185 I MMKV    : <MemoryFile.cpp:97::open> open fd[0x93], /data/user/0/net.dvpay.app/files/mmkv/dvpay
10-10 08:27:29.552  5185  5185 I MMKV    : <MemoryFile.cpp:97::open> open fd[0x94], /data/user/0/net.dvpay.app/files/mmkv/dvpay.crc
10-10 08:27:29.553  5185  5185 I MMKV    : <MMKV_IO.cpp:81::loadFromFile> loading [dvpay] with 55 actual size, file size 4096, InterProcess 1, meta info version:3
10-10 08:27:29.553  5185  5185 I MMKV    : <MMKV_IO.cpp:86::loadFromFile> loading [dvpay] with crc 374774799 sequence 1 version 3
10-10 08:27:29.553  5185  5185 I MMKV    : <MMKV_IO.cpp:130::loadFromFile> loaded [dvpay] with 1 key-values
10-10 08:27:29.560   502  2262 W TelephonyPermissions: reportAccessDeniedToReadIdentifiers:net.dvpay.app:getSerial:-1
10-10 08:27:29.568   502  2262 D ConnectivityService: requestNetwork for uid/pid:10127/5185 activeRequest: null callbackRequest: 119 [NetworkRequest [ REQUEST id=120, [ Capabilities: INTERNET&NOT_RESTRICTED&TRUSTED&NOT_VCN_MANAGED Uid: 10127 RequestorUid: 10127 RequestorPkg: net.dvpay.app UnderlyingNetworks: Null] ]] callback flags: 0 order: 2147483647
10-10 08:27:29.574   502   627 D ConnectivityService: NetReassign [120 : null → 101] [c 0] [a 4] [i 1]
10-10 08:27:29.574   502   620 D WifiNetworkFactory: got request NetworkRequest [ REQUEST id=120, [ Capabilities: INTERNET&NOT_RESTRICTED&TRUSTED&NOT_VCN_MANAGED Uid: 10127 RequestorUid: 10127 RequestorPkg: net.dvpay.app UnderlyingNetworks: Null] ]
10-10 08:27:29.574   502   620 D UntrustedWifiNetworkFactory: got request NetworkRequest [ REQUEST id=120, [ Capabilities: INTERNET&NOT_RESTRICTED&TRUSTED&NOT_VCN_MANAGED Uid: 10127 RequestorUid: 10127 RequestorPkg: net.dvpay.app UnderlyingNetworks: Null] ]
10-10 08:27:29.574   502   620 D OemPaidWifiNetworkFactory: got request NetworkRequest [ REQUEST id=120, [ Capabilities: INTERNET&NOT_RESTRICTED&TRUSTED&NOT_VCN_MANAGED Uid: 10127 RequestorUid: 10127 RequestorPkg: net.dvpay.app UnderlyingNetworks: Null] ]
10-10 08:27:29.574   502   620 D MultiInternetWifiNetworkFactory: got request NetworkRequest [ REQUEST id=120, [ Capabilities: INTERNET&NOT_RESTRICTED&TRUSTED&NOT_VCN_MANAGED Uid: 10127 RequestorUid: 10127 RequestorPkg: net.dvpay.app UnderlyingNetworks: Null] ]
10-10 08:27:29.579   502  2262 D BiometricService: canAuthenticate: User=0, Caller=0, Authenticators=255
10-10 08:27:29.580   502  2262 D BiometricService/PreAuthInfo: Package: net.dvpay.app Sensor ID: 0 Modality: 2 Status: 7
10-10 08:27:29.580   502  2262 D BiometricService/PreAuthInfo: getCanAuthenticateInternal Modality: 2 AuthenticatorStatus: 7
10-10 08:27:29.580   502  2262 D AuthService: canAuthenticate, userId: 0, callingUserId: 0, authenticators: 255, result: 11
10-10 08:27:29.582   502  2262 D BiometricService: canAuthenticate: User=0, Caller=0, Authenticators=255
10-10 08:27:29.582   502  2262 D BiometricService/PreAuthInfo: Package: net.dvpay.app Sensor ID: 0 Modality: 2 Status: 7
10-10 08:27:29.582   502  2262 D BiometricService/PreAuthInfo: getCanAuthenticateInternal Modality: 2 AuthenticatorStatus: 7
10-10 08:27:29.582   502  2262 D AuthService: canAuthenticate, userId: 0, callingUserId: 0, authenticators: 255, result: 11
10-10 08:27:29.582   502  2262 D BiometricService: canAuthenticate: User=0, Caller=0, Authenticators=15
10-10 08:27:29.582   502  2262 D BiometricService/PreAuthInfo: Package: net.dvpay.app Sensor ID: 0 Modality: 2 Status: 7
10-10 08:27:29.582   502  2262 D BiometricService/PreAuthInfo: getCanAuthenticateInternal Modality: 2 AuthenticatorStatus: 7
10-10 08:27:29.582   502  2262 D AuthService: canAuthenticate, userId: 0, callingUserId: 0, authenticators: 15, result: 11
10-10 08:27:29.597  5185  5238 I FirebaseApp: Device unlocked: initializing all Firebase APIs for app dv-pay-36fe4
10-10 08:27:29.691  5185  5185 I ExoPlayerImpl: Init 5ef7cfc [AndroidXMedia3/1.5.1] [emu64a, sdk_gphone64_arm64, Google, 33]
10-10 08:27:29.699   502   707 D CompatibilityChangeReporter: Compat change id reported: 161145287; UID 10127; state: DISABLED
10-10 08:27:29.739   343   343 E SurfaceFlinger: Attempt to set frame rate on an unrecognized IGraphicBufferProducer
10-10 08:27:29.752  5185  5185 E SurfaceSyncer: Failed to find sync for id=0
10-10 08:27:29.796   300   484 E android.hardware.audio@7.1-impl.ranchu: device/generic/goldfish/audio/primary_device.cpp:getParameters:211 failure: Result::NOT_SUPPORTED
10-10 08:27:29.815  1022  1644 D OneSearchSuggestProvider: Shut down the binder channel
10-10 08:27:29.817  5185  5250 I DMCodecAdapterFactory: Creating an asynchronous MediaCodec adapter for track type video
10-10 08:27:29.819  1022  1049 I s.nexuslauncher: oneway function results for code 2 on binder at 0xb400007182ff69d0 will be dropped but finished with status UNKNOWN_TRANSACTION
10-10 08:27:29.821   343   428 W TransactionTracing: Could not find layer handle 0xb400007673247db0
10-10 08:27:29.821   343   428 W TransactionTracing: Could not find layer handle 0xb4000076732482f0
10-10 08:27:29.824   502  2282 D CompatibilityChangeReporter: Compat change id reported: 214016041; UID 10127; state: ENABLED
10-10 08:27:29.825   502   519 I ActivityTaskManager: Displayed net.dvpay.app/.MainActivity: +1s580ms
10-10 08:27:29.829  5185  5256 D CCodec  : allocate(c2.goldfish.h264.decoder)
10-10 08:27:29.830  1421  1421 I GoogleInputMethodService: GoogleInputMethodService.onFinishInput():3227
10-10 08:27:29.831  1421  1421 I GoogleInputMethodService: GoogleInputMethodService.updateDeviceLockedStatus():2087 repeatCheckTimes = 0, unlocked = true
10-10 08:27:29.831  1421  1421 I GoogleInputMethodService: GoogleInputMethodService.onStartInput():1877 onStartInput(EditorInfo{inputType=0x0(NULL) imeOptions=0x0 privateImeOptions=null actionName=UNSPECIFIED actionLabel=null actionId=0 initialSelStart=-1 initialSelEnd=-1 initialCapsMode=0x0 hintText=null label=null packageName=net.dvpay.app fieldId=-1 fieldName=null extras=null}, false)
10-10 08:27:29.831  1421  1421 I GoogleInputMethodService: GoogleInputMethodService.shouldHideHeaderOnInitialState():4008 ShouldHideHeaderOnInitialState = false
10-10 08:27:29.832  1421  1421 I GoogleInputMethodService: GoogleInputMethodService.updateDeviceLockedStatus():2087 repeatCheckTimes = 2, unlocked = true
10-10 08:27:29.834  5185  5256 I Codec2Client: Available Codec2 services: "default" "software"
10-10 08:27:29.837  5185  5256 I CCodec  : setting up 'default' as default (vendor) store
10-10 08:27:29.850   322   322 I GoldfishComponentStore: in init
10-10 08:27:29.850   322   322 I GoldfishComponentStore: loading dll of path libcodec2_goldfish_avcdec.so
10-10 08:27:29.851   322   322 I GoldfishComponentStore: Create()
10-10 08:27:29.852   714   941 D EGL_emulation: app_time_stats: avg=133.96ms min=3.30ms max=938.92ms count=8
10-10 08:27:29.853   322   322 I GoldfishComponentStore: created interface
10-10 08:27:29.854   322   322 I GoldfishComponentStore: created component
10-10 08:27:29.860  5185  5256 I CCodec  : Created component [c2.goldfish.h264.decoder]
10-10 08:27:29.862  5185  5256 D CCodecConfig: read media type: video/avc
10-10 08:27:29.882  5185  5256 D ReflectedParamUpdater: extent() != 1 for single value type: algo.buffers.max-count.values
10-10 08:27:29.884  5185  5256 D ReflectedParamUpdater: extent() != 1 for single value type: output.subscribed-indices.values
10-10 08:27:29.885  5185  5256 D ReflectedParamUpdater: extent() != 1 for single value type: input.buffers.allocator-ids.values
10-10 08:27:29.885  5185  5256 D ReflectedParamUpdater: extent() != 1 for single value type: output.buffers.allocator-ids.values
10-10 08:27:29.886  5185  5256 D ReflectedParamUpdater: extent() != 1 for single value type: algo.buffers.allocator-ids.values
10-10 08:27:29.888  5185  5256 D ReflectedParamUpdater: extent() != 1 for single value type: output.buffers.pool-ids.values
10-10 08:27:29.888  5185  5256 D ReflectedParamUpdater: extent() != 1 for single value type: algo.buffers.pool-ids.values
10-10 08:27:29.890  5185  5256 D ReflectedParamUpdater: ignored struct field coded.color-format.locations
10-10 08:27:29.892  5185  5256 D CCodecConfig: ignoring local param raw.size (0xd2001800) as it is already supported
10-10 08:27:29.893  5185  5256 D CCodecConfig: ignoring local param default.color (0x5200180b) as it is already supported
10-10 08:27:29.893  5185  5256 D ReflectedParamUpdater: ignored struct field raw.hdr-static-info.mastering
10-10 08:27:29.895  5185  5256 I CCodecConfig: query failed after returning 12 values (BAD_INDEX)
10-10 08:27:29.895  5185  5256 D CCodecConfig: c2 config diff is Dict {
10-10 08:27:29.895  5185  5256 D CCodecConfig:   c2::u32 coded.pl.level = 20496
10-10 08:27:29.895  5185  5256 D CCodecConfig:   c2::u32 coded.pl.profile = 20481
10-10 08:27:29.895  5185  5256 D CCodecConfig:   c2::u32 coded.vui.color.matrix = 0
10-10 08:27:29.895  5185  5256 D CCodecConfig:   c2::u32 coded.vui.color.primaries = 0
10-10 08:27:29.895  5185  5256 D CCodecConfig:   c2::u32 coded.vui.color.range = 2
10-10 08:27:29.895  5185  5256 D CCodecConfig:   c2::u32 coded.vui.color.transfer = 0
10-10 08:27:29.895  5185  5256 D CCodecConfig:   c2::u32 default.color.matrix = 0
10-10 08:27:29.895  5185  5256 D CCodecConfig:   c2::u32 default.color.primaries = 0
10-10 08:27:29.895  5185  5256 D CCodecConfig:   c2::u32 default.color.range = 0
10-10 08:27:29.895  5185  5256 D CCodecConfig:   c2::u32 default.color.transfer = 0
10-10 08:27:29.895  5185  5256 D CCodecConfig:   c2::u32 input.buffers.max-size.value = 6291456
10-10 08:27:29.895  5185  5256 D CCodecConfig:   c2::u32 input.delay.value = 0
10-10 08:27:29.895  5185  5256 D CCodecConfig:   string input.media-type.value = "video/avc"
10-10 08:27:29.895  5185  5256 D CCodecConfig:   c2::u32 output.delay.value = 8
10-10 08:27:29.895  5185  5256 D CCodecConfig:   string output.media-type.value = "video/raw"
10-10 08:27:29.895  5185  5256 D CCodecConfig:   c2::u32 raw.color.matrix = 0
10-10 08:27:29.895  5185  5256 D CCodecConfig:   c2::u32 raw.color.primaries = 0
10-10 08:27:29.895  5185  5256 D CCodecConfig:   c2::u32 raw.color.range = 2
10-10 08:27:29.895  5185  5256 D CCodecConfig:   c2::u32 raw.color.transfer = 0
10-10 08:27:29.895  5185  5256 D CCodecConfig:   c2::u32 raw.max-size.height = 240
10-10 08:27:29.895  5185  5256 D CCodecConfig:   c2::u32 raw.max-size.width = 320
10-10 08:27:29.895  5185  5256 D CCodecConfig:   c2::u32 raw.pixel-format.value = 35
10-10 08:27:29.895  5185  5256 D CCodecConfig:   c2::i32 raw.rotation.flip = 0
10-10 08:27:29.895  5185  5256 D CCodecConfig:   c2::i32 raw.rotation.value = 0
10-10 08:27:29.895  5185  5256 D CCodecConfig:   c2::u32 raw.sar.height = 1
10-10 08:27:29.895  5185  5256 D CCodecConfig:   c2::u32 raw.sar.width = 1
10-10 08:27:29.895  5185  5256 D CCodecConfig:   c2::u32 raw.size.height = 240
10-10 08:27:29.895  5185  5256 D CCodecConfig:   c2::u32 raw.size.width = 320
10-10 08:27:29.895  5185  5256 D CCodecConfig:   c2:
10-10 08:27:29.896  5185  5256 W ColorUtils: expected specified color aspects (2:0:0:0)
10-10 08:27:29.902  5185  5254 I MediaCodec: MediaCodec will operate in async mode
10-10 08:27:29.906  5185  5254 D MediaCodec: flushMediametrics
10-10 08:27:29.907  5185  5254 D SurfaceUtils: connecting to surface 0xb4000072e2fb2540, reason connectToSurface
10-10 08:27:29.907  5185  5254 I MediaCodec: [c2.goldfish.h264.decoder] setting surface generation to 5309441
10-10 08:27:29.907  5185  5254 D SurfaceUtils: disconnecting from surface 0xb4000072e2fb2540, reason connectToSurface(reconnect)
10-10 08:27:29.907  5185  5254 D SurfaceUtils: connecting to surface 0xb4000072e2fb2540, reason connectToSurface(reconnect)
10-10 08:27:29.908  5185  5256 D CCodec  : [c2.goldfish.h264.decoder] buffers are bound to CCodec for this session
10-10 08:27:29.909  5185  5256 D CCodecConfig: no c2 equivalents for log-session-id
10-10 08:27:29.909  5185  5256 D CCodecConfig: no c2 equivalents for csd-1
10-10 08:27:29.909  5185  5256 D CCodecConfig: no c2 equivalents for native-window
10-10 08:27:29.909  5185  5256 D CCodecConfig: no c2 equivalents for flags
10-10 08:27:29.910  5185  5256 D CCodecConfig: config failed => CORRUPTED
10-10 08:27:29.910  5185  5256 D CCodecConfig: c2 config diff is   c2::u32 raw.max-size.height = 1280
10-10 08:27:29.910  5185  5256 D CCodecConfig:   c2::u32 raw.max-size.width = 592
10-10 08:27:29.910  5185  5256 D CCodecConfig:   c2::u32 raw.size.height = 1280
