10-10 08:22:03.871   297   412 I netd    : setProcSysNet(4, 2, wlan0, retrans_time_ms, 750) <0.72ms> https://admin:admin@the-internet.herokuapp.com/basic_auth
10-10 08:22:03.871   297   412 I netd    : setProcSysNet(4, 2, wlan0, ucast_solicit, 10) <0.02ms>
10-10 08:22:03.871   297   412 I netd    : setProcSysNet(6, 2, wlan0, retrans_time_ms, 750) <0.05ms>
10-10 08:22:03.871   297   412 I netd    : setProcSysNet(6, 2, wlan0, ucast_solicit, 10) <0.01ms>
10-10 08:22:04.074  3840  3878 D EGL_emulation: app_time_stats: avg=36.35ms min=1.77ms max=790.57ms count=34
10-10 08:22:05.860   173  3784 I keystore2: keystore2::watchdog: Watchdog thread idle -> terminating. Have a great day.
10-10 08:22:06.144   161   161 I logd    : logdr: UID=2000 GID=2000 PID=3975 b tail=0 logMask=99 pid=0 start=0ns deadline=0ns
10-10 08:22:06.724  3840  3930 D BufferPoolAccessor2.0: bufferpool2 0xb400007242fa7768 : 0(0 size) total buffers - 0(0 size) used buffers - 119/124 (recycle/alloc) - 5/116 (fetch/transfer)
10-10 08:22:06.724  3840  3930 D BufferPoolAccessor2.0: bufferpool2 0xb400007242fb16f8 : 0(0 size) total buffers - 0(0 size) used buffers - 140/145 (recycle/alloc) - 5/133 (fetch/transfer)
10-10 08:22:06.724  3840  3930 D BufferPoolAccessor2.0: evictor expired: 2, evicted: 2
10-10 08:22:06.725   502  1557 D OomAdjuster: Not killing cached processes
10-10 08:22:07.179   401   758 D BufferPoolAccessor2.0: bufferpool2 0xb400007578a43c28 : 0(0 size) total buffers - 0(0 size) used buffers - 127/131 (recycle/alloc) - 4/131 (fetch/transfer)
10-10 08:22:07.179   401   758 D BufferPoolAccessor2.0: evictor expired: 1, evicted: 1
10-10 08:22:09.206  1365  1655 I CarrierServices: [37] fzj.run: delay time out, reset attempts 3 and process SIM event
10-10 08:22:09.211  1365  1655 W CarrierServices: [37] fzg.a: (Sim): process intent: android.intent.action.SIM_STATE_CHANGED
10-10 08:22:09.222  1365  1655 I CarrierServices: [37] fzg.o: (Sim): Processing an intent
10-10 08:22:09.224  1365  1655 I CarrierServices: [37] fzg.z: (Sim): Ignoring duplicate SIM state: LOADED
10-10 08:22:12.344  1759  2904 I BugleRcsEngine: [90] bgvx.run: delay time out, reset attempts 1 and process SIM event
10-10 08:22:12.346   714   941 D EGL_emulation: app_time_stats: avg=12317.41ms min=12317.41ms max=12317.41ms count=1
10-10 08:22:12.351  1759  2904 W BugleRcsEngine: [90] bgvu.a: (Sim): process intent: android.intent.action.SIM_STATE_CHANGED
10-10 08:22:12.373  1759  2904 I BugleRcsEngine: [90] bgvu.o: (Sim): Processing an intent
10-10 08:22:12.373  1759  2904 I BugleRcsEngine: [90] bgvu.z: (Sim): Ignoring duplicate SIM state: LOADED
10-10 08:22:12.810   502   627 D ConnectivityService: releasing NetworkRequest [ REQUEST id=104, [ Transports: CELLULAR Capabilities: INTERNET&NOT_RESTRICTED&TRUSTED&NOT_VPN&NOT_VCN_MANAGED Uid: 10120 RequestorUid: 10120 RequestorPkg: com.google.android.googlequicksearchbox UnderlyingNetworks: Null] ] (release request)
10-10 08:22:12.811   502   627 I ConnectivityService: Update capabilities for net 100 : -FOREGROUND
10-10 08:22:12.817   297   412 I netd    : networkSetPermissionForNetwork(100, 1) <2.81ms>
10-10 08:22:25.906   325   325 E android.hardware.power.stats@1.0-service-mock: Failed to getEnergyData
10-10 08:22:30.860   502  1557 W BatteryExternalStatsWorker: error reading Bluetooth stats: 11
10-10 08:22:34.218   502   561 W ziparchive: Unable to open '/data/app/~~8-wQVxwOlSyHNqldMQYnLA==/io.appium.settings-Q81yLcY_wk4vN8s4td5QuA==/base.dm': No such file or directory
10-10 08:22:34.275   502   561 I ConditionProviders:  Allowing condition provider io.appium.settings/io.appium.settings.NLService (userSet: true)
10-10 08:22:34.275   502   561 I NotificationListeners:  Allowing notification listener io.appium.settings/io.appium.settings.NLService (userSet: true)
10-10 08:22:34.275   502   561 V NotificationListeners: enabling notification listener for 0: ComponentInfo{io.appium.settings/io.appium.settings.NLService}
10-10 08:22:34.275   502   561 V NotificationListeners: Not registering ComponentInfo{io.appium.settings/io.appium.settings.NLService} is already bound
10-10 08:22:34.275   502   561 V NotificationListeners: enabling notification listener for 0: ComponentInfo{com.google.android.apps.nexuslauncher/com.android.launcher3.notification.NotificationListener}
10-10 08:22:34.275   502   561 V NotificationListeners: Not registering ComponentInfo{com.google.android.apps.nexuslauncher/com.android.launcher3.notification.NotificationListener} is already bound
10-10 08:22:34.275   502   561 V NotificationListeners: enabling notification listener for 0: ComponentInfo{com.google.android.as/com.google.android.apps.miphone.aiai.common.notification.service.AiAiNotificationListenerService}
10-10 08:22:34.275   502   561 V NotificationListeners: Not registering ComponentInfo{com.google.android.as/com.google.android.apps.miphone.aiai.common.notification.service.AiAiNotificationListenerService} is already bound
10-10 08:22:34.311   502   561 D CompatibilityChangeReporter: Compat change id reported: 161252188; UID 12458; state: DISABLED
10-10 08:22:34.311   502   561 I ActivityTaskManager: START u0 {act=android.intent.action.MAIN cat=[android.intent.category.LAUNCHER] flg=0x10000000 cmp=io.appium.settings/.Settings} from uid 2000
10-10 08:22:34.312   502   561 D CompatibilityChangeReporter: Compat change id reported: 265464455; UID 12458; state: DISABLED
10-10 08:22:34.312   502   561 D CompatibilityChangeReporter: Compat change id reported: 265452344; UID 12458; state: DISABLED
10-10 08:22:34.312   502   561 D CompatibilityChangeReporter: Compat change id reported: 266124927; UID 12458; state: DISABLED
10-10 08:22:34.312   502   561 D CompatibilityChangeReporter: Compat change id reported: 265451093; UID 12458; state: DISABLED
10-10 08:22:34.312   502   561 D CompatibilityChangeReporter: Compat change id reported: 265456536; UID 12458; state: DISABLED
10-10 08:22:34.312   502   561 D CompatibilityChangeReporter: Compat change id reported: 255940284; UID 12458; state: DISABLED
10-10 08:22:34.312   502   561 D CompatibilityChangeReporter: Compat change id reported: 236283604; UID 12458; state: DISABLED
10-10 08:22:34.312   502   561 D CompatibilityChangeReporter: Compat change id reported: 263959004; UID 12458; state: DISABLED
10-10 08:22:34.312   502   561 D CompatibilityChangeReporter: Compat change id reported: 264304459; UID 12458; state: DISABLED
10-10 08:22:34.312   502   561 D CompatibilityChangeReporter: Compat change id reported: 264301586; UID 12458; state: DISABLED
10-10 08:22:34.312   502   561 D CompatibilityChangeReporter: Compat change id reported: 254631730; UID 12458; state: DISABLED
10-10 08:22:34.312   502   561 D CompatibilityChangeReporter: Compat change id reported: 273509367; UID 12458; state: DISABLED
10-10 08:22:34.312   502   561 D CompatibilityChangeReporter: Compat change id reported: 263259275; UID 12458; state: DISABLED
10-10 08:22:34.313   502   561 D CompatibilityChangeReporter: Compat change id reported: 194480991; UID 12458; state: ENABLED
10-10 08:22:34.314   502   561 D CompatibilityChangeReporter: Compat change id reported: 174042980; UID 12458; state: DISABLED
10-10 08:22:34.315   502   561 D CompatibilityChangeReporter: Compat change id reported: 184838306; UID 12458; state: DISABLED
10-10 08:22:34.315   502   561 D CompatibilityChangeReporter: Compat change id reported: 185004937; UID 12458; state: DISABLED
10-10 08:22:34.315   502   561 D CompatibilityChangeReporter: Compat change id reported: 181136395; UID 12458; state: DISABLED
10-10 08:22:34.315   502   561 D CompatibilityChangeReporter: Compat change id reported: 174042936; UID 12458; state: DISABLED
10-10 08:22:34.316   502   561 D CompatibilityChangeReporter: Compat change id reported: 197654537; UID 12458; state: ENABLED
10-10 08:22:34.316   502   561 V SplashScreenExceptionList: SplashScreen checking exception for package io.appium.settings (target sdk:32) -> false
10-10 08:22:34.317   502   561 D CompatibilityChangeReporter: Compat change id reported: 205907456; UID 12458; state: DISABLED
10-10 08:22:34.319   502   561 D CompatibilityChangeReporter: Compat change id reported: 194833441; UID 12458; state: DISABLED
10-10 08:22:34.326   714   941 W Parcel  : Expecting binder but got null!
10-10 08:22:34.330   502  1557 D CompatibilityChangeReporter: Compat change id reported: 168419799; UID 12458; state: DISABLED
10-10 08:22:34.330   502  1557 D CompatibilityChangeReporter: Compat change id reported: 273564678; UID 12458; state: DISABLED
10-10 08:22:34.334   714   932 D SplashScreenView: Build android.window.SplashScreenView{a458a4a V.E...... ......ID 0,0-0,0}
10-10 08:22:34.334   714   932 D SplashScreenView: Icon: view: android.widget.ImageView{efa9dbb V.ED..... ......I. 0,0-0,0 #10204dd android:id/splashscreen_icon_view} drawable: com.android.wm.shell.startingsurface.SplashscreenIconDrawableFactory$ImmobileIconDrawable@66652d8 size: 440
10-10 08:22:34.334   714   932 D SplashScreenView: Branding: view: android.view.View{1df4631 G.ED..... ......I. 0,0-0,0 #10204dc android:id/splashscreen_branding_view} drawable: null size w: 0 h: 0
10-10 08:22:34.334   502   522 D OomAdjuster: Not killing cached processes
10-10 08:22:34.338   502  1557 D CoreBackPreview: Window{17cdb80 u0 Splash Screen io.appium.settings}: Setting back callback OnBackInvokedCallbackInfo{mCallback=android.window.IOnBackInvokedCallback$Stub$Proxy@2fd595f, mPriority=0}
10-10 08:22:34.347   714   941 E OpenGLRenderer: Unable to match the desired swap behavior.
10-10 08:22:34.360  3840  3878 D EGL_emulation: app_time_stats: avg=3765.97ms min=1.25ms max=30045.33ms count=8
10-10 08:22:34.362  1549  4043 D libEGL  : loaded /vendor/lib64/egl/libEGL_emulation.so
10-10 08:22:34.362  1549  4043 D libEGL  : loaded /vendor/lib64/egl/libGLESv1_CM_emulation.so
10-10 08:22:34.363  1549  4043 D libEGL  : loaded /vendor/lib64/egl/libGLESv2_emulation.so
10-10 08:22:34.367  1674  1674 I BgTaskExecutorImpl: (REDACTED) Starting %s background task %s.
10-10 08:22:34.396  1674  4045 I NetworkRecognitionRnr: Using pair HTTP connection
10-10 08:22:34.401  1674  3100 I A       : [Upload] Connected
10-10 08:22:34.405  1674  3100 I NetworkRecognitionRnr: Using pair HTTP connection
10-10 08:22:34.405  1674  3097 I A       : [Upload] Connected
10-10 08:22:34.410  1674  1674 E A       : onError
10-10 08:22:34.410  1674  1674 E A       : com.google.android.apps.gsa.shared.speech.a.m: errorCode: 65561, engine: 2
10-10 08:22:34.410  1674  1674 E A       : 	at com.google.android.apps.gsa.staticplugins.da.a.f.a(PG:3)
10-10 08:22:34.410  1674  1674 E A       : 	at com.google.android.apps.gsa.s3.o.gO(PG:1)
10-10 08:22:34.410  1674  1674 E A       : 	at com.google.cc.g.a.f.e(PG:2)
10-10 08:22:34.410  1674  1674 E A       : 	at com.google.android.apps.gsa.speech.k.a.g.d(PG:22)
10-10 08:22:34.410  1674  1674 E A       : 	at com.google.android.apps.gsa.speech.k.a.g.jB(PG:6)
10-10 08:22:34.410  1674  1674 E A       : 	at com.google.android.apps.gsa.s3.p.c(PG:14)
10-10 08:22:34.410  1674  1674 E A       : 	at com.google.android.apps.gsa.s3.q.run(PG:1)
10-10 08:22:34.410  1674  1674 E A       : 	at java.util.concurrent.Executors$RunnableAdapter.call(Executors.java:463)
10-10 08:22:34.410  1674  1674 E A       : 	at java.util.concurrent.FutureTask.run(FutureTask.java:264)
10-10 08:22:34.410  1674  1674 E A       : 	at com.google.android.apps.gsa.shared.util.c.a.e.run(PG:2)
10-10 08:22:34.410  1674  1674 E A       : 	at com.google.android.apps.gsa.shared.util.c.a.bi.run(PG:1)
10-10 08:22:34.410  1674  1674 E A       : 	at com.google.android.apps.gsa.shared.util.c.a.bi.run(PG:1)
10-10 08:22:34.410  1674  1674 E A       : 	at java.util.concurrent.ThreadPoolExecutor.runWorker(ThreadPoolExecutor.java:1137)
10-10 08:22:34.410  1674  1674 E A       : 	at java.util.concurrent.ThreadPoolExecutor$Worker.run(ThreadPoolExecutor.java:637)
10-10 08:22:34.410  1674  1674 E A       : 	at java.lang.Thread.run(Thread.java:1012)
10-10 08:22:34.410  1674  1674 E A       : 	at com.google.android.apps.gsa.shared.util.c.a.l.run(PG:5)
10-10 08:22:34.410  1674  1674 E A       : Caused by: com.google.android.apps.gsa.shared.speech.a.o: errorCode: 65586, engine: 2
10-10 08:22:34.410  1674  1674 E A       : 	... 15 more
10-10 08:22:34.410  1674  1674 E A       : Caused by: com.google.android.apps.gsa.shared.speech.a.k: errorCode: 401, engine: 2
10-10 08:22:34.410  1674  1674 E A       : 	at com.google.android.apps.gsa.assistant.shared.n.h.a(PG:5)
10-10 08:22:34.410  1674  1674 E A       : 	at com.google.android.apps.gsa.s3.producers.j.hh(PG:2)
10-10 08:22:34.410  1674  1674 E A       : 	at com.google.android.apps.gsa.speech.k.a.g.d(PG:16)
10-10 08:22:34.410  1674  1674 E A       : 	... 12 more
10-10 08:22:34.414  1549  1549 D CompatibilityChangeReporter: Compat change id reported: 210923482; UID 12458; state: DISABLED
10-10 08:22:34.414  1549  1549 D CompatibilityChangeReporter: Compat change id reported: 37756858; UID 12458; state: ENABLED
10-10 08:22:34.415  1549  1549 D APPIUM SETTINGS: Entering the app
10-10 08:22:34.415  1549  1549 D APPIUM SERVICE: Initializing the foreground service
10-10 08:22:34.415  1674  1674 W A       : Failed to sync device settings.
10-10 08:22:34.416  1674  1674 I A       : Retrying to sync device settings.
10-10 08:22:34.417  1549  1549 I APPIUM SETTINGS: handleRecording: Received different intent with action: android.intent.action.MAIN
10-10 08:22:34.418  1549  1549 D APPIUM SETTINGS: Closing the app
10-10 08:22:34.420  1674  1895 W A       : (REDACTED) Failed to get connectivityLock in %d ms
10-10 08:22:34.421  1674  1895 W CronetNetworkRqstWrppr: Upload request without a content type.
10-10 08:22:34.422   502  2284 W JobScheduler: Job didn't exist in JobStore: 97bbc64 #u0a120/-353 com.google.android.googlequicksearchbox/com.google.android.apps.gsa.tasks.BackgroundTasksJobService
10-10 08:22:34.426  1549  1549 D CompatibilityChangeReporter: Compat change id reported: 237531167; UID 12458; state: DISABLED
10-10 08:22:34.429  1549  4039 W Parcel  : Expecting binder but got null!
10-10 08:22:34.431   502   561 D CoreBackPreview: Window{ab2e812 u0 io.appium.settings/io.appium.settings.Settings}: Setting back callback OnBackInvokedCallbackInfo{mCallback=android.window.IOnBackInvokedCallback$Stub$Proxy@63c19e0, mPriority=0}
10-10 08:22:34.441   502   561 D CompatibilityChangeReporter: Compat change id reported: 161145287; UID 12458; state: DISABLED
10-10 08:22:34.441  1549  1549 D APPIUM SERVICE: Register io.appium.settings.receivers.WiFiConnectionSettingReceiver@1c0fa0f
10-10 08:22:34.442  1549  1549 D APPIUM SERVICE: Register io.appium.settings.receivers.AnimationSettingReceiver@1f53a9c
10-10 08:22:34.442  1549  1549 D APPIUM SERVICE: Register io.appium.settings.receivers.DataConnectionSettingReceiver@dedaca5
10-10 08:22:34.443  1549  1549 D APPIUM SERVICE: Register io.appium.settings.receivers.LocaleSettingReceiver@56af87a
10-10 08:22:34.444  1549  1549 D APPIUM SERVICE: Register io.appium.settings.receivers.LocalesReader@e9d282b
10-10 08:22:34.444  1549  1549 D APPIUM SERVICE: Register io.appium.settings.receivers.LocationInfoReceiver@7696488
10-10 08:22:34.445  1549  1549 D APPIUM SERVICE: Register io.appium.settings.receivers.ClipboardReceiver@db16e21
10-10 08:22:34.445  1549  1549 D APPIUM SERVICE: Register io.appium.settings.receivers.BluetoothConnectionSettingReceiver@2a02246
10-10 08:22:34.446  1549  1549 D APPIUM SERVICE: Register io.appium.settings.receivers.UnpairBluetoothDevicesReceiver@c41c07
10-10 08:22:34.446  1549  1549 D APPIUM SERVICE: Register io.appium.settings.receivers.NotificationsReceiver@8744134
10-10 08:22:34.446  1549  1549 D APPIUM SERVICE: Register io.appium.settings.receivers.SmsReader@795cb5d
10-10 08:22:34.447  1549  1549 D APPIUM SERVICE: Register io.appium.settings.receivers.MediaScannerReceiver@5ac1cd2
10-10 08:22:34.460  1549  1549 D LocationTracker: Configuring location provider for Google Play Services
10-10 08:22:34.463  1549  1549 D LocationTracker: Google Play Services location provider is connected
10-10 08:22:34.467   788  1083 D BtGatt.ScanManager: uid 10112 isForeground true scanMode 1
10-10 08:22:34.467   788  1083 D BtGatt.ScanManager: uid 10112 isForeground true scanMode -1
10-10 08:22:34.470   343   426 W ServiceManager: Permission failure: android.permission.ACCESS_SURFACE_FLINGER from uid=12458 pid=0
10-10 08:22:34.470   343   426 D PermissionCache: checking android.permission.ACCESS_SURFACE_FLINGER for uid=12458 => denied (224 us)
10-10 08:22:34.471   343   426 W ServiceManager: Permission failure: android.permission.ROTATE_SURFACE_FLINGER from uid=12458 pid=0
10-10 08:22:34.471   343   426 D PermissionCache: checking android.permission.ROTATE_SURFACE_FLINGER for uid=12458 => denied (289 us)
10-10 08:22:34.471   343   427 W ServiceManager: Permission failure: android.permission.ROTATE_SURFACE_FLINGER from uid=12458 pid=1549
10-10 08:22:34.471   343   427 D PermissionCache: checking android.permission.ROTATE_SURFACE_FLINGER for uid=12458 => denied (253 us)
10-10 08:22:34.471   343   426 W ServiceManager: Permission failure: android.permission.INTERNAL_SYSTEM_WINDOW from uid=12458 pid=0
10-10 08:22:34.471   343   426 D PermissionCache: checking android.permission.INTERNAL_SYSTEM_WINDOW for uid=12458 => denied (119 us)
10-10 08:22:34.471   343   427 W ServiceManager: Permission failure: android.permission.INTERNAL_SYSTEM_WINDOW from uid=12458 pid=1549
10-10 08:22:34.471   343   427 D PermissionCache: checking android.permission.INTERNAL_SYSTEM_WINDOW for uid=12458 => denied (328 us)
10-10 08:22:34.473  1549  4039 D HostConnection: HostComposition ext ANDROID_EMU_CHECKSUM_HELPER_v1 ANDROID_EMU_native_sync_v2 ANDROID_EMU_native_sync_v3 ANDROID_EMU_native_sync_v4 ANDROID_EMU_dma_v1 ANDROID_EMU_direct_mem ANDROID_EMU_host_composition_v1 ANDROID_EMU_host_composition_v2 ANDROID_EMU_vulkan ANDROID_EMU_deferred_vulkan_commands ANDROID_EMU_vulkan_null_optional_strings ANDROID_EMU_vulkan_create_resources_with_requirements ANDROID_EMU_YUV_Cache ANDROID_EMU_vulkan_ignored_handles ANDROID_EMU_has_shared_slots_host_memory_allocator ANDROID_EMU_vulkan_free_memory_sync ANDROID_EMU_vulkan_shader_float16_int8 ANDROID_EMU_vulkan_async_queue_submit ANDROID_EMU_vulkan_queue_submit_with_commands ANDROID_EMU_sync_buffer_data ANDROID_EMU_vulkan_async_qsri ANDROID_EMU_read_color_buffer_dma ANDROID_EMU_hwc_multi_configs GL_OES_EGL_image_external_essl3 GL_OES_vertex_array_object ANDROID_EMU_host_side_tracing ANDROID_EMU_gles_max_version_3_0
10-10 08:22:34.474  1549  4039 W OpenGLRenderer: Failed to choose config with EGL_SWAP_BEHAVIOR_PRESERVED, retrying without...
10-10 08:22:34.474  1549  4039 W OpenGLRenderer: Failed to initialize 101010-2 format, error = EGL_SUCCESS
10-10 08:22:34.474  1549  4039 D EGL_emulation: eglCreateContext: 0xb4000071f2f90010: maj 3 min 0 rcv 3
10-10 08:22:34.475  1549  4039 D EGL_emulation: eglMakeCurrent: 0xb4000071f2f90010: ver 3 0 (tinfo 0x740f7b8080) (first time)
10-10 08:22:34.479   150   150 I hwservicemanager: getTransport: Cannot find entry android.hardware.graphics.mapper@4.0::IMapper/default in either framework or device VINTF manifest.
10-10 08:22:34.479  1549  4039 I Gralloc4: mapper 4.x is not supported
10-10 08:22:34.480   150   150 I hwservicemanager: getTransport: Cannot find entry android.hardware.graphics.allocator@4.0::IAllocator/default in either framework or device VINTF manifest.
10-10 08:22:34.480   149   149 I servicemanager: Could not find android.hardware.graphics.allocator.IAllocator/default in the VINTF manifest.
10-10 08:22:34.481  1549  4039 W Gralloc4: allocator 4.x is not supported
10-10 08:22:34.483  1549  4039 D HostConnection: HostComposition ext ANDROID_EMU_CHECKSUM_HELPER_v1 ANDROID_EMU_native_sync_v2 ANDROID_EMU_native_sync_v3 ANDROID_EMU_native_sync_v4 ANDROID_EMU_dma_v1 ANDROID_EMU_direct_mem ANDROID_EMU_host_composition_v1 ANDROID_EMU_host_composition_v2 ANDROID_EMU_vulkan ANDROID_EMU_deferred_vulkan_commands ANDROID_EMU_vulkan_null_optional_strings ANDROID_EMU_vulkan_create_resources_with_requirements ANDROID_EMU_YUV_Cache ANDROID_EMU_vulkan_ignored_handles ANDROID_EMU_has_shared_slots_host_memory_allocator ANDROID_EMU_vulkan_free_memory_sync ANDROID_EMU_vulkan_shader_float16_int8 ANDROID_EMU_vulkan_async_queue_submit ANDROID_EMU_vulkan_queue_submit_with_commands ANDROID_EMU_sync_buffer_data ANDROID_EMU_vulkan_async_qsri ANDROID_EMU_read_color_buffer_dma ANDROID_EMU_hwc_multi_configs GL_OES_EGL_image_external_essl3 GL_OES_vertex_array_object ANDROID_EMU_host_side_tracing ANDROID_EMU_gles_max_version_3_0
10-10 08:22:34.483  1549  4039 E OpenGLRenderer: Unable to match the desired swap behavior.
10-10 08:22:34.507   502   561 D WindowManager: relayoutVisibleWindow: Window{17cdb80 u0 Splash Screen io.appium.settings EXITING} mAnimatingExit=true, mRemoveOnExit=true, mDestroying=false
10-10 08:22:34.510   343   428 W TransactionTracing: Could not find layer handle 0xb40000767324a030
10-10 08:22:34.510   343   428 W TransactionTracing: Could not find layer handle 0xb40000767324ac30
10-10 08:22:34.510   343   428 W TransactionTracing: Could not find layer handle 0xb40000767324a030
10-10 08:22:34.510   343   428 W TransactionTracing: Could not find layer handle 0xb40000767324ac30
10-10 08:22:34.523  1421  1421 I GoogleInputMethodService: GoogleInputMethodService.onFinishInput():3227
10-10 08:22:34.524  1421  1421 I GoogleInputMethodService: GoogleInputMethodService.updateDeviceLockedStatus():2087 repeatCheckTimes = 0, unlocked = true
10-10 08:22:34.524  1421  1421 I GoogleInputMethodService: GoogleInputMethodService.onStartInput():1877 onStartInput(EditorInfo{inputType=0x0(NULL) imeOptions=0x0 privateImeOptions=null actionName=UNSPECIFIED actionLabel=null actionId=0 initialSelStart=-1 initialSelEnd=-1 initialCapsMode=0x0 hintText=null label=null packageName=net.dvpay.app fieldId=-1 fieldName=null extras=null}, false)
10-10 08:22:34.524  1421  1421 I GoogleInputMethodService: GoogleInputMethodService.shouldHideHeaderOnInitialState():4008 ShouldHideHeaderOnInitialState = false
10-10 08:22:34.524  1421  1421 I GoogleInputMethodService: GoogleInputMethodService.updateDeviceLockedStatus():2087 repeatCheckTimes = 2, unlocked = true
10-10 08:22:34.529   887  1985 W SystemServiceRegistry: No service published for: wifirtt
10-10 08:22:34.534   502   706 D CompatibilityChangeReporter: Compat change id reported: 171306433; UID 10112; state: ENABLED
10-10 08:22:34.534   502   706 D CompatibilityChangeReporter: Compat change id reported: 218533173; UID 10112; state: ENABLED
10-10 08:22:34.534   502   706 W AlarmManager: Alarms must either supply a PendingIntent or an AlarmReceiver
10-10 08:22:34.574   714   941 D EGL_emulation: app_time_stats: avg=2231.99ms min=3.50ms max=35177.39ms count=16
10-10 08:22:34.722   502   561 W ziparchive: Unable to open '/data/app/~~j-A4c5_K2UHP5bxwka-FFw==/io.appium.uiautomator2.server-hAxA2_hQ2W81rGyqv-ixhw==/base.dm': No such file or directory
10-10 08:22:34.788   355   355 E adbd    : failed to connect to socket 'tcp:6790': Connection refused
10-10 08:22:34.843   502   561 I ActivityManager: Force stopping io.appium.uiautomator2.server.test appid=12459 user=0: from pid 4084
10-10 08:22:34.849   844   844 D CarrierSvcBindHelper: onHandleForceStop: [io.appium.uiautomator2.server.test]
10-10 08:22:34.849   844   844 D CarrierSvcBindHelper: No carrier app for: 0
10-10 08:22:34.849   502   706 I ActivityManager: Force stopping io.appium.uiautomator2.server appid=12460 user=0: from pid 4085
10-10 08:22:34.850   844   844 D CarrierSvcBindHelper: onHandleForceStop: [io.appium.uiautomator2.server]
10-10 08:22:34.851   844   844 D CarrierSvcBindHelper: No carrier app for: 0
10-10 08:22:34.871   355   355 E adbd    : failed to connect to socket 'tcp:6790': Connection refused
10-10 08:22:34.891   502   561 D CoreBackPreview: Window{17cdb80 u0 Splash Screen io.appium.settings EXITING}: Setting back callback null
10-10 08:22:34.892   502   706 W InputManager-JNI: Input channel object '17cdb80 Splash Screen io.appium.settings (client)' was disposed without first being removed with the input manager!
10-10 08:22:34.909   343   428 W TransactionTracing: Could not find layer handle 0xb40000767324b770
10-10 08:22:34.943  4090  4090 D AndroidRuntime: >>>>>> START com.android.internal.os.RuntimeInit uid 2000 <<<<<<
10-10 08:22:34.953  4090  4090 I AndroidRuntime: Using default boot image
10-10 08:22:34.953  4090  4090 I AndroidRuntime: Leaving lock profiling enabled
10-10 08:22:34.955  4090  4090 I app_process: Core platform API reporting enabled, enforcing=false
10-10 08:22:34.956  4090  4090 I app_process: Using CollectorTypeCC GC.
10-10 08:22:35.003   343   428 W TransactionTracing: Could not find layer handle 0xb400007673249f70
10-10 08:22:35.003   343   428 W TransactionTracing: Could not find layer handle 0xb40000767324d150
10-10 08:22:35.003   343   428 W TransactionTracing: Could not find layer handle 0xb40000767324d150
10-10 08:22:35.003   343   428 W TransactionTracing: Could not find layer handle 0xb400007673249f70
10-10 08:22:35.009   502   706 D CoreBackPreview: Window{ab2e812 u0 io.appium.settings/io.appium.settings.Settings}: Setting back callback null
10-10 08:22:35.010   502  4093 D libEGL  : loaded /vendor/lib64/egl/libEGL_emulation.so
10-10 08:22:35.010   502   706 W InputManager-JNI: Input channel object 'ab2e812 io.appium.settings/io.appium.settings.Settings (client)' was disposed without first being removed with the input manager!
10-10 08:22:35.011   502  4093 D libEGL  : loaded /vendor/lib64/egl/libGLESv1_CM_emulation.so
10-10 08:22:35.013   502  4093 D libEGL  : loaded /vendor/lib64/egl/libGLESv2_emulation.so
10-10 08:22:35.019   343   428 W TransactionTracing: Could not find layer handle 0xb40000767324dc30
10-10 08:22:35.019   343   428 W TransactionTracing: Could not find layer handle 0xb40000767324dd50
10-10 08:22:35.020   343   428 W TransactionTracing: Could not find layer handle 0xb40000767324dc30
10-10 08:22:35.023   502  4093 D HostConnection: HostComposition ext ANDROID_EMU_CHECKSUM_HELPER_v1 ANDROID_EMU_native_sync_v2 ANDROID_EMU_native_sync_v3 ANDROID_EMU_native_sync_v4 ANDROID_EMU_dma_v1 ANDROID_EMU_direct_mem ANDROID_EMU_host_composition_v1 ANDROID_EMU_host_composition_v2 ANDROID_EMU_vulkan ANDROID_EMU_deferred_vulkan_commands ANDROID_EMU_vulkan_null_optional_strings ANDROID_EMU_vulkan_create_resources_with_requirements ANDROID_EMU_YUV_Cache ANDROID_EMU_vulkan_ignored_handles ANDROID_EMU_has_shared_slots_host_memory_allocator ANDROID_EMU_vulkan_free_memory_sync ANDROID_EMU_vulkan_shader_float16_int8 ANDROID_EMU_vulkan_async_queue_submit ANDROID_EMU_vulkan_queue_submit_with_commands ANDROID_EMU_sync_buffer_data ANDROID_EMU_vulkan_async_qsri ANDROID_EMU_read_color_buffer_dma ANDROID_EMU_hwc_multi_configs GL_OES_EGL_image_external_essl3 GL_OES_vertex_array_object ANDROID_EMU_host_side_tracing ANDROID_EMU_gles_max_version_3_0
10-10 08:22:35.025   502  4093 W OpenGLRenderer: Failed to choose config with EGL_SWAP_BEHAVIOR_PRESERVED, retrying without...
10-10 08:22:35.025   502  4093 W OpenGLRenderer: Failed to initialize 101010-2 format, error = EGL_SUCCESS
10-10 08:22:35.025   502  4093 D EGL_emulation: eglCreateContext: 0xb4000071f2fb8bd0: maj 3 min 0 rcv 3
10-10 08:22:35.026   502  4093 D EGL_emulation: eglMakeCurrent: 0xb4000071f2fb8bd0: ver 3 0 (tinfo 0x74085ab080) (first time)
10-10 08:22:35.028  4090  4090 D app_process: Time zone APEX ICU file found: /apex/com.android.tzdata/etc/icu/icu_tzdata.dat
10-10 08:22:35.028  4090  4090 D app_process: I18n APEX ICU file found: /apex/com.android.i18n/etc/icu/icudt70l.dat
10-10 08:22:35.062  4090  4090 D AndroidRuntime: Calling main entry com.android.commands.am.Am
10-10 08:22:35.065   502   561 I ActivityManager: Force stopping io.appium.uiautomator2.server appid=12460 user=0: start instr
10-10 08:22:35.066   502   561 D CompatibilityChangeReporter: Compat change id reported: 135634846; UID 12460; state: DISABLED
10-10 08:22:35.066   502   561 D CompatibilityChangeReporter: Compat change id reported: 177438394; UID 12460; state: DISABLED
10-10 08:22:35.066   502   561 D CompatibilityChangeReporter: Compat change id reported: 135772972; UID 12460; state: DISABLED
10-10 08:22:35.066   502   561 D CompatibilityChangeReporter: Compat change id reported: 135754954; UID 12460; state: ENABLED
10-10 08:22:35.066   502   531 D CompatibilityChangeReporter: Compat change id reported: 143937733; UID 12460; state: ENABLED
10-10 08:22:35.069   343   428 W TransactionTracing: Could not find layer handle 0xb400007673249070
10-10 08:22:35.069   343   428 W TransactionTracing: Could not find layer handle 0xb40000767324a150
10-10 08:22:35.069   343   428 W TransactionTracing: Could not find layer handle 0xb40000767324d270
10-10 08:22:35.070   298   298 D Zygote  : Forked child process 4107
10-10 08:22:35.071   502   531 I ActivityManager: Start proc 4107:io.appium.uiautomator2.server/u0a2460 for added application io.appium.uiautomator2.server
10-10 08:22:35.076  4107  4107 I tomator2.server: Late-enabling -Xcheck:jni
10-10 08:22:35.092   343   428 W TransactionTracing: Could not find layer handle 0xb400007673248f50
10-10 08:22:35.092   343   428 W TransactionTracing: Could not find layer handle 0xb400007673248590
10-10 08:22:35.103  4107  4107 I tomator2.server: Using CollectorTypeCC GC.
10-10 08:22:35.108   355   439 I adbd    : jdwp connection from 4107
10-10 08:22:35.114   502   706 D CompatibilityChangeReporter: Compat change id reported: 168419799; UID 12460; state: DISABLED
10-10 08:22:35.114   502   706 D CompatibilityChangeReporter: Compat change id reported: 273564678; UID 12460; state: DISABLED
10-10 08:22:35.116  4107  4107 D CompatibilityChangeReporter: Compat change id reported: 171979766; UID 12460; state: ENABLED
10-10 08:22:35.121  4107  4107 W tomator2.server: ClassLoaderContext classpath size mismatch. expected=0, found=1 (PCL[] | PCL[/system/framework/android.test.runner.jar*2649186567])
10-10 08:22:35.122  4107  4107 W tomator2.server: ClassLoaderContext classpath size mismatch. expected=0, found=2 (PCL[] | PCL[/system/framework/android.test.runner.jar*2649186567:/system/framework/android.test.mock.jar*4109917914])
10-10 08:22:35.123  4107  4107 W ziparchive: Unable to open '/data/app/~~qTrmX9JobdmtNk-cJAdfGA==/io.appium.uiautomator2.server.test-lGvv6E1R4CsSfGf5jPnr-g==/base.dm': No such file or directory
10-10 08:22:35.123  4107  4107 W ziparchive: Unable to open '/data/app/~~qTrmX9JobdmtNk-cJAdfGA==/io.appium.uiautomator2.server.test-lGvv6E1R4CsSfGf5jPnr-g==/base.dm': No such file or directory
10-10 08:22:35.127  4107  4107 W ziparchive: Unable to open '/data/app/~~j-A4c5_K2UHP5bxwka-FFw==/io.appium.uiautomator2.server-hAxA2_hQ2W81rGyqv-ixhw==/base.dm': No such file or directory
10-10 08:22:35.127  4107  4107 W ziparchive: Unable to open '/data/app/~~j-A4c5_K2UHP5bxwka-FFw==/io.appium.uiautomator2.server-hAxA2_hQ2W81rGyqv-ixhw==/base.dm': No such file or directory
10-10 08:22:35.201  4107  4107 D nativeloader: Configuring classloader-namespace for other apk /system/framework/android.test.runner.jar:/system/framework/android.test.mock.jar:/system/framework/android.test.base.jar:/data/app/~~qTrmX9JobdmtNk-cJAdfGA==/io.appium.uiautomator2.server.test-lGvv6E1R4CsSfGf5jPnr-g==/base.apk:/data/app/~~j-A4c5_K2UHP5bxwka-FFw==/io.appium.uiautomator2.server-hAxA2_hQ2W81rGyqv-ixhw==/base.apk. target_sdk_version=34, uses_libraries=, library_path=/data/app/~~qTrmX9JobdmtNk-cJAdfGA==/io.appium.uiautomator2.server.test-lGvv6E1R4CsSfGf5jPnr-g==/lib/arm64:/data/app/~~j-A4c5_K2UHP5bxwka-FFw==/io.appium.uiautomator2.server-hAxA2_hQ2W81rGyqv-ixhw==/lib/arm64, permitted_path=/data:/mnt/expand:/data/user/0/io.appium.uiautomator2.server
10-10 08:22:35.224  4107  4107 V GraphicsEnvironment: ANGLE Developer option for 'io.appium.uiautomator2.server' set to: 'default'
10-10 08:22:35.224  4107  4107 V GraphicsEnvironment: ANGLE GameManagerService for io.appium.uiautomator2.server: false
10-10 08:22:35.224  4107  4107 V GraphicsEnvironment: Neither updatable production driver nor prerelease driver is supported.
10-10 08:22:35.226  4107  4107 D ApplicationLoaders: Returning zygote-cached class loader: /system/framework/android.test.base.jar
10-10 08:22:35.226  4107  4107 D nativeloader: Configuring classloader-namespace for other apk /system/framework/android.test.mock.jar. target_sdk_version=34, uses_libraries=ALL, library_path=/data/app/~~qTrmX9JobdmtNk-cJAdfGA==/io.appium.uiautomator2.server.test-lGvv6E1R4CsSfGf5jPnr-g==/lib/arm64:/data/app/~~j-A4c5_K2UHP5bxwka-FFw==/io.appium.uiautomator2.server-hAxA2_hQ2W81rGyqv-ixhw==/lib/arm64, permitted_path=/data:/mnt/expand
10-10 08:22:35.226  4107  4107 D ApplicationLoaders: Returning zygote-cached class loader: /system/framework/android.test.base.jar
10-10 08:22:35.227  4107  4107 W tomator2.server: ClassLoaderContext shared library size mismatch. Expected=0, found=2 (PCL[] | PCL[]{PCL[/system/framework/android.test.base.jar*2876549756]#PCL[/system/framework/android.test.mock.jar*4109917914]})
10-10 08:22:35.227  4107  4107 D nativeloader: Configuring classloader-namespace for other apk /system/framework/android.test.runner.jar. target_sdk_version=34, uses_libraries=ALL, library_path=/data/app/~~qTrmX9JobdmtNk-cJAdfGA==/io.appium.uiautomator2.server.test-lGvv6E1R4CsSfGf5jPnr-g==/lib/arm64:/data/app/~~j-A4c5_K2UHP5bxwka-FFw==/io.appium.uiautomator2.server-hAxA2_hQ2W81rGyqv-ixhw==/lib/arm64, permitted_path=/data:/mnt/expand
10-10 08:22:35.227  4107  4107 W tomator2.server: ClassLoaderContext shared library size mismatch. Expected=0, found=3 (PCL[] | PCL[]{PCL[/system/framework/android.test.base.jar*2876549756]#PCL[/system/framework/android.test.mock.jar*4109917914]#PCL[/system/framework/android.test.runner.jar*2649186567]{PCL[/system/framework/android.test.base.jar*2876549756]#PCL[/system/framework/android.test.mock.jar*4109917914]}};PCL[/system/framework/android.test.runner.jar*2649186567:/system/framework/android.test.mock.jar*4109917914:/system/framework/android.test.base.jar*2876549756:/data/app/~~qTrmX9JobdmtNk-cJAdfGA==/io.appium.uiautomator2.server.test-lGvv6E1R4CsSfGf5jPnr-g==/base.apk*2370577946:/data/app/~~qTrmX9JobdmtNk-cJAdfGA==/io.appium.uiautomator2.server.test-lGvv6E1R4CsSfGf5jPnr-g==/base.apk!classes2.dex*3874714895:/data/app/~~qTrmX9JobdmtNk-cJAdfGA==/io.appium.uiautomator2.server.test-lGvv6E1R4CsSfGf5jPnr-g==/base.apk!classes3.dex*2777679088:/data/app/~~qTrmX9JobdmtNk-cJAdfGA==/io.appium.uiautomator2.server.test-lGvv6E1R4CsSfGf5jPnr-g==/base.apk!classes4.dex*2511881386:/data/app/~~j-A4c5_K2UHP5bxwka-FFw==/io.appium.uiautomator2.server-hAxA2_hQ2W81rGyqv-ixhw==/base.apk*4034737733:/data/app/~~j-A4c5_K2UHP5bxwka-FFw==/io.appium.uiautomator2.server-hAxA2_hQ2W81rGyqv-ixhw==/base.apk!classes2.dex*2790048942:/data/app/~~j-A4c5_K2UHP5bxwka-FFw==/io.appium.uiautomator2.server-hAxA2_hQ2W81rGyqv-ixhw==/base.apk!classes3.dex*1634705335:/data/app/~~j-A4c5_K2UHP5bxwka-FFw==/io.appium.uiautomator2.server-hAxA2_hQ2W81rGyqv-ixhw==/base.apk!classes4.dex*45356349:/data/app/~~j-A4c5_K2UHP5bxwka-FFw==/io.appium.uiautomator2.server-hAxA2_hQ2W81rGyqv-ixhw==/base.apk!classes5.dex*2419862292:/data/app/~~j-A4c5_K2UHP5bxwka-FFw==/io.appium.uiautomator2.server-hAxA2_hQ2W81rGyqv-ixhw==/base.apk!classes6.dex*314539905:/data/app/~~j-A4c5_K2UHP5bxwka-FFw==/io.appium.uiautomator2.server-hAxA2_hQ2W81rGyqv-ixhw==/base.apk!classes7.dex*3145060491:/data/app/~~j-A4c5_K2UHP5bxwka-FFw==/io.appium.uiautomator2.server-hAxA2_hQ2W81rGyqv-ixhw==/base.apk!classes8.dex*2034454731:/data/app/~~j-A4c5_K2UHP5bxwka-FFw==/io.appium.uiautomator2.server-hAxA2_hQ2W81rGyqv-ixhw==/base.apk!classes9.dex*2762241898:/data/app/~~j-A4c5_K2UHP5bxwka-FFw==/io.appium.uiautomator2.server-hAxA2_hQ2W81rGyqv-ixhw==/base.apk!classes10.dex*1782838536:/data/app/~~j-A4c5_K2UHP5bxwka-FFw==/io.appium.uiautomator2.server-hAxA2_hQ2W81rGyqv-ixhw==/base.apk!classes11.dex*4199335340:/data/app/~~j-A4c5_K2UHP5bxwka-FFw==/io.appium.uiautomator2.server-hAxA2_hQ2W81rGyqv-ixhw==/base.apk!classes12.dex*1711778771:/data/app/~~j-A4c5_K2UHP5bxwka-FFw==/io.appium.uiautomator2.server-hAxA2_hQ2W81rGyqv-ixhw==/base.apk!classes13.dex*2108421983:/data/app/~~j-A4c5_K2UHP5bxwka-FFw==/io.appium.uiautomator2.server-hAxA2_hQ2W81rGyqv-ixhw==/base.apk!classes14.dex*2618393034:/data/app/~~j-A4c5_K2UHP5bxwka-FFw==/io.appium.uiautomator2.server-hAxA2_hQ2W81rGyqv-ixhw==/base.apk!classes15.dex*3152272110:/data/app/~~j-A4c5_K2UHP5bxwka-FFw==/io.appium.uiautomator2.server-hAxA2_hQ2W81rGyqv-ixhw==/base.apk!classes16.dex*898502560])
10-10 08:22:35.227  4107  4107 W tomator2.server: ClassLoaderContext classpath size mismatch. expected=0, found=1 (PCL[] | PCL[/system/framework/android.test.runner.jar*2649186567]{PCL[/system/framework/android.test.base.jar*2876549756]#PCL[/system/framework/android.test.mock.jar*4109917914]#PCL[/system/framework/android.test.runner.jar*2649186567]{PCL[/system/framework/android.test.base.jar*2876549756]#PCL[/system/framework/android.test.mock.jar*4109917914]}};PCL[/system/framework/android.test.runner.jar*2649186567:/system/framework/android.test.mock.jar*4109917914:/system/framework/android.test.base.jar*2876549756:/data/app/~~qTrmX9JobdmtNk-cJAdfGA==/io.appium.uiautomator2.server.test-lGvv6E1R4CsSfGf5jPnr-g==/base.apk*2370577946:/data/app/~~qTrmX9JobdmtNk-cJAdfGA==/io.appium.uiautomator2.server.test-lGvv6E1R4CsSfGf5jPnr-g==/base.apk!classes2.dex*3874714895:/data/app/~~qTrmX9JobdmtNk-cJAdfGA==/io.appium.uiautomator2.server.test-lGvv6E1R4CsSfGf5jPnr-g==/base.apk!classes3.dex*2777679088:/data/app/~~qTrmX9JobdmtNk-cJAdfGA==/io.appium.uiautomator2.server.test-lGvv6E1R4CsSfGf5jPnr-g==/base.apk!classes4.dex*2511881386:/data/app/~~j-A4c5_K2UHP5bxwka-FFw==/io.appium.uiautomator2.server-hAxA2_hQ2W81rGyqv-ixhw==/base.apk*4034737733:/data/app/~~j-A4c5_K2UHP5bxwka-FFw==/io.appium.uiautomator2.server-hAxA2_hQ2W81rGyqv-ixhw==/base.apk!classes2.dex*2790048942:/data/app/~~j-A4c5_K2UHP5bxwka-FFw==/io.appium.uiautomator2.server-hAxA2_hQ2W81rGyqv-ixhw==/base.apk!classes3.dex*1634705335:/data/app/~~j-A4c5_K2UHP5bxwka-FFw==/io.appium.uiautomator2.server-hAxA2_hQ2W81rGyqv-ixhw==/base.apk!classes4.dex*45356349:/data/app/~~j-A4c5_K2UHP5bxwka-FFw==/io.appium.uiautomator2.server-hAxA2_hQ2W81rGyqv-ixhw==/base.apk!classes5.dex*2419862292:/data/app/~~j-A4c5_K2UHP5bxwka-FFw==/io.appium.uiautomator2.server-hAxA2_hQ2W81rGyqv-ixhw==/base.apk!classes6.dex*314539905:/data/app/~~j-A4c5_K2UHP5bxwka-FFw==/io.appium.uiautomator2.server-hAxA2_hQ2W81rGyqv-ixhw==/base.apk!classes7.dex*3145060491:/data/app/~~j-A4c5_K2UHP5bxwka-FFw==/io.appium.uiautomator2.server-hAxA2_hQ2W81rGyqv-ixhw==/base.apk!classes8.dex*2034454731:/data/app/~~j-A4c5_K2UHP5bxwka-FFw==/io.appium.uiautomator2.server-hAxA2_hQ2W81rGyqv-ixhw==/base.apk!classes9.dex*2762241898:/data/app/~~j-A4c5_K2UHP5bxwka-FFw==/io.appium.uiautomator2.server-hAxA2_hQ2W81rGyqv-ixhw==/base.apk!classes10.dex*1782838536:/data/app/~~j-A4c5_K2UHP5bxwka-FFw==/io.appium.uiautomator2.server-hAxA2_hQ2W81rGyqv-ixhw==/base.apk!classes11.dex*4199335340:/data/app/~~j-A4c5_K2UHP5bxwka-FFw==/io.appium.uiautomator2.server-hAxA2_hQ2W81rGyqv-ixhw==/base.apk!classes12.dex*1711778771:/data/app/~~j-A4c5_K2UHP5bxwka-FFw==/io.appium.uiautomator2.server-hAxA2_hQ2W81rGyqv-ixhw==/base.apk!classes13.dex*2108421983:/data/app/~~j-A4c5_K2UHP5bxwka-FFw==/io.appium.uiautomator2.server-hAxA2_hQ2W81rGyqv-ixhw==/base.apk!classes14.dex*2618393034:/data/app/~~j-A4c5_K2UHP5bxwka-FFw==/io.appium.uiautomator2.server-hAxA2_hQ2W81rGyqv-ixhw==/base.apk!classes15.dex*3152272110:/data/app/~~j-A4c5_K2UHP5bxwka-FFw==/io.appium.uiautomator2.server-hAxA2_hQ2W81rGyqv-ixhw==/base.apk!classes16.dex*898502560])
10-10 08:22:35.228  4107  4107 W tomator2.server: ClassLoaderContext classpath size mismatch. expected=0, found=2 (PCL[] | PCL[/system/framework/android.test.runner.jar*2649186567:/system/framework/android.test.mock.jar*4109917914]{PCL[/system/framework/android.test.base.jar*2876549756]#PCL[/system/framework/android.test.mock.jar*4109917914]#PCL[/system/framework/android.test.runner.jar*2649186567]{PCL[/system/framework/android.test.base.jar*2876549756]#PCL[/system/framework/android.test.mock.jar*4109917914]}};PCL[/system/framework/android.test.runner.jar*2649186567:/system/framework/android.test.mock.jar*4109917914:/system/framework/android.test.base.jar*2876549756:/data/app/~~qTrmX9JobdmtNk-cJAdfGA==/io.appium.uiautomator2.server.test-lGvv6E1R4CsSfGf5jPnr-g==/base.apk*2370577946:/data/app/~~qTrmX9JobdmtNk-cJAdfGA==/io.appium.uiautomator2.server.test-lGvv6E1R4CsSfGf5jPnr-g==/base.apk!classes2.dex*3874714895:/data/app/~~qTrmX9JobdmtNk-cJAdfGA==/io.appium.uiautomator2.server.test-lGvv6E1R4CsSfGf5jPnr-g==/base.apk!classes3.dex*2777679088:/data/app/~~qTrmX9JobdmtNk-cJAdfGA==/io.appium.uiautomator2.server.test-lGvv6E1R4CsSfGf5jPnr-g==/base.apk!classes4.dex*2511881386:/data/app/~~j-A4c5_K2UHP5bxwka-FFw==/io.appium.uiautomator2.server-hAxA2_hQ2W81rGyqv-ixhw==/base.apk*4034737733:/data/app/~~j-A4c5_K2UHP5bxwka-FFw==/io.appium.uiautomator2.server-hAxA2_hQ2W81rGyqv-ixhw==/base.apk!classes2.dex*2790048942:/data/app/~~j-A4c5_K2UHP5bxwka-FFw==/io.appium.uiautomator2.server-hAxA2_hQ2W81rGyqv-ixhw==/base.apk!classes3.dex*1634705335:/data/app/~~j-A4c5_K2UHP5bxwka-FFw==/io.appium.uiautomator2.server-hAxA2_hQ2W81rGyqv-ixhw==/base.apk!classes4.dex*45356349:/data/app/~~j-A4c5_K2UHP5bxwka-FFw==/io.appium.uiautomator2.server-hAxA2_hQ2W81rGyqv-ixhw==/base.apk!classes5.dex*2419862292:/data/app/~~j-A4c5_K2UHP5bxwka-FFw==/io.appium.uiautomator2.server-hAxA2_hQ2W81rGyqv-ixhw==/base.apk!classes6.dex*314539905:/data/app/~~j-A4c5_K2UHP5bxwka-FFw==/io.appium.uiautomator2.server-hAxA2_hQ2W81rGyqv-ixhw==/base.apk!classes7.dex*3145060491:/data/app/~~j-A4c5_K2UHP5bxwka-FFw==/io.appium.uiautomator2.server-hAxA2_hQ2W81rGyqv-ixhw==/base.apk!classes8.dex*2034454731:/data/app/~~j-A4c5_K2UHP5bxwka-FFw==/io.appium.uiautomator2.server-hAxA2_hQ2W81rGyqv-ixhw==/base.apk!classes9.dex*2762241898:/data/app/~~j-A4c5_K2UHP5bxwka-FFw==/io.appium.uiautomator2.server-hAxA2_hQ2W81rGyqv-ixhw==/base.apk!classes10.dex*1782838536:/data/app/~~j-A4c5_K2UHP5bxwka-FFw==/io.appium.uiautomator2.server-hAxA2_hQ2W81rGyqv-ixhw==/base.apk!classes11.dex*4199335340:/data/app/~~j-A4c5_K2UHP5bxwka-FFw==/io.appium.uiautomator2.server-hAxA2_hQ2W81rGyqv-ixhw==/base.apk!classes12.dex*1711778771:/data/app/~~j-A4c5_K2UHP5bxwka-FFw==/io.appium.uiautomator2.server-hAxA2_hQ2W81rGyqv-ixhw==/base.apk!classes13.dex*2108421983:/data/app/~~j-A4c5_K2UHP5bxwka-FFw==/io.appium.uiautomator2.server-hAxA2_hQ2W81rGyqv-ixhw==/base.apk!classes14.dex*2618393034:/data/app/~~j-A4c5_K2UHP5bxwka-FFw==/io.appium.uiautomator2.server-hAxA2_hQ2W81rGyqv-ixhw==/base.apk!classes15.dex*3152272110:/data/app/~~j-A4c5_K2UHP5bxwka-FFw==/io.appium.uiautomator2.server-hAxA2_hQ2W81rGyqv-ixhw==/base.apk!classes16.dex*898502560])
10-10 08:22:35.228  4107  4107 W ziparchive: Unable to open '/data/app/~~qTrmX9JobdmtNk-cJAdfGA==/io.appium.uiautomator2.server.test-lGvv6E1R4CsSfGf5jPnr-g==/base.dm': No such file or directory
10-10 08:22:35.228  4107  4107 W ziparchive: Unable to open '/data/app/~~qTrmX9JobdmtNk-cJAdfGA==/io.appium.uiautomator2.server.test-lGvv6E1R4CsSfGf5jPnr-g==/base.dm': No such file or directory
10-10 08:22:35.230  4107  4107 W ziparchive: Unable to open '/data/app/~~j-A4c5_K2UHP5bxwka-FFw==/io.appium.uiautomator2.server-hAxA2_hQ2W81rGyqv-ixhw==/base.dm': No such file or directory
10-10 08:22:35.230  4107  4107 W ziparchive: Unable to open '/data/app/~~j-A4c5_K2UHP5bxwka-FFw==/io.appium.uiautomator2.server-hAxA2_hQ2W81rGyqv-ixhw==/base.dm': No such file or directory
10-10 08:22:35.295  4107  4107 D NetworkSecurityConfig: No Network Security Config specified, using platform default
10-10 08:22:35.295  4107  4107 D NetworkSecurityConfig: No Network Security Config specified, using platform default
10-10 08:22:35.295  4107  4107 I AndroidJUnitRunner: newApplication android.app.Application
10-10 08:22:35.296  4107  4107 I AndroidJUnitRunner: onCreate Bundle[mParcelledData.dataSize=64]
10-10 08:22:35.296  4107  4107 D AndroidJUnitRunner: Use the raw file system for managing file I/O.
10-10 08:22:35.298  4107  4107 V TestEventClient: No service name argument was given (testDiscoveryService, testRunEventService or orchestratorService)
10-10 08:22:35.298  4107  4124 D AndroidJUnitRunner: onStart is called.
10-10 08:22:35.300   502   561 D CompatibilityChangeReporter: Compat change id reported: 161145287; UID 12460; state: DISABLED
10-10 08:22:35.301  4107  4124 D TestRequestBuilder: Using class path scanning to discover tests
10-10 08:22:35.301  4107  4124 I TestRequestBuilder: Scanning classpath to find tests in paths [/data/app/~~qTrmX9JobdmtNk-cJAdfGA==/io.appium.uiautomator2.server.test-lGvv6E1R4CsSfGf5jPnr-g==/base.apk]
10-10 08:22:35.301  4107  4124 W tomator2.server: Opening an oat file without a class loader. Are you using the deprecated DexFile APIs?
10-10 08:22:35.312  4107  4124 I TestRunner: run started: 1 tests
10-10 08:22:35.312  4107  4124 I TestRunner: started: startServer(io.appium.uiautomator2.server.test.AppiumUiAutomator2Server)
10-10 08:22:35.313  4107  4124 I appium  : >>>Entry point start<<<
10-10 08:22:35.314  4107  4124 I appium  : Starting ServerInstrumentation
10-10 08:22:35.317  4107  4124 I appium  : buildConfig: {"VERSION_NAME":"7.6.2","APPLICATION_ID":"io.appium.uiautomator2.server","BUILD_TYPE":"debug","VERSION_CODE":218,"BUILD_TIME":"1748842668587","DEBUG":true,"FLAVOR":"server"}
10-10 08:22:35.319  4107  4124 I UiDevice: Creating a new instance, old instance exists: false
10-10 08:22:35.325  1483  3617 I AiAiEcho: Settings cha with uri: content://settings/secure/accessibility_enabled
10-10 08:22:35.327  4107  4126 V UiAutomation: Init UiAutomation@bb90b1f[id=1, flags=0]
10-10 08:22:35.327  4107  4124 D UiDevice: Setting accessibility service flags: 65618
10-10 08:22:35.327  1483  1726 I AiAiEcho: Predicting[0]:
10-10 08:22:35.327  1483  1726 I AiAiEcho: Ranked targets strategy: SORT, count: 0, ranking metadata:
10-10 08:22:35.328  1483  1726 I AiAiEcho: Predicting[0]:
10-10 08:22:35.328  1483  1726 I AiAiEcho: Ranked targets strategy: SORT, count: 0, ranking metadata:
10-10 08:22:35.328  1483  1726 I AiAiEcho: Predicting[0]:
10-10 08:22:35.328  1483  1726 I AiAiEcho: Ranked targets strategy: SORT, count: 0, ranking metadata:
10-10 08:22:35.328  1483  1726 I AiAiEcho: #postPredictionTargets: Sending updates to UISurface lockscreen with targets# 0
10-10 08:22:35.329  1483  1726 I AiAiEcho: #postPredictionTargets: Sending updates to UISurface home with targets# 0
10-10 08:22:35.329  1483  1726 I AiAiEcho: #postPredictionTargets: Sending updates to UISurface media_data_manager with targets# 0
10-10 08:22:35.329  1483  1726 I AiAiEcho: #postPredictionTargets: Sending updates to UISurface lockscreen with targets# 0
10-10 08:22:35.329  1483  1726 I AiAiEcho: #postPredictionTargets: Sending updates to UISurface home with targets# 0
10-10 08:22:35.329  1483  1726 I AiAiEcho: #postPredictionTargets: Sending updates to UISurface media_data_manager with targets# 0
10-10 08:22:35.329  1483  1726 I AiAiEcho: #postPredictionTargets: Sending updates to UISurface lockscreen with targets# 0
10-10 08:22:35.330  1483  1726 I AiAiEcho: #postPredictionTargets: Sending updates to UISurface home with targets# 0
10-10 08:22:35.330  1483  1726 I AiAiEcho: #postPredictionTargets: Sending updates to UISurface media_data_manager with targets# 0
10-10 08:22:35.330   714   714 D SsMediaDataProvider: Forwarding Smartspace updates []
10-10 08:22:35.330   714   714 D SsMediaDataProvider: Forwarding Smartspace updates []
10-10 08:22:35.330   714   714 D SsMediaDataProvider: Forwarding Smartspace updates []
10-10 08:22:35.333  4107  4124 D UiDevice: Turning on screen.
10-10 08:22:35.339  1483  1563 I AiAiEcho: Settings cha with uri: content://settings/secure/accessibility_enabled
10-10 08:22:35.339  4107  4124 I appium  : AndroidServer created on port 6790
10-10 08:22:35.340  1483  1726 I AiAiEcho: Predicting[0]:
10-10 08:22:35.340  1483  1726 I AiAiEcho: Ranked targets strategy: SORT, count: 0, ranking metadata:
10-10 08:22:35.340  1483  1726 I AiAiEcho: Predicting[0]:
10-10 08:22:35.340  1483  1726 I AiAiEcho: Ranked targets strategy: SORT, count: 0, ranking metadata:
10-10 08:22:35.340  1483  1726 I AiAiEcho: #postPredictionTargets: Sending updates to UISurface lockscreen with targets# 0
10-10 08:22:35.340  1483  1726 I AiAiEcho: #postPredictionTargets: Sending updates to UISurface home with targets# 0
10-10 08:22:35.340  1483  1726 I AiAiEcho: Predicting[0]:
10-10 08:22:35.340  1483  1726 I AiAiEcho: Ranked targets strategy: SORT, count: 0, ranking metadata:
10-10 08:22:35.340  1483  1726 I AiAiEcho: #postPredictionTargets: Sending updates to UISurface media_data_manager with targets# 0
10-10 08:22:35.340  1483  1726 I AiAiEcho: #postPredictionTargets: Sending updates to UISurface lockscreen with targets# 0
10-10 08:22:35.340  1483  1726 I AiAiEcho: #postPredictionTargets: Sending updates to UISurface home with targets# 0
10-10 08:22:35.340  1483  1726 I AiAiEcho: #postPredictionTargets: Sending updates to UISurface media_data_manager with targets# 0
10-10 08:22:35.341  1483  1726 I AiAiEcho: #postPredictionTargets: Sending updates to UISurface lockscreen with targets# 0
10-10 08:22:35.341  1483  1726 I AiAiEcho: #postPredictionTargets: Sending updates to UISurface home with targets# 0
10-10 08:22:35.341  1483  1726 I AiAiEcho: #postPredictionTargets: Sending updates to UISurface media_data_manager with targets# 0
10-10 08:22:35.342  4107  4124 I appium  : Starting MJPEG Server
10-10 08:22:35.342  4107  4124 I appium  : MJPEG Server started
10-10 08:22:35.342  4107  4124 I appium  : ServerInstrumentation started
