10-10 08:22:40.723  1564  4307 I ModuleSetMgr: Computing pending module set with APKs: [[AdsFdrDynamite.integ:231004600100000], [Cronetdynamite:231818190400], [Dynamiteloader:231818190000], [Dynamitemodulesa:231818190000], [Dynamitemodulesc:231818190000], [Googlecertificates:231818190000], [Mapsdynamite:231818190000], [Measurementdynamite:231818190000]]
10-10 08:22:40.728  1564  4307 I ModuleSetMgr: Pending container module APKs: []
10-10 08:22:40.728  1564  4307 I ModuleSetMgr: Pending non-container module APKs: []
10-10 08:22:40.733  1564  4307 W PackageParser: Unknown element under <manifest>: queries at /data/user_de/0/com.google.android.gms/app_chimera/m/00000000/AdsDynamite.apk Binary XML file line #15
10-10 08:22:40.742  1564  4307 W PackageParser: Unknown element under <manifest>: queries at /data/user_de/0/com.google.android.gms/app_chimera/m/00000004/DynamiteModulesC.apk Binary XML file line #15
10-10 08:22:40.748  1564  4307 I ChimeraConfigurator: Checking 1 listeners. All downloaded: false
10-10 08:22:40.748  1564  4307 I GmsDebugLogger: [83] 1 [vision.ocr]
10-10 08:22:40.749  1564  4306 W Vision  : Request for optional module download of ocr failed. Request again.
10-10 08:22:40.750  1564  4306 W Vision  : Would have logged:
10-10 08:22:40.750  1564  4306 W Vision  : # dsae@37884fe7
10-10 08:22:40.750  1564  4306 I Vision  : Schedule retrying download ocr at 152305 with backoff 80 seconds
10-10 08:22:40.990   343   343 E SurfaceFlinger: Attempt to set frame rate on an unrecognized IGraphicBufferProducer
10-10 08:22:40.994  4196  4261 D MediaCodec: keep callback message for reclaim
10-10 08:22:40.994  4196  4267 I CCodecConfig: query failed after returning 12 values (BAD_INDEX)
10-10 08:22:40.994  4196  4267 W Codec2Client: query -- param skipped: index = 1342179345.
10-10 08:22:40.994  4196  4267 W Codec2Client: query -- param skipped: index = 2415921170.
10-10 08:22:40.994  4196  4267 W Codec2Client: query -- param skipped: index = 1610614798.
10-10 08:22:40.997  4196  4261 D MediaCodec: keep callback message for reclaim
10-10 08:22:40.997  4196  4279 I CCodecConfig: query failed after returning 20 values (BAD_INDEX)
10-10 08:22:40.997  4196  4279 W Codec2Client: query -- param skipped: index = 1342179345.
10-10 08:22:40.997  4196  4279 W Codec2Client: query -- param skipped: index = 2415921170.
10-10 08:22:40.997  4196  4279 W Codec2Client: query -- param skipped: index = 1610614798.
10-10 08:22:41.024  4196  4275 D CCodecBufferChannel: [c2.goldfish.h264.decoder#172] Ignoring stale input buffer done callback: last flush index = 86, frameIndex = 86
10-10 08:22:41.358  4196  4231 D EGL_emulation: app_time_stats: avg=40.16ms min=1.43ms max=466.21ms count=32
10-10 08:22:41.360  4196  4314 I flutter : updater::network: [shorebird] Sending patch check request: PatchCheckRequest { app_id: "c0456f1e-fc46-4f19-99f6-4c35e1536be4", channel: "stable", release_version: "2.1.1+41", platform: "android", arch: "aarch64" }
10-10 08:22:41.363   297  4319 I resolv  : GetAddrInfoHandler::run: {101 262245 101 983141 10127 0}
10-10 08:22:41.364   297  4321 I resolv  : res_nmkquery: (QUERY, IN, A)
10-10 08:22:41.364   297  4320 I resolv  : res_nmkquery: (QUERY, IN, AAAA)
10-10 08:22:41.384  4196  4196 W OnBackInvokedCallback: OnBackInvokedCallback is not enabled for the application.
10-10 08:22:41.384  4196  4196 W OnBackInvokedCallback: Set 'android:enableOnBackInvokedCallback="true"' in the application manifest.
10-10 08:22:41.389  4196  4196 I ExoPlayerImpl: Release 5ef7cfc [AndroidXMedia3/1.5.1] [emu64a, sdk_gphone64_arm64, Google, 33] [media3.common, media3.exoplayer, media3.decoder, media3.datasource, media3.extractor]
10-10 08:22:41.389   502  1557 I MediaFocusControl: abandonAudioFocus() from uid/pid 10127/4196 clientId=android.media.AudioManager@3589a30androidx.media3.exoplayer.AudioFocusManager$AudioFocusListener@cd476a9
10-10 08:22:41.390  4196  4261 D MediaCodec: keep callback message for reclaim
10-10 08:22:41.390  4196  4267 I CCodecConfig: query failed after returning 12 values (BAD_INDEX)
10-10 08:22:41.391  4196  4267 W Codec2Client: query -- param skipped: index = 1342179345.
10-10 08:22:41.391  4196  4267 W Codec2Client: query -- param skipped: index = 2415921170.
10-10 08:22:41.391  4196  4267 W Codec2Client: query -- param skipped: index = 1610614798.
10-10 08:22:41.392  4196  4261 D MediaCodec: keep callback message for reclaim
10-10 08:22:41.392  4196  4279 I CCodecConfig: query failed after returning 20 values (BAD_INDEX)
10-10 08:22:41.392  4196  4279 W Codec2Client: query -- param skipped: index = 1342179345.
10-10 08:22:41.392  4196  4279 W Codec2Client: query -- param skipped: index = 2415921170.
10-10 08:22:41.392  4196  4279 W Codec2Client: query -- param skipped: index = 1610614798.
10-10 08:22:41.392  4196  4267 D SurfaceUtils: connecting to surface 0xb4000072e2fc57d0, reason connectToSurface
10-10 08:22:41.392  4196  4267 I MediaCodec: [c2.goldfish.h264.decoder] setting surface generation to 4296706
10-10 08:22:41.392  4196  4267 D SurfaceUtils: disconnecting from surface 0xb4000072e2fc57d0, reason connectToSurface(reconnect)
10-10 08:22:41.392  4196  4267 D SurfaceUtils: connecting to surface 0xb4000072e2fc57d0, reason connectToSurface(reconnect)
10-10 08:22:41.393  4196  4267 D Codec2-OutputBufferQueue: remote graphic buffer migration 0/0
10-10 08:22:41.394  4196  4267 D Codec2Client: setOutputSurface -- failed to set consumer usage (6/BAD_INDEX)
10-10 08:22:41.394  4196  4267 D Codec2Client: setOutputSurface -- generation=4296706 consumer usage=0x900
10-10 08:22:41.396   322   322 D C2BqBuffer: local generation change 4296706 , bqId: 18021682774019 migrated buffers # 0
10-10 08:22:41.396  4196  4267 D Codec2Client: Surface configure completed
10-10 08:22:41.396  4196  4267 D SurfaceUtils: disconnecting from surface 0xb4000072e2fb0330, reason disconnectFromSurface
10-10 08:22:41.397  4196  4267 D CCodecBufferChannel: [c2.goldfish.h264.decoder#172] MediaCodec discarded an unknown buffer
10-10 08:22:41.397  4196  4267 D CCodecBufferChannel: [c2.goldfish.h264.decoder#172] MediaCodec discarded an unknown buffer
10-10 08:22:41.397  4196  4267 D CCodecBufferChannel: [c2.goldfish.h264.decoder#172] MediaCodec discarded an unknown buffer
10-10 08:22:41.397  4196  4267 D CCodecBufferChannel: [c2.goldfish.h264.decoder#172] MediaCodec discarded an unknown buffer
10-10 08:22:41.401   322   322 D C2BqBuffer: configuring null producer: igbp_information(0)
10-10 08:22:41.401  4196  4267 D SurfaceUtils: disconnecting from surface 0xb4000072e2fc57d0, reason disconnectFromSurface
10-10 08:22:41.401   322   322 I hw-BpHwBinder: onLastStrongRef automatically unlinking death recipients
10-10 08:22:41.401  4196  4279 D CCodecBufferChannel: [c2.android.aac.decoder#991] MediaCodec discarded an unknown buffer
10-10 08:22:41.401  4196  4279 D CCodecBufferChannel: [c2.android.aac.decoder#991] MediaCodec discarded an unknown buffer
10-10 08:22:41.401  4196  4279 D CCodecBufferChannel: [c2.android.aac.decoder#991] MediaCodec discarded an unknown buffer
10-10 08:22:41.401  4196  4279 D CCodecBufferChannel: [c2.android.aac.decoder#991] MediaCodec discarded an unknown buffer
10-10 08:22:41.402   322   322 I GoldfishComponentStore: in ~ComponentModule
10-10 08:22:41.402   322   322 I GoldfishComponentStore: unloading dll
10-10 08:22:41.401  4196  4325 I hw-BpHwBinder: onLastStrongRef automatically unlinking death recipients
10-10 08:22:41.403  4196  4267 D MediaCodec: flushMediametrics
10-10 08:22:41.404   401   401 I hw-BpHwBinder: onLastStrongRef automatically unlinking death recipients
10-10 08:22:41.404   401   401 I hw-BpHwBinder: onLastStrongRef automatically unlinking death recipients
10-10 08:22:41.405   401   401 V C2Store : in ~ComponentModule
10-10 08:22:41.405   401   401 V C2Store : unloading dll
10-10 08:22:41.405  4196  4279 I hw-BpHwBinder: onLastStrongRef automatically unlinking death recipients
10-10 08:22:41.405  4196  4267 D MediaCodec: flushMediametrics
10-10 08:22:41.406  4196  4279 D MediaCodec: flushMediametrics
10-10 08:22:41.406  4196  4279 D MediaCodec: flushMediametrics
10-10 08:22:41.471   297  4321 I resolv  : res_nsend: used send_dg 107 terrno: 0
10-10 08:22:41.471   297  4321 I resolv  : doQuery: rcode=0, ancount=3, return value=107
10-10 08:22:41.475   297  4320 I resolv  : res_nsend: used send_dg 119 terrno: 0
10-10 08:22:41.476   297  4320 I resolv  : doQuery: rcode=0, ancount=3, return value=119
10-10 08:22:41.659  4196  4196 I flutter : notification:-> App launch check: Normal app open - no notification navigation needed
10-10 08:22:41.878   401   758 D BufferPoolAccessor2.0: evictor expired: 1, evicted: 0
10-10 08:22:42.310  1759  4327 I Bugle   : CountryCodeDetector: updateMainDeviceCountry from default subscription network country. detected country: us
10-10 08:22:42.314  1759  4327 I BugleDataModel: ParticipantRefresh: ContactContentObserver created
10-10 08:22:42.314  1759  4327 I BugleDataModel: ParticipantFullRefresh: Start participant refresh. refreshMode: SELF_ONLY
10-10 08:22:42.340  1759  4327 W BugleDataModel: SelfParticipantsData: Failed to update self participants' subscription info. updateCount: 0
10-10 08:22:42.348  1759  4327 W BugleDataModel: SelfParticipantsData: Failed to update self participants' subscription info. updateCount: 0
10-10 08:22:42.372  4196  4231 D EGL_emulation: app_time_stats: avg=8.15ms min=0.83ms max=48.06ms count=52
10-10 08:22:42.387   297  4328 I resolv  : GetAddrInfoHandler::run: {101 262245 101 983141 10127 0}
10-10 08:22:42.387   297  4329 I resolv  : res_nmkquery: (QUERY, IN, A)
10-10 08:22:42.388   297  4329 I resolv  : resolv_cache_lookup: FOUND IN CACHE entry=0xb400007a48089a90
10-10 08:22:42.388   297  4329 I resolv  : doQuery: rcode=0, ancount=1, return value=52
10-10 08:22:42.388  1759  4327 I BugleDataModel: ParticipantFullRefresh: Number of participants refreshed: 0
10-10 08:22:42.407   297  4330 I resolv  : GetAddrInfoHandler::run: {101 262245 101 983141 10127 0}
10-10 08:22:42.407   297  4331 I resolv  : res_nmkquery: (QUERY, IN, AAAA)
10-10 08:22:42.407   297  4331 I resolv  : resolv_cache_lookup: FOUND IN CACHE entry=0xb400007a580904d0
10-10 08:22:42.407   297  4331 I resolv  : doQuery: rcode=0, ancount=1, return value=64
10-10 08:22:43.365  4196  4336 D ProfileInstaller: Skipping profile installation for net.dvpay.app
10-10 08:22:43.395  4196  4231 D EGL_emulation: app_time_stats: avg=4.60ms min=0.69ms max=56.05ms count=49
10-10 08:22:44.696   502   502 W NotificationHistory: Attempted to add notif for locked/gone/disabled user 0
10-10 08:22:44.701  1549  1549 D NLService: Successfully stored the newly arrived notification identified by 1
10-10 08:22:44.702  1483  1744 W AiAiEcho: SmartspaceNotificationPredictor no parser can handle this notification or notification is invalid
10-10 08:22:44.763   397   430 D NuPlayerDriver: NuPlayerDriver(0xb4000072d296e350) created, clientPid(714)
10-10 08:22:44.765   150   150 I hwservicemanager: getTransport: Cannot find entry android.hardware.media.omx@1.0::IOmx/default in either framework or device VINTF manifest.
10-10 08:22:44.765   397   430 D MediaPlayerService: OMX service is not available
10-10 08:22:44.773   397  4344 D GenericSource: FileSource remote
10-10 08:22:44.792   714  4345 D HostConnection: HostComposition ext ANDROID_EMU_CHECKSUM_HELPER_v1 ANDROID_EMU_native_sync_v2 ANDROID_EMU_native_sync_v3 ANDROID_EMU_native_sync_v4 ANDROID_EMU_dma_v1 ANDROID_EMU_direct_mem ANDROID_EMU_host_composition_v1 ANDROID_EMU_host_composition_v2 ANDROID_EMU_vulkan ANDROID_EMU_deferred_vulkan_commands ANDROID_EMU_vulkan_null_optional_strings ANDROID_EMU_vulkan_create_resources_with_requirements ANDROID_EMU_YUV_Cache ANDROID_EMU_vulkan_ignored_handles ANDROID_EMU_has_shared_slots_host_memory_allocator ANDROID_EMU_vulkan_free_memory_sync ANDROID_EMU_vulkan_shader_float16_int8 ANDROID_EMU_vulkan_async_queue_submit ANDROID_EMU_vulkan_queue_submit_with_commands ANDROID_EMU_sync_buffer_data ANDROID_EMU_vulkan_async_qsri ANDROID_EMU_read_color_buffer_dma ANDROID_EMU_hwc_multi_configs GL_OES_EGL_image_external_essl3 GL_OES_vertex_array_object ANDROID_EMU_host_side_tracing ANDROID_EMU_gles_max_version_3_0
10-10 08:22:44.792   714  4345 W OpenGLRenderer: Failed to choose config with EGL_SWAP_BEHAVIOR_PRESERVED, retrying without...
10-10 08:22:44.792   714  4345 W OpenGLRenderer: Failed to initialize 101010-2 format, error = EGL_SUCCESS
10-10 08:22:44.793   714  4345 D EGL_emulation: eglCreateContext: 0xb4000071f2fcead0: maj 3 min 0 rcv 3
10-10 08:22:44.793   714  4345 D EGL_emulation: eglMakeCurrent: 0xb4000071f2fcead0: ver 3 0 (tinfo 0x7408838100) (first time)
10-10 08:22:44.796   714   944 D HostConnection: HostComposition ext ANDROID_EMU_CHECKSUM_HELPER_v1 ANDROID_EMU_native_sync_v2 ANDROID_EMU_native_sync_v3 ANDROID_EMU_native_sync_v4 ANDROID_EMU_dma_v1 ANDROID_EMU_direct_mem ANDROID_EMU_host_composition_v1 ANDROID_EMU_host_composition_v2 ANDROID_EMU_vulkan ANDROID_EMU_deferred_vulkan_commands ANDROID_EMU_vulkan_null_optional_strings ANDROID_EMU_vulkan_create_resources_with_requirements ANDROID_EMU_YUV_Cache ANDROID_EMU_vulkan_ignored_handles ANDROID_EMU_has_shared_slots_host_memory_allocator ANDROID_EMU_vulkan_free_memory_sync ANDROID_EMU_vulkan_shader_float16_int8 ANDROID_EMU_vulkan_async_queue_submit ANDROID_EMU_vulkan_queue_submit_with_commands ANDROID_EMU_sync_buffer_data ANDROID_EMU_vulkan_async_qsri ANDROID_EMU_read_color_buffer_dma ANDROID_EMU_hwc_multi_configs GL_OES_EGL_image_external_essl3 GL_OES_vertex_array_object ANDROID_EMU_host_side_tracing ANDROID_EMU_gles_max_version_3_0
10-10 08:22:44.797   502  1557 I MediaFocusControl: requestAudioFocus() from uid/pid 10157/714 AA=USAGE_NOTIFICATION/CONTENT_TYPE_SONIFICATION clientId=android.media.AudioManager@4aa1dbe callingPack=com.android.systemui req=3 flags=0x0 sdk=33
10-10 08:22:44.798   502  1557 I AudioService.FadeOutManager: unfadeOutUid() uid:10157
10-10 08:22:44.832   714   941 D EGL_emulation: app_time_stats: avg=378.32ms min=1.35ms max=6189.12ms count=18
10-10 08:22:45.061  1297  2702 I DialerOmtpVvmCarrierConfigHelper: com.android.voicemail.impl.OmtpVvmCarrierConfigHelper.handleEvent:527 OmtpEvent:CONFIG_STATUS_SMS_TIME_OUT PhoneAccountHandle: [ComponentName: com.android.phone/com.android.services.telephony.TelephonyConnectionService subId: 1] [CONTEXT enable_persistent_logger=true ]
10-10 08:22:45.067  1297  1297 I DialerRetryPolicy: com.android.voicemail.impl.scheduling.RetryPolicy.onCompleted:118 discarding deferred status [CONTEXT enable_persistent_logger=true ]
10-10 08:22:45.070  1297  1297 I DialerTaskExecutor: com.android.voicemail.impl.scheduling.TaskExecutor.prepareStop:371 no more tasks, stopping service if no task are added in 5000 millis [CONTEXT enable_persistent_logger=true ]
10-10 08:22:45.075  1297  1297 I DialerLogcatLoggingBindings: com.android.dialer.logging.logcat.LogcatLoggingBindings.logImpression:41 Impression: VVM_AUTO_RETRY_ACTIVATION
10-10 08:22:45.076  1297  1297 I DialerTaskReceiver: com.android.voicemail.impl.scheduling.TaskReceiver.onReceive:68 task received [CONTEXT enable_persistent_logger=true ]
10-10 08:22:45.076  1297  1297 I DialerTaskReceiver: com.android.voicemail.impl.scheduling.TaskReceiver.onReceive:73 TaskExecutor already running [CONTEXT enable_persistent_logger=true ]
10-10 08:22:45.076  1297  1297 I DialerTasks: com.android.voicemail.impl.scheduling.Tasks.createTask:59 Task.createTask create task:com.android.voicemail.impl.ActivationTask [CONTEXT enable_persistent_logger=true ]
10-10 08:22:45.076  1297  1297 I DialerRetryPolicy: com.android.voicemail.impl.scheduling.RetryPolicy.onCreate:81 retry #2 for com.android.voicemail.impl.ActivationTask@f93f9f8 queued, executing in 5000 [CONTEXT enable_persistent_logger=true ]
10-10 08:22:45.080  1297  1297 I DialerTaskExecutor: com.android.voicemail.impl.scheduling.TaskExecutor.addTask:299 com.android.voicemail.impl.ActivationTask@f93f9f8 added [CONTEXT enable_persistent_logger=true ]
10-10 08:22:45.080  1297  1297 I DialerTaskExecutor: com.android.voicemail.impl.scheduling.TaskExecutor.runNextTask:345 minimal wait time:4995 [CONTEXT enable_persistent_logger=true ]
10-10 08:22:45.080  1297  1297 I DialerTaskExecutor: com.android.voicemail.impl.scheduling.TaskExecutor.sleep:355 sleep for 4995 millis [CONTEXT enable_persistent_logger=true ]
10-10 08:22:45.321   714   714 D MediaRouter: onRestoreRoute() : route=RouteInfo{ name=Phone, description=null, status=null, category=RouteCategory{ name=System types=ROUTE_TYPE_LIVE_AUDIO ROUTE_TYPE_LIVE_VIDEO  groupable=false }, supportedTypes=ROUTE_TYPE_LIVE_AUDIO ROUTE_TYPE_LIVE_VIDEO , presentationDisplay=null }
10-10 08:22:45.321   397  4341 I GenericSource: start
10-10 08:22:45.322   714   714 V MediaRouter: Selecting route: RouteInfo{ name=Phone, description=null, status=null, category=RouteCategory{ name=System types=ROUTE_TYPE_LIVE_AUDIO ROUTE_TYPE_LIVE_VIDEO  groupable=false }, supportedTypes=ROUTE_TYPE_LIVE_AUDIO ROUTE_TYPE_LIVE_VIDEO , presentationDisplay=null }
10-10 08:22:45.325   397  4349 D CCodec  : allocate(c2.android.vorbis.decoder)
10-10 08:22:45.328   397  4349 I CCodec  : setting up 'default' as default (vendor) store
10-10 08:22:45.329   401   780 V C2Store : in init
10-10 08:22:45.329   401   780 V C2Store : loading dll
10-10 08:22:45.332   397  4349 I CCodec  : Created component [c2.android.vorbis.decoder]
10-10 08:22:45.333   397  4349 D CCodecConfig: read media type: audio/vorbis
10-10 08:22:45.336   397  4349 D ReflectedParamUpdater: extent() != 1 for single value type: algo.buffers.max-count.values
10-10 08:22:45.337   397  4349 D ReflectedParamUpdater: extent() != 1 for single value type: output.subscribed-indices.values
10-10 08:22:45.338   397  4349 D ReflectedParamUpdater: extent() != 1 for single value type: input.buffers.allocator-ids.values
10-10 08:22:45.338   397  4349 D ReflectedParamUpdater: extent() != 1 for single value type: output.buffers.allocator-ids.values
10-10 08:22:45.338   397  4349 D ReflectedParamUpdater: extent() != 1 for single value type: algo.buffers.allocator-ids.values
10-10 08:22:45.338   397  4349 D ReflectedParamUpdater: extent() != 1 for single value type: output.buffers.pool-ids.values
10-10 08:22:45.338   397  4349 D ReflectedParamUpdater: extent() != 1 for single value type: algo.buffers.pool-ids.values
10-10 08:22:45.341   397  4349 I CCodecConfig: query failed after returning 7 values (BAD_INDEX)
10-10 08:22:45.341   397  4349 D CCodecConfig: c2 config diff is Dict {
10-10 08:22:45.341   397  4349 D CCodecConfig:   c2::u32 coded.bitrate.value = 64000
10-10 08:22:45.341   397  4349 D CCodecConfig:   c2::u32 input.buffers.max-size.value = 32768
10-10 08:22:45.341   397  4349 D CCodecConfig:   c2::u32 input.delay.value = 0
10-10 08:22:45.341   397  4349 D CCodecConfig:   string input.media-type.value = "audio/vorbis"
10-10 08:22:45.341   397  4349 D CCodecConfig:   string output.media-type.value = "audio/raw"
10-10 08:22:45.341   397  4349 D CCodecConfig:   c2::u32 raw.channel-count.value = 1
10-10 08:22:45.341   397  4349 D CCodecConfig:   c2::u32 raw.sample-rate.value = 48000
10-10 08:22:45.341   397  4349 D CCodecConfig: }
10-10 08:22:45.341   397  4349 D MediaCodec: flushMediametrics
10-10 08:22:45.342   397  4349 D CCodec  : [c2.android.vorbis.decoder] buffers are bound to CCodec for this session
10-10 08:22:45.342   397  4349 D CCodecConfig: no c2 equivalents for durationUs
10-10 08:22:45.342   397  4349 D CCodecConfig: no c2 equivalents for csd-1
10-10 08:22:45.342   397  4349 D CCodecConfig: no c2 equivalents for flags
10-10 08:22:45.342   397  4349 D CCodecConfig: c2 config diff is   c2::u32 coded.bitrate.value = 70000
10-10 08:22:45.343   397  4349 W Codec2Client: query -- param skipped: index = 1107298332.
10-10 08:22:45.343   397  4349 D CCodec  : encoding statistics level = 0
10-10 08:22:45.343   397  4349 D CCodec  : setup formats input: AMessage(what = 0x00000000) = {
10-10 08:22:45.343   397  4349 D CCodec  :   int32_t bitrate = 70000
10-10 08:22:45.343   397  4349 D CCodec  :   int32_t channel-count = 1
10-10 08:22:45.343   397  4349 D CCodec  :   int32_t max-input-size = 32768
10-10 08:22:45.343   397  4349 D CCodec  :   string mime = "audio/vorbis"
10-10 08:22:45.343   397  4349 D CCodec  :   int32_t sample-rate = 48000
10-10 08:22:45.343   397  4349 D CCodec  : }
10-10 08:22:45.343   397  4349 D CCodec  : setup formats output: AMessage(what = 0x00000000) = {
10-10 08:22:45.343   397  4349 D CCodec  :   int32_t channel-count = 1
10-10 08:22:45.343   397  4349 D CCodec  :   string mime = "audio/raw"
10-10 08:22:45.343   397  4349 D CCodec  :   int32_t sample-rate = 48000
10-10 08:22:45.343   397  4349 D CCodec  :   int32_t channel-mask = 1
10-10 08:22:45.343   397  4349 D CCodec  :   int32_t android._config-pcm-encoding = 2
10-10 08:22:45.343   397  4349 D CCodec  : }
10-10 08:22:45.343   397  4349 I CCodecConfig: query failed after returning 7 values (BAD_INDEX)
10-10 08:22:45.345   397  4349 I MediaCodec: MediaCodec will operate in async mode
10-10 08:22:45.345   397  4348 D MediaCodec: keep callback message for reclaim
10-10 08:22:45.346   397  4349 W Codec2Client: query -- param skipped: index = 1342179345.
10-10 08:22:45.346   397  4349 W Codec2Client: query -- param skipped: index = 2415921170.
10-10 08:22:45.346   397  4349 D C2Store : Using DMABUF Heaps
10-10 08:22:45.347   397  4349 D CCodecBufferChannel: [c2.android.vorbis.decoder#227] Created input block pool with allocatorID 16 => poolID 17 - OK (0)
10-10 08:22:45.348   397  4349 I CCodecBufferChannel: [c2.android.vorbis.decoder#227] Created output block pool with allocatorID 16 => poolID 28 - OK
10-10 08:22:45.348   397  4349 D CCodecBufferChannel: [c2.android.vorbis.decoder#227] Configured output block pool ids 28 => OK
10-10 08:22:45.348   397  4349 I DMABUFHEAPS: Using DMA-BUF heap named: system
10-10 08:22:45.349   401  4353 D SimpleC2Component: Using output block pool with poolID 28 => got 28 - 0
10-10 08:22:45.354   337  1160 D AudioFlinger: Client defaulted notificationFrames to 12144 for frameCount 24288
10-10 08:22:45.355   337  1160 D AF::TrackHandle: OpPlayAudio: track:57 usage:5 not muted
10-10 08:22:45.357   397  4347 D AudioTrack: getTimestamp_l(17): device stall time corrected using current time 156912229949
10-10 08:22:45.388   337   472 D AudioFlinger: mixer(0xb400006fcbb379a0) throttle end: throttle time(11)
10-10 08:22:45.540  1674  1900 I BistoDBWrapper: Close DB
10-10 08:22:46.068  4196  4273 D BufferPoolAccessor2.0: bufferpool2 0xb400007242fa3d98 : 0(0 size) total buffers - 0(0 size) used buffers - 174/180 (recycle/alloc) - 6/168 (fetch/transfer)
10-10 08:22:46.068  4196  4273 D BufferPoolAccessor2.0: evictor expired: 1, evicted: 1
10-10 08:22:46.680   502   530 D OomAdjuster: Not killing cached processes
10-10 08:22:46.680   297   412 I netd    : setProcSysNet(4, 2, wlan0, retrans_time_ms, 750) <0.10ms>
10-10 08:22:46.680   297   412 I netd    : setProcSysNet(4, 2, wlan0, ucast_solicit, 10) <0.02ms>
10-10 08:22:46.681   297   412 I netd    : setProcSysNet(6, 2, wlan0, retrans_time_ms, 750) <0.04ms>
10-10 08:22:46.681   297   412 I netd    : setProcSysNet(6, 2, wlan0, ucast_solicit, 10) <0.01ms>
10-10 08:22:46.696   887  1332 I NetworkScheduler.Stats: Task com.google.android.gms/com.google.android.gms.telephonyspam.sync.SpamListSyncTaskService started execution. cause:4 exec_start_elapsed_seconds: 158 [CONTEXT service_id=218 ]
10-10 08:22:46.697  1564  2480 I TelephonySpamChimeraSer: Running Telephony Spam Chimera Service [CONTEXT service_id=150 ]
10-10 08:22:46.697  1564  2480 I TelephonySpamChimeraSer: Cleaning SIP Header local table of old entries [CONTEXT service_id=150 ]
10-10 08:22:46.699  1564  2480 I SpamListSync: Call spam module disabled. Skipping cleaning cache sip header table. [CONTEXT service_id=150 ]
10-10 08:22:46.699  1564  2480 I TelephonySpamChimeraSer: Syncing Call Spam List [CONTEXT service_id=150 ]
10-10 08:22:46.699  1564  2480 I SpamListSync: SpamListSyncChimeraService.syncSpamList called with tag: telephonyspam.SpamListSyncOneOffTask, extras: Bundle[{SpamList Type=0, Action=1.0}] [CONTEXT service_id=150 ]
10-10 08:22:46.701  1564  2480 I SpamListSync: Call spam module disabled. Skipping spam list syncing. [CONTEXT service_id=150 ]
10-10 08:22:46.703   887  2469 I NetworkScheduler.Stats: Task com.google.android.gms/com.google.android.gms.telephonyspam.sync.SpamListSyncTaskService finished executing. cause:4 result: 1 elapsed_millis: 15 uptime_millis: 15 exec_start_elapsed_seconds: 158 [CONTEXT service_id=218 ]
10-10 08:22:46.956   401   758 D BufferPoolAccessor2.0: bufferpool2 0xb400007578a45a38 : 0(0 size) total buffers - 0(0 size) used buffers - 127/131 (recycle/alloc) - 5/131 (fetch/transfer)
10-10 08:22:46.956   401   758 D BufferPoolAccessor2.0: evictor expired: 1, evicted: 1
10-10 08:22:46.987   397  4347 D AudioTrack: getTimestamp_l(17): device stall time corrected using current time 158541968325
10-10 08:22:46.993   397  4349 D CCodecBufferChannel: [c2.android.vorbis.decoder#227] buffers after EOS ignored (0 us)
10-10 08:22:47.093  4196  4273 D BufferPoolAccessor2.0: bufferpool2 0xb400007242fb2288 : 0(0 size) total buffers - 0(0 size) used buffers - 142/147 (recycle/alloc) - 5/133 (fetch/transfer)
10-10 08:22:47.093  4196  4273 D BufferPoolAccessor2.0: evictor expired: 1, evicted: 1
10-10 08:22:47.247   397  4347 D AudioTrack: stop(17): called with 82980 frames delivered
10-10 08:22:47.701   502  1106 I MediaFocusControl: abandonAudioFocus() from uid/pid 10157/714 clientId=android.media.AudioManager@4aa1dbe
10-10 08:22:47.701   714  4338 V MediaPlayer: resetDrmState:  mDrmInfo=null mDrmProvisioningThread=null mPrepareDrmInProgress=false mActiveDrmScheme=false
10-10 08:22:47.701   714  4338 V MediaPlayer: cleanDrmObj: mDrmObj=null mDrmSessionId=null
10-10 08:22:47.701   397   430 D NuPlayerDriver: reset(0xb4000072d296e350) at state 6
10-10 08:22:47.704   397  4349 I hw-BpHwBinder: onLastStrongRef automatically unlinking death recipients
10-10 08:22:47.704   401   401 I hw-BpHwBinder: onLastStrongRef automatically unlinking death recipients
10-10 08:22:47.704   401   401 I hw-BpHwBinder: onLastStrongRef automatically unlinking death recipients
10-10 08:22:47.704   401   401 V C2Store : in ~ComponentModule
10-10 08:22:47.705   401   401 V C2Store : unloading dll
10-10 08:22:47.705   397  4348 D MediaCodec: flushMediametrics
10-10 08:22:47.707   397  4341 D NuPlayerDriver: notifyResetComplete(0xb4000072d296e350)
10-10 08:22:47.708   397   430 W AMessage: failed to post message as target looper for handler 0 is gone.
10-10 08:22:47.762   173  4244 I keystore2: keystore2::watchdog: Watchdog thread idle -> terminating. Have a great day.
10-10 08:22:50.077  4107  4150 I appium  : channel read: GET /session/b0d71319-92d5-46c0-be1d-fb9b21b2348e/source
10-10 08:22:50.077  4107  4150 I appium  : Source command
10-10 08:22:50.077  4107  4150 I appium  : Waiting up to 10000ms for the device to idle
10-10 08:22:50.078  1297  2702 I DialerTaskExecutor: com.android.voicemail.impl.scheduling.TaskExecutor$WorkerThreadHandler.handleMessage:221 executing task com.android.voicemail.impl.ActivationTask@f93f9f8 [CONTEXT enable_persistent_logger=true ]
10-10 08:22:50.079  1297  1297 I DialerLogcatLoggingBindings: com.android.dialer.logging.logcat.LogcatLoggingBindings.logImpression:41 Impression: VVM_ACTIVATION_STARTED
10-10 08:22:50.080  1297  2702 I DialerPreOMigrationHandler: com.android.voicemail.impl.PreOMigrationHandler.migrate:76 ComponentInfo{com.android.phone/com.android.services.telephony.TelephonyConnectionService}, 1, UserHandle{0} already migrated [CONTEXT enable_persistent_logger=true ]
10-10 08:22:50.087  1297  2702 I DialerOmtpVvmCarrierConfigHelper: com.android.voicemail.impl.OmtpVvmCarrierConfigHelper.isCarrierAppInstalled:637 carrier app not installed in this device [CONTEXT ratelimit_period="1 MINUTES [skipped: 4]" ]
10-10 08:22:50.087  1297  2702 I DialerVoicemailStatus: com.android.voicemail.impl.VoicemailStatus$Editor.apply:112 enter
10-10 08:22:50.088  1297  2702 I DialerVoicemailStatusDataServiceImpl: com.android.dialer.voicemailstatus.dataservice.impl.VoicemailStatusDataServiceImpl.insertOrUpdateVoicemailStatus:196 enter
10-10 08:22:50.092  4107  4150 I appium  : AppiumResponse: {"sessionId":"b0d71319-92d5-46c0-be1d-fb9b21b2348e","value":"<?xml version='1.0' encoding='UTF-8' standalone='yes' ?>\r\n<hierarchy index=\"0\" class=\"hierarchy\" rotation=\"0\" width=\"1080\" height=\"2138\">\r\n  <android.widget.FrameLayout index=\"0\" package=\"net.dvpay.app\" class=\"android.wi…
10-10 08:22:50.103  1297  4363 I DialerRestVoicemailEnabledFn: com.android.dialer.voicemail.service.impl.vvmclients.rest.RestVoicemailEnabledFn.isEnabled:51 disabled by flag [CONTEXT ratelimit_period="1 MINUTES [skipped: 23]" ]
10-10 08:22:50.104  1297  4363 I DialerCvvmEnabledFn: com.android.dialer.voicemail.service.impl.vvmclients.omtp.protocol.cvvm.CvvmEnabledFn.isEnabled:37 disabled by flag [CONTEXT ratelimit_period="1 MINUTES [skipped: 11]" ]
10-10 08:22:50.111  1297  4363 W Settings: Setting airplane_mode_on has moved from android.provider.Settings.System to android.provider.Settings.Global, returning read-only value.
10-10 08:22:50.111  1297  4363 I DialerVoicemailStatusDataServiceImpl: com.android.dialer.voicemailstatus.dataservice.impl.VoicemailStatusDataServiceImpl.lambda$insertOrUpdateVoicemailStatus$5:213 merged status: # kee@6600c263
10-10 08:22:50.112  1297  2702 I DialerActivationTask: com.android.voicemail.impl.ActivationTask.onExecuteInBackgroundThread:292 VVM content provider configured - vvm_type_cvvm PhoneAccountHandle: [ComponentName: com.android.phone/com.android.services.telephony.TelephonyConnectionService subId: 1] [CONTEXT enable_persistent_logger=true ]
10-10 08:22:50.113  1297  2702 I DialerActivationTask: com.android.voicemail.impl.ActivationTask.updateVoicemailsWithIccId:477 conversion disabled [CONTEXT enable_persistent_logger=true ]
10-10 08:22:50.113  1297  2702 I DialerOmtpVvmCarrierConfigHelper: com.android.voicemail.impl.OmtpVvmCarrierConfigHelper.handleEvent:527 OmtpEvent:CONFIG_ACTIVATING PhoneAccountHandle: [ComponentName: com.android.phone/com.android.services.telephony.TelephonyConnectionService subId: 1] [CONTEXT enable_persistent_logger=true ]
10-10 08:22:50.113  1297  2702 I DialerVoicemailStatus: com.android.voicemail.impl.VoicemailStatus$Editor.apply:112 enter
10-10 08:22:50.114  1297  2702 I DialerVoicemailStatusDataServiceImpl: com.android.dialer.voicemailstatus.dataservice.impl.VoicemailStatusDataServiceImpl.insertOrUpdateVoicemailStatus:196 enter
10-10 08:22:50.121  1297  4363 W Settings: Setting airplane_mode_on has moved from android.provider.Settings.System to android.provider.Settings.Global, returning read-only value.
10-10 08:22:50.121  1297  4363 I DialerVoicemailStatusDataServiceImpl: com.android.dialer.voicemailstatus.dataservice.impl.VoicemailStatusDataServiceImpl.lambda$insertOrUpdateVoicemailStatus$5:213 merged status: # kee@6600c263
10-10 08:22:50.123  1297  2702 I DialerActivationTask: com.android.voicemail.impl.ActivationTask.onExecuteInBackgroundThread:339 sending an activation request [CONTEXT enable_persistent_logger=true ]
10-10 08:22:50.126   844   903 D SmsNumberUtils: enter filterDestAddr. destAddr="[BajqU4K5_YhSYbs-7QUn0dOwcmI]"
10-10 08:22:50.126   844   903 D SmsNumberUtils: destAddr is not formatted.
10-10 08:22:50.126   844   903 D SmsNumberUtils: leave filterDestAddr, new destAddr="[BajqU4K5_YhSYbs-7QUn0dOwcmI]"
10-10 08:22:50.129  1297  2702 I DialerLogcatLoggingBindings: com.android.dialer.logging.logcat.LogcatLoggingBindings.logImpression:46 Impression: CVVM_SEND_VVM_SMS
10-10 08:22:50.134  1297  1297 I DialerStatusSmsFetcher: com.android.voicemail.impl.sms.StatusSmsFetcher.onReceive:106 Request SMS successfully sent [CONTEXT enable_persistent_logger=true ]
10-10 08:22:50.868  4107  4150 I appium  : channel read: GET /session/b0d71319-92d5-46c0-be1d-fb9b21b2348e/screenshot
10-10 08:22:50.868  4107  4150 I appium  : CaptureScreenshot command
10-10 08:22:50.906  4371  4371 W ProcessState: Extra binder thread started, but 0 threads requested. Do not use *startThreadPool when zero threads are requested.
10-10 08:22:50.915   150   150 I hwservicemanager: getTransport: Cannot find entry android.hardware.graphics.mapper@4.0::IMapper/default in either framework or device VINTF manifest.
10-10 08:22:50.915  4371  4374 I Gralloc4: mapper 4.x is not supported
10-10 08:22:50.922  4371  4374 D HostConnection: HostComposition ext ANDROID_EMU_CHECKSUM_HELPER_v1 ANDROID_EMU_native_sync_v2 ANDROID_EMU_native_sync_v3 ANDROID_EMU_native_sync_v4 ANDROID_EMU_dma_v1 ANDROID_EMU_direct_mem ANDROID_EMU_host_composition_v1 ANDROID_EMU_host_composition_v2 ANDROID_EMU_vulkan ANDROID_EMU_deferred_vulkan_commands ANDROID_EMU_vulkan_null_optional_strings ANDROID_EMU_vulkan_create_resources_with_requirements ANDROID_EMU_YUV_Cache ANDROID_EMU_vulkan_ignored_handles ANDROID_EMU_has_shared_slots_host_memory_allocator ANDROID_EMU_vulkan_free_memory_sync ANDROID_EMU_vulkan_shader_float16_int8 ANDROID_EMU_vulkan_async_queue_submit ANDROID_EMU_vulkan_queue_submit_with_commands ANDROID_EMU_sync_buffer_data ANDROID_EMU_vulkan_async_qsri ANDROID_EMU_read_color_buffer_dma ANDROID_EMU_hwc_multi_configs GL_OES_EGL_image_external_essl3 GL_OES_vertex_array_object ANDROID_EMU_host_side_tracing ANDROID_EMU_gles_max_version_3_0
10-10 08:22:50.998  4107  4150 I appium  : AppiumResponse: {"sessionId":"b0d71319-92d5-46c0-be1d-fb9b21b2348e","value":"iVBORw0KGgoAAAANSUhEUgAABDgAAAkkCAYAAAD508+vAAAAAXNSR0IArs4c6QAAAARzQklUCAgICHwIZIgAACAASURBVHic7N3ZbiNbmvb3Z0VwkiiSmsdUpnKqqj25utpnPnADNmz4qI+6rsPX8t1KHxk2/BltA0YDBVR1VVfVHnJQZmqeJUqcI9b6DsgIkRpSE0lR0v8HaG9JJCOCkpKx4uG73mV+//vfOwEDxDn+JAE…
10-10 08:22:51.768   502   530 D OomAdjuster: Not killing cached processes
10-10 08:22:51.783   887  1332 I NetworkScheduler.Stats: Task com.google.android.gms/com.google.android.gms.ads.jams.NegotiationService started execution. cause:4 exec_start_elapsed_seconds: 163 [CONTEXT service_id=218 ]
10-10 08:22:51.786   887  2469 I NetworkScheduler.Stats: Task com.google.android.gms/com.google.android.gms.ads.jams.NegotiationService finished executing. cause:4 result: 1 elapsed_millis: 11 uptime_millis: 11 exec_start_elapsed_seconds: 163 [CONTEXT service_id=218 ]
10-10 08:22:53.044   401   758 D BufferPoolAccessor2.0: bufferpool2 0xb400007578a422b8 : 0(0 size) total buffers - 0(0 size) used buffers - 94/97 (recycle/alloc) - 3/96 (fetch/transfer)
10-10 08:22:53.044   401   758 D BufferPoolAccessor2.0: evictor expired: 1, evicted: 1
10-10 08:22:53.419   397  4352 D BufferPoolAccessor2.0: bufferpool2 0xb4000072f296c9d8 : 0(0 size) total buffers - 0(0 size) used buffers - 94/102 (recycle/alloc) - 8/198 (fetch/transfer)
10-10 08:22:53.419   397  4352 D BufferPoolAccessor2.0: evictor expired: 1, evicted: 1
10-10 08:22:54.142  4107  4150 I appium  : channel read: GET /session/b0d71319-92d5-46c0-be1d-fb9b21b2348e/source
10-10 08:22:54.142  4107  4150 I appium  : Source command
10-10 08:22:54.142  4107  4150 I appium  : Waiting up to 10000ms for the device to idle
10-10 08:22:54.153  4107  4150 I appium  : AppiumResponse: {"sessionId":"b0d71319-92d5-46c0-be1d-fb9b21b2348e","value":"<?xml version='1.0' encoding='UTF-8' standalone='yes' ?>\r\n<hierarchy index=\"0\" class=\"hierarchy\" rotation=\"0\" width=\"1080\" height=\"2138\">\r\n  <android.widget.FrameLayout index=\"0\" package=\"net.dvpay.app\" class=\"android.wi…
10-10 08:22:55.162  4107  4150 I appium  : channel read: GET /session/b0d71319-92d5-46c0-be1d-fb9b21b2348e/screenshot
10-10 08:22:55.163  4107  4150 I appium  : CaptureScreenshot command
10-10 08:22:55.197  4387  4387 W ProcessState: Extra binder thread started, but 0 threads requested. Do not use *startThreadPool when zero threads are requested.
10-10 08:22:55.203   150   150 I hwservicemanager: getTransport: Cannot find entry android.hardware.graphics.mapper@4.0::IMapper/default in either framework or device VINTF manifest.
10-10 08:22:55.203  4387  4390 I Gralloc4: mapper 4.x is not supported
10-10 08:22:55.207  4387  4390 D HostConnection: HostComposition ext ANDROID_EMU_CHECKSUM_HELPER_v1 ANDROID_EMU_native_sync_v2 ANDROID_EMU_native_sync_v3 ANDROID_EMU_native_sync_v4 ANDROID_EMU_dma_v1 ANDROID_EMU_direct_mem ANDROID_EMU_host_composition_v1 ANDROID_EMU_host_composition_v2 ANDROID_EMU_vulkan ANDROID_EMU_deferred_vulkan_commands ANDROID_EMU_vulkan_null_optional_strings ANDROID_EMU_vulkan_create_resources_with_requirements ANDROID_EMU_YUV_Cache ANDROID_EMU_vulkan_ignored_handles ANDROID_EMU_has_shared_slots_host_memory_allocator ANDROID_EMU_vulkan_free_memory_sync ANDROID_EMU_vulkan_shader_float16_int8 ANDROID_EMU_vulkan_async_queue_submit ANDROID_EMU_vulkan_queue_submit_with_commands ANDROID_EMU_sync_buffer_data ANDROID_EMU_vulkan_async_qsri ANDROID_EMU_read_color_buffer_dma ANDROID_EMU_hwc_multi_configs GL_OES_EGL_image_external_essl3 GL_OES_vertex_array_object ANDROID_EMU_host_side_tracing ANDROID_EMU_gles_max_version_3_0
10-10 08:22:55.279  4107  4150 I appium  : AppiumResponse: {"sessionId":"b0d71319-92d5-46c0-be1d-fb9b21b2348e","value":"iVBORw0KGgoAAAANSUhEUgAABDgAAAkkCAYAAAD508+vAAAAAXNSR0IArs4c6QAAAARzQklUCAgICHwIZIgAACAASURBVHic7N3ZbiNbmvb3Z0VwkiiSmsdUpnKqqj25utpnPnADNmz4qI+6rsPX8t1KHxk2/BltA0YDBVR1VVfVHnJQZmqeJUqcI9b6DsgIkRpSE0lR0v8HaG9JJCOCkpKx4uG73mV+//vfOwEDxDn+JAE…
10-10 08:22:56.407   297   412 I netd    : tetherGetStats() -> {[]} <0.90ms>
10-10 08:22:56.412   297   412 I netd    : bandwidthSetGlobalAlert(2097152) <0.14ms>
10-10 08:22:56.415   297   412 I netd    : bandwidthRemoveInterfaceQuota(eth0) <0.63ms>
10-10 08:22:56.417   297   412 I netd    : bandwidthSetInterfaceQuota(eth0, 9223372036854775807) <1.49ms>
10-10 08:22:56.421   502   618 D NetworkStatsObservers: Registering observer for RequestInfo from pid/uid:502/1000(android) for DataUsageRequest [ requestId=4, networkTemplate=NetworkTemplate: matchRule=MOBILE, matchSubscriberIds=[310260...], matchWifiNetworkKeys=[], metered=YES, defaultNetwork=NO, thresholdInBytes=106217672 ] accessLevel:3
10-10 08:22:56.422   502   713 D NetworkStatsObservers: Unregistering RequestInfo from pid/uid:502/1000(android) for DataUsageRequest [ requestId=3, networkTemplate=NetworkTemplate: matchRule=MOBILE, matchSubscriberIds=[310260...], matchWifiNetworkKeys=[], metered=YES, defaultNetwork=NO, thresholdInBytes=106268599 ] accessLevel:3
10-10 08:22:56.510   297   412 I netd    : tetherGetStats() -> {[]} <0.48ms>
10-10 08:22:57.657  4107  4150 I appium  : channel read: GET /session/b0d71319-92d5-46c0-be1d-fb9b21b2348e/source
10-10 08:22:57.657  4107  4150 I appium  : Source command
10-10 08:22:57.657  4107  4150 I appium  : Waiting up to 10000ms for the device to idle
10-10 08:22:57.669  4107  4150 I appium  : AppiumResponse: {"sessionId":"b0d71319-92d5-46c0-be1d-fb9b21b2348e","value":"<?xml version='1.0' encoding='UTF-8' standalone='yes' ?>\r\n<hierarchy index=\"0\" class=\"hierarchy\" rotation=\"0\" width=\"1080\" height=\"2138\">\r\n  <android.widget.FrameLayout index=\"0\" package=\"net.dvpay.app\" class=\"android.wi…
10-10 08:23:00.016  1483  1726 I AiAiEcho: Predicting[0]:
10-10 08:23:00.016  1483  1726 I AiAiEcho: Ranked targets strategy: SORT, count: 0, ranking metadata:
10-10 08:23:00.017  1483  1726 I AiAiEcho: #postPredictionTargets: Sending updates to UISurface lockscreen with targets# 0
10-10 08:23:00.017  1483  1726 I AiAiEcho: #postPredictionTargets: Sending updates to UISurface home with targets# 0
10-10 08:23:00.018  1483  1726 I AiAiEcho: #postPredictionTargets: Sending updates to UISurface media_data_manager with targets# 0
10-10 08:23:00.026   714   714 D SsMediaDataProvider: Forwarding Smartspace updates []
10-10 08:23:00.033   714   941 D EGL_emulation: app_time_stats: avg=1381.67ms min=12.02ms max=14945.51ms count=11
10-10 08:23:00.821   502  1105 D CompatibilityChangeReporter: Compat change id reported: 197654537; UID 10127; state: ENABLED
10-10 08:23:05.267   502  1105 D OomAdjuster: Not killing cached processes
10-10 08:23:06.273   502  1105 D WifiNl80211Manager: Scan result ready event
10-10 08:23:06.273   502  1105 D WifiNative: Scan result ready event
10-10 08:23:10.211   502   588 W ActivityManager: Unable to start service Intent { act=com.google.android.gms.drive.ApiService.RESET_AFTER_BOOT flg=0x4 cmp=com.google.android.gms/.drive.api.ApiService (has extras) } U=0: not found
10-10 08:23:11.070  4107  4150 I appium  : channel read: GET /session/b0d71319-92d5-46c0-be1d-fb9b21b2348e/source
10-10 08:23:11.071  4107  4150 I appium  : Source command
10-10 08:23:11.071  4107  4150 I appium  : Waiting up to 10000ms for the device to idle
10-10 08:23:11.082  4107  4150 I appium  : AppiumResponse: {"sessionId":"b0d71319-92d5-46c0-be1d-fb9b21b2348e","value":"<?xml version='1.0' encoding='UTF-8' standalone='yes' ?>\r\n<hierarchy index=\"0\" class=\"hierarchy\" rotation=\"0\" width=\"1080\" height=\"2138\">\r\n  <android.widget.FrameLayout index=\"0\" package=\"net.dvpay.app\" class=\"android.wi…
10-10 08:23:12.085  4107  4150 I appium  : channel read: GET /session/b0d71319-92d5-46c0-be1d-fb9b21b2348e/screenshot
10-10 08:23:12.085  4107  4150 I appium  : CaptureScreenshot command
10-10 08:23:12.122  4406  4406 W ProcessState: Extra binder thread started, but 0 threads requested. Do not use *startThreadPool when zero threads are requested.
10-10 08:23:12.128   150   150 I hwservicemanager: getTransport: Cannot find entry android.hardware.graphics.mapper@4.0::IMapper/default in either framework or device VINTF manifest.
10-10 08:23:12.128  4406  4409 I Gralloc4: mapper 4.x is not supported
10-10 08:23:12.133  4406  4409 D HostConnection: HostComposition ext ANDROID_EMU_CHECKSUM_HELPER_v1 ANDROID_EMU_native_sync_v2 ANDROID_EMU_native_sync_v3 ANDROID_EMU_native_sync_v4 ANDROID_EMU_dma_v1 ANDROID_EMU_direct_mem ANDROID_EMU_host_composition_v1 ANDROID_EMU_host_composition_v2 ANDROID_EMU_vulkan ANDROID_EMU_deferred_vulkan_commands ANDROID_EMU_vulkan_null_optional_strings ANDROID_EMU_vulkan_create_resources_with_requirements ANDROID_EMU_YUV_Cache ANDROID_EMU_vulkan_ignored_handles ANDROID_EMU_has_shared_slots_host_memory_allocator ANDROID_EMU_vulkan_free_memory_sync ANDROID_EMU_vulkan_shader_float16_int8 ANDROID_EMU_vulkan_async_queue_submit ANDROID_EMU_vulkan_queue_submit_with_commands ANDROID_EMU_sync_buffer_data ANDROID_EMU_vulkan_async_qsri ANDROID_EMU_read_color_buffer_dma ANDROID_EMU_hwc_multi_configs GL_OES_EGL_image_external_essl3 GL_OES_vertex_array_object ANDROID_EMU_host_side_tracing ANDROID_EMU_gles_max_version_3_0
10-10 08:23:12.203  4107  4150 I appium  : AppiumResponse: {"sessionId":"b0d71319-92d5-46c0-be1d-fb9b21b2348e","value":"iVBORw0KGgoAAAANSUhEUgAABDgAAAkkCAYAAAD508+vAAAAAXNSR0IArs4c6QAAAARzQklUCAgICHwIZIgAACAASURBVHic7N1ZbyNZnvf334ngJlEktSslpXKt6u6q6nLPzKUvPIANG76aq2deh1/L81bmyrDhxxgbMAYYoHt6ZrpryUWZqX2XSHGPOMcXZIRISkptJEVJ3w+gqpREBoNKJc+JH//nf8w//uM/OgEjxDl…
10-10 08:23:13.963  4107  4150 I appium  : channel read: POST /session/b0d71319-92d5-46c0-be1d-fb9b21b2348e/actions
10-10 08:23:13.963  4107  4150 I appium  : W3CActions command
10-10 08:23:14.260   502   593 W InputDispatcher: Not sending touch gesture to 2aaf28 ActivityRecordInputSink net.dvpay.app/.MainActivity because it is not responsive
10-10 08:23:14.265  4107  4150 I appium  : [185802 (success)] Synthesized: MotionEvent { action=ACTION_DOWN, actionButton=0, id[0]=0, x[0]=1363.0, y[0]=540.0, toolType[0]=TOOL_TYPE_FINGER, buttonState=0, classification=NONE, metaState=0, flags=0x0, edgeFlags=0x0, pointerCount=1, historySize=0, eventTime=185802, downTime=185779, deviceId=0, source=0x1002, displayId=0, eventId=-371039676 }
10-10 08:23:14.268  1022  1022 D TaplEvents: TIS / TouchInteractionService.onInputEvent: MotionEvent { action=ACTION_DOWN, actionButton=0, id[0]=0, x[0]=1363.0, y[0]=540.0, toolType[0]=TOOL_TYPE_FINGER, buttonState=0, classification=NONE, metaState=0, flags=0x0, edgeFlags=0x0, pointerCount=1, historySize=0, eventTime=185802, downTime=185779, deviceId=-1, source=0x1002, displayId=0, eventId=-371039676 }
10-10 08:23:14.270   714   833 D ShellBackPreview: Finishing gesture with event action: 1
10-10 08:23:14.270   714   833 D ShellBackPreview: onGestureFinished() mTriggerBack == false
10-10 08:23:14.270   714   833 D ShellBackPreview: BackAnimationController: finishAnimation()
10-10 08:23:14.272   343   426 I BpBinder: onLastStrongRef automatically unlinking death recipients: <uncached descriptor>
10-10 08:23:14.273  1022  1022 D TaplEvents: TIS / TouchInteractionService.onInputEvent: MotionEvent { action=ACTION_UP, actionButton=0, id[0]=0, x[0]=1363.0, y[0]=540.0, toolType[0]=TOOL_TYPE_FINGER, buttonState=0, classification=NONE, metaState=0, flags=0x0, edgeFlags=0x0, pointerCount=1, historySize=0, eventTime=185820, downTime=185779, deviceId=-1, source=0x1002, displayId=0, eventId=-692713465 }
10-10 08:23:14.315  4107  4150 I appium  : [185820 (success)] Synthesized: MotionEvent { action=ACTION_UP, actionButton=0, id[0]=0, x[0]=1363.0, y[0]=540.0, toolType[0]=TOOL_TYPE_FINGER, buttonState=0, classification=NONE, metaState=0, flags=0x0, edgeFlags=0x0, pointerCount=1, historySize=0, eventTime=185820, downTime=185779, deviceId=0, source=0x1002, displayId=0, eventId=-692713465 }
10-10 08:23:14.315  4107  4150 I appium  : The event has been delayed for 50ms
10-10 08:23:14.316  4107  4150 I appium  : AppiumResponse: {"sessionId":"b0d71319-92d5-46c0-be1d-fb9b21b2348e","value":null}
10-10 08:23:16.087  4107  4150 I appium  : channel read: GET /session/b0d71319-92d5-46c0-be1d-fb9b21b2348e/source
10-10 08:23:16.088  4107  4150 I appium  : Source command
10-10 08:23:16.088  4107  4150 I appium  : Waiting up to 10000ms for the device to idle
10-10 08:23:16.097  4107  4150 I appium  : AppiumResponse: {"sessionId":"b0d71319-92d5-46c0-be1d-fb9b21b2348e","value":"<?xml version='1.0' encoding='UTF-8' standalone='yes' ?>\r\n<hierarchy index=\"0\" class=\"hierarchy\" rotation=\"0\" width=\"1080\" height=\"2138\">\r\n  <android.widget.FrameLayout index=\"0\" package=\"net.dvpay.app\" class=\"android.wi…
10-10 08:23:16.461   502   627 D ConnectivityService: releasing NetworkRequest [ REQUEST id=115, [ Transports: CELLULAR Capabilities: INTERNET&NOT_RESTRICTED&TRUSTED&NOT_VPN&NOT_VCN_MANAGED Uid: 10120 RequestorUid: 10120 RequestorPkg: com.google.android.googlequicksearchbox UnderlyingNetworks: Null] ] (release request)
10-10 08:23:16.462   502   627 I ConnectivityService: Update capabilities for net 100 : -FOREGROUND
10-10 08:23:16.464   297   412 I netd    : networkSetPermissionForNetwork(100, 1) <1.91ms>
10-10 08:23:17.102  4107  4150 I appium  : channel read: GET /session/b0d71319-92d5-46c0-be1d-fb9b21b2348e/screenshot
10-10 08:23:17.103  4107  4150 I appium  : CaptureScreenshot command
10-10 08:23:17.140  4426  4426 W ProcessState: Extra binder thread started, but 0 threads requested. Do not use *startThreadPool when zero threads are requested.
10-10 08:23:17.146   150   150 I hwservicemanager: getTransport: Cannot find entry android.hardware.graphics.mapper@4.0::IMapper/default in either framework or device VINTF manifest.
10-10 08:23:17.146  4426  4429 I Gralloc4: mapper 4.x is not supported
10-10 08:23:17.150  4426  4429 D HostConnection: HostComposition ext ANDROID_EMU_CHECKSUM_HELPER_v1 ANDROID_EMU_native_sync_v2 ANDROID_EMU_native_sync_v3 ANDROID_EMU_native_sync_v4 ANDROID_EMU_dma_v1 ANDROID_EMU_direct_mem ANDROID_EMU_host_composition_v1 ANDROID_EMU_host_composition_v2 ANDROID_EMU_vulkan ANDROID_EMU_deferred_vulkan_commands ANDROID_EMU_vulkan_null_optional_strings ANDROID_EMU_vulkan_create_resources_with_requirements ANDROID_EMU_YUV_Cache ANDROID_EMU_vulkan_ignored_handles ANDROID_EMU_has_shared_slots_host_memory_allocator ANDROID_EMU_vulkan_free_memory_sync ANDROID_EMU_vulkan_shader_float16_int8 ANDROID_EMU_vulkan_async_queue_submit ANDROID_EMU_vulkan_queue_submit_with_commands ANDROID_EMU_sync_buffer_data ANDROID_EMU_vulkan_async_qsri ANDROID_EMU_read_color_buffer_dma ANDROID_EMU_hwc_multi_configs GL_OES_EGL_image_external_essl3 GL_OES_vertex_array_object ANDROID_EMU_host_side_tracing ANDROID_EMU_gles_max_version_3_0
10-10 08:23:17.219  4107  4150 I appium  : AppiumResponse: {"sessionId":"b0d71319-92d5-46c0-be1d-fb9b21b2348e","value":"iVBORw0KGgoAAAANSUhEUgAABDgAAAkkCAYAAAD508+vAAAAAXNSR0IArs4c6QAAAARzQklUCAgICHwIZIgAACAASURBVHic7N1ZbyNZnvf334ngJlEktSslpXKt6u6q6nLPzKUvPIANG76aq2deh1/L81bmyrDhxxgbMAYYoHt6ZrpryUWZqX2XSHGPOMcXZIRISkptJEVJ3w+gqpREBoNKJc+JH//nf8w//uM/OgEjxDl…
10-10 08:23:17.712  4107  4150 I appium  : channel read: GET /session/b0d71319-92d5-46c0-be1d-fb9b21b2348e/source
10-10 08:23:17.712  4107  4150 I appium  : Source command
10-10 08:23:17.712  4107  4150 I appium  : Waiting up to 10000ms for the device to idle
10-10 08:23:17.723  4107  4150 I appium  : AppiumResponse: {"sessionId":"b0d71319-92d5-46c0-be1d-fb9b21b2348e","value":"<?xml version='1.0' encoding='UTF-8' standalone='yes' ?>\r\n<hierarchy index=\"0\" class=\"hierarchy\" rotation=\"0\" width=\"1080\" height=\"2138\">\r\n  <android.widget.FrameLayout index=\"0\" package=\"net.dvpay.app\" class=\"android.wi…
10-10 08:23:27.678  4107  4150 I appium  : channel read: GET /session/b0d71319-92d5-46c0-be1d-fb9b21b2348e/source
10-10 08:23:27.678  4107  4150 I appium  : Source command
10-10 08:23:27.678  4107  4150 I appium  : Waiting up to 10000ms for the device to idle
10-10 08:23:27.686  4196  4213 W net.dvpay.app: Checksum mismatch for dex base.apk!classes3.dex
10-10 08:23:27.686  4196  4213 W net.dvpay.app: Could not add methods to the existing profiler. Clearing the profile data.
